Archive member included to satisfy reference by file (symbol)

/home/khorton/st/stm32cubeide_1.8.0/plugins/com.st.stm32cube.ide.mcu.externaltools.gnu-tools-for-stm32.9-2020-q2-update.linux64_2.0.0.202105311346/tools/bin/../lib/gcc/arm-none-eabi/9.3.1/../../../../arm-none-eabi/lib/thumb/v7e-m/nofp/libc_nano.a(lib_a-errno.o)
                              ./Src/syscalls.o (__errno)
/home/khorton/st/stm32cubeide_1.8.0/plugins/com.st.stm32cube.ide.mcu.externaltools.gnu-tools-for-stm32.9-2020-q2-update.linux64_2.0.0.202105311346/tools/bin/../lib/gcc/arm-none-eabi/9.3.1/../../../../arm-none-eabi/lib/thumb/v7e-m/nofp/libc_nano.a(lib_a-exit.o)
                              /home/khorton/st/stm32cubeide_1.8.0/plugins/com.st.stm32cube.ide.mcu.externaltools.gnu-tools-for-stm32.9-2020-q2-update.linux64_2.0.0.202105311346/tools/bin/../lib/gcc/arm-none-eabi/9.3.1/../../../../arm-none-eabi/lib/thumb/v7e-m/nofp/crt0.o (exit)
/home/khorton/st/stm32cubeide_1.8.0/plugins/com.st.stm32cube.ide.mcu.externaltools.gnu-tools-for-stm32.9-2020-q2-update.linux64_2.0.0.202105311346/tools/bin/../lib/gcc/arm-none-eabi/9.3.1/../../../../arm-none-eabi/lib/thumb/v7e-m/nofp/libc_nano.a(lib_a-impure.o)
                              /home/khorton/st/stm32cubeide_1.8.0/plugins/com.st.stm32cube.ide.mcu.externaltools.gnu-tools-for-stm32.9-2020-q2-update.linux64_2.0.0.202105311346/tools/bin/../lib/gcc/arm-none-eabi/9.3.1/../../../../arm-none-eabi/lib/thumb/v7e-m/nofp/libc_nano.a(lib_a-exit.o) (_global_impure_ptr)
/home/khorton/st/stm32cubeide_1.8.0/plugins/com.st.stm32cube.ide.mcu.externaltools.gnu-tools-for-stm32.9-2020-q2-update.linux64_2.0.0.202105311346/tools/bin/../lib/gcc/arm-none-eabi/9.3.1/../../../../arm-none-eabi/lib/thumb/v7e-m/nofp/libc_nano.a(lib_a-init.o)
                              /home/khorton/st/stm32cubeide_1.8.0/plugins/com.st.stm32cube.ide.mcu.externaltools.gnu-tools-for-stm32.9-2020-q2-update.linux64_2.0.0.202105311346/tools/bin/../lib/gcc/arm-none-eabi/9.3.1/../../../../arm-none-eabi/lib/thumb/v7e-m/nofp/crt0.o (__libc_init_array)
/home/khorton/st/stm32cubeide_1.8.0/plugins/com.st.stm32cube.ide.mcu.externaltools.gnu-tools-for-stm32.9-2020-q2-update.linux64_2.0.0.202105311346/tools/bin/../lib/gcc/arm-none-eabi/9.3.1/../../../../arm-none-eabi/lib/thumb/v7e-m/nofp/libc_nano.a(lib_a-memset.o)
                              /home/khorton/st/stm32cubeide_1.8.0/plugins/com.st.stm32cube.ide.mcu.externaltools.gnu-tools-for-stm32.9-2020-q2-update.linux64_2.0.0.202105311346/tools/bin/../lib/gcc/arm-none-eabi/9.3.1/../../../../arm-none-eabi/lib/thumb/v7e-m/nofp/crt0.o (memset)

Discarded input sections

 .text          0x0000000000000000        0x0 /home/khorton/st/stm32cubeide_1.8.0/plugins/com.st.stm32cube.ide.mcu.externaltools.gnu-tools-for-stm32.9-2020-q2-update.linux64_2.0.0.202105311346/tools/bin/../lib/gcc/arm-none-eabi/9.3.1/thumb/v7e-m/nofp/crti.o
 .data          0x0000000000000000        0x0 /home/khorton/st/stm32cubeide_1.8.0/plugins/com.st.stm32cube.ide.mcu.externaltools.gnu-tools-for-stm32.9-2020-q2-update.linux64_2.0.0.202105311346/tools/bin/../lib/gcc/arm-none-eabi/9.3.1/thumb/v7e-m/nofp/crti.o
 .bss           0x0000000000000000        0x0 /home/khorton/st/stm32cubeide_1.8.0/plugins/com.st.stm32cube.ide.mcu.externaltools.gnu-tools-for-stm32.9-2020-q2-update.linux64_2.0.0.202105311346/tools/bin/../lib/gcc/arm-none-eabi/9.3.1/thumb/v7e-m/nofp/crti.o
 .data          0x0000000000000000        0x4 /home/khorton/st/stm32cubeide_1.8.0/plugins/com.st.stm32cube.ide.mcu.externaltools.gnu-tools-for-stm32.9-2020-q2-update.linux64_2.0.0.202105311346/tools/bin/../lib/gcc/arm-none-eabi/9.3.1/thumb/v7e-m/nofp/crtbegin.o
 .text          0x0000000000000000       0x7c /home/khorton/st/stm32cubeide_1.8.0/plugins/com.st.stm32cube.ide.mcu.externaltools.gnu-tools-for-stm32.9-2020-q2-update.linux64_2.0.0.202105311346/tools/bin/../lib/gcc/arm-none-eabi/9.3.1/../../../../arm-none-eabi/lib/thumb/v7e-m/nofp/crt0.o
 .data          0x0000000000000000        0x0 /home/khorton/st/stm32cubeide_1.8.0/plugins/com.st.stm32cube.ide.mcu.externaltools.gnu-tools-for-stm32.9-2020-q2-update.linux64_2.0.0.202105311346/tools/bin/../lib/gcc/arm-none-eabi/9.3.1/../../../../arm-none-eabi/lib/thumb/v7e-m/nofp/crt0.o
 .bss           0x0000000000000000        0x0 /home/khorton/st/stm32cubeide_1.8.0/plugins/com.st.stm32cube.ide.mcu.externaltools.gnu-tools-for-stm32.9-2020-q2-update.linux64_2.0.0.202105311346/tools/bin/../lib/gcc/arm-none-eabi/9.3.1/../../../../arm-none-eabi/lib/thumb/v7e-m/nofp/crt0.o
 .ARM.extab     0x0000000000000000        0x0 /home/khorton/st/stm32cubeide_1.8.0/plugins/com.st.stm32cube.ide.mcu.externaltools.gnu-tools-for-stm32.9-2020-q2-update.linux64_2.0.0.202105311346/tools/bin/../lib/gcc/arm-none-eabi/9.3.1/../../../../arm-none-eabi/lib/thumb/v7e-m/nofp/crt0.o
 .ARM.exidx     0x0000000000000000       0x10 /home/khorton/st/stm32cubeide_1.8.0/plugins/com.st.stm32cube.ide.mcu.externaltools.gnu-tools-for-stm32.9-2020-q2-update.linux64_2.0.0.202105311346/tools/bin/../lib/gcc/arm-none-eabi/9.3.1/../../../../arm-none-eabi/lib/thumb/v7e-m/nofp/crt0.o
 .ARM.attributes
                0x0000000000000000       0x1c /home/khorton/st/stm32cubeide_1.8.0/plugins/com.st.stm32cube.ide.mcu.externaltools.gnu-tools-for-stm32.9-2020-q2-update.linux64_2.0.0.202105311346/tools/bin/../lib/gcc/arm-none-eabi/9.3.1/../../../../arm-none-eabi/lib/thumb/v7e-m/nofp/crt0.o
 .group         0x0000000000000000        0xc ./Drivers/Src/stm32f407xx_adc_driver.o
 .group         0x0000000000000000        0xc ./Drivers/Src/stm32f407xx_adc_driver.o
 .group         0x0000000000000000        0xc ./Drivers/Src/stm32f407xx_adc_driver.o
 .group         0x0000000000000000        0xc ./Drivers/Src/stm32f407xx_adc_driver.o
 .group         0x0000000000000000        0xc ./Drivers/Src/stm32f407xx_adc_driver.o
 .group         0x0000000000000000        0xc ./Drivers/Src/stm32f407xx_adc_driver.o
 .group         0x0000000000000000        0xc ./Drivers/Src/stm32f407xx_adc_driver.o
 .group         0x0000000000000000        0xc ./Drivers/Src/stm32f407xx_adc_driver.o
 .group         0x0000000000000000        0xc ./Drivers/Src/stm32f407xx_adc_driver.o
 .group         0x0000000000000000        0xc ./Drivers/Src/stm32f407xx_adc_driver.o
 .group         0x0000000000000000        0xc ./Drivers/Src/stm32f407xx_adc_driver.o
 .group         0x0000000000000000        0xc ./Drivers/Src/stm32f407xx_adc_driver.o
 .text          0x0000000000000000        0x0 ./Drivers/Src/stm32f407xx_adc_driver.o
 .data          0x0000000000000000        0x0 ./Drivers/Src/stm32f407xx_adc_driver.o
 .bss           0x0000000000000000        0x0 ./Drivers/Src/stm32f407xx_adc_driver.o
 .group         0x0000000000000000        0xc ./Drivers/Src/stm32f407xx_gpio_driver.o
 .group         0x0000000000000000        0xc ./Drivers/Src/stm32f407xx_gpio_driver.o
 .group         0x0000000000000000        0xc ./Drivers/Src/stm32f407xx_gpio_driver.o
 .group         0x0000000000000000        0xc ./Drivers/Src/stm32f407xx_gpio_driver.o
 .group         0x0000000000000000        0xc ./Drivers/Src/stm32f407xx_gpio_driver.o
 .group         0x0000000000000000        0xc ./Drivers/Src/stm32f407xx_gpio_driver.o
 .group         0x0000000000000000        0xc ./Drivers/Src/stm32f407xx_gpio_driver.o
 .group         0x0000000000000000        0xc ./Drivers/Src/stm32f407xx_gpio_driver.o
 .group         0x0000000000000000        0xc ./Drivers/Src/stm32f407xx_gpio_driver.o
 .group         0x0000000000000000        0xc ./Drivers/Src/stm32f407xx_gpio_driver.o
 .group         0x0000000000000000        0xc ./Drivers/Src/stm32f407xx_gpio_driver.o
 .group         0x0000000000000000        0xc ./Drivers/Src/stm32f407xx_gpio_driver.o
 .group         0x0000000000000000        0xc ./Drivers/Src/stm32f407xx_gpio_driver.o
 .group         0x0000000000000000        0xc ./Drivers/Src/stm32f407xx_gpio_driver.o
 .group         0x0000000000000000        0xc ./Drivers/Src/stm32f407xx_gpio_driver.o
 .group         0x0000000000000000        0xc ./Drivers/Src/stm32f407xx_gpio_driver.o
 .group         0x0000000000000000        0xc ./Drivers/Src/stm32f407xx_gpio_driver.o
 .group         0x0000000000000000        0xc ./Drivers/Src/stm32f407xx_gpio_driver.o
 .group         0x0000000000000000        0xc ./Drivers/Src/stm32f407xx_gpio_driver.o
 .group         0x0000000000000000        0xc ./Drivers/Src/stm32f407xx_gpio_driver.o
 .group         0x0000000000000000        0xc ./Drivers/Src/stm32f407xx_gpio_driver.o
 .group         0x0000000000000000        0xc ./Drivers/Src/stm32f407xx_gpio_driver.o
 .group         0x0000000000000000        0xc ./Drivers/Src/stm32f407xx_gpio_driver.o
 .group         0x0000000000000000        0xc ./Drivers/Src/stm32f407xx_gpio_driver.o
 .group         0x0000000000000000        0xc ./Drivers/Src/stm32f407xx_gpio_driver.o
 .group         0x0000000000000000        0xc ./Drivers/Src/stm32f407xx_gpio_driver.o
 .group         0x0000000000000000        0xc ./Drivers/Src/stm32f407xx_gpio_driver.o
 .group         0x0000000000000000        0xc ./Drivers/Src/stm32f407xx_gpio_driver.o
 .group         0x0000000000000000        0xc ./Drivers/Src/stm32f407xx_gpio_driver.o
 .group         0x0000000000000000        0xc ./Drivers/Src/stm32f407xx_gpio_driver.o
 .group         0x0000000000000000        0xc ./Drivers/Src/stm32f407xx_gpio_driver.o
 .group         0x0000000000000000        0xc ./Drivers/Src/stm32f407xx_gpio_driver.o
 .group         0x0000000000000000        0xc ./Drivers/Src/stm32f407xx_gpio_driver.o
 .group         0x0000000000000000        0xc ./Drivers/Src/stm32f407xx_gpio_driver.o
 .group         0x0000000000000000        0xc ./Drivers/Src/stm32f407xx_gpio_driver.o
 .group         0x0000000000000000        0xc ./Drivers/Src/stm32f407xx_gpio_driver.o
 .group         0x0000000000000000        0xc ./Drivers/Src/stm32f407xx_gpio_driver.o
 .group         0x0000000000000000        0xc ./Drivers/Src/stm32f407xx_gpio_driver.o
 .group         0x0000000000000000        0xc ./Drivers/Src/stm32f407xx_gpio_driver.o
 .text          0x0000000000000000        0x0 ./Drivers/Src/stm32f407xx_gpio_driver.o
 .data          0x0000000000000000        0x0 ./Drivers/Src/stm32f407xx_gpio_driver.o
 .bss           0x0000000000000000        0x0 ./Drivers/Src/stm32f407xx_gpio_driver.o
 .text._ZN4Gpio6DeInitEP13GPIO_RegDef_t
                0x0000000000000000       0x7c ./Drivers/Src/stm32f407xx_gpio_driver.o
 .text._ZN4Gpio16ReadFromInputPinEP13GPIO_RegDef_th
                0x0000000000000000       0x28 ./Drivers/Src/stm32f407xx_gpio_driver.o
 .text._ZN4Gpio17ReadFromInputPortEP13GPIO_RegDef_t
                0x0000000000000000       0x18 ./Drivers/Src/stm32f407xx_gpio_driver.o
 .text._ZN4Gpio17WriteToOutputPortEP13GPIO_RegDef_tt
                0x0000000000000000       0x22 ./Drivers/Src/stm32f407xx_gpio_driver.o
 .text._ZN4Gpio9IRQConfigEhhh
                0x0000000000000000       0x1c ./Drivers/Src/stm32f407xx_gpio_driver.o
 .text._ZN4Gpio11IRQHandlingEv
                0x0000000000000000        0xc ./Drivers/Src/stm32f407xx_gpio_driver.o
 .text._ZN4Gpio9resetEXTIEh
                0x0000000000000000       0x50 ./Drivers/Src/stm32f407xx_gpio_driver.o
 .debug_macro   0x0000000000000000      0xb7a ./Drivers/Src/stm32f407xx_gpio_driver.o
 .debug_macro   0x0000000000000000      0x17b ./Drivers/Src/stm32f407xx_gpio_driver.o
 .debug_macro   0x0000000000000000       0x1c ./Drivers/Src/stm32f407xx_gpio_driver.o
 .debug_macro   0x0000000000000000       0x22 ./Drivers/Src/stm32f407xx_gpio_driver.o
 .debug_macro   0x0000000000000000       0x8e ./Drivers/Src/stm32f407xx_gpio_driver.o
 .debug_macro   0x0000000000000000       0x51 ./Drivers/Src/stm32f407xx_gpio_driver.o
 .debug_macro   0x0000000000000000      0x103 ./Drivers/Src/stm32f407xx_gpio_driver.o
 .debug_macro   0x0000000000000000       0x6a ./Drivers/Src/stm32f407xx_gpio_driver.o
 .debug_macro   0x0000000000000000      0x1df ./Drivers/Src/stm32f407xx_gpio_driver.o
 .debug_macro   0x0000000000000000      0x6ce ./Drivers/Src/stm32f407xx_gpio_driver.o
 .debug_macro   0x0000000000000000      0x12a ./Drivers/Src/stm32f407xx_gpio_driver.o
 .group         0x0000000000000000        0xc ./Drivers/Src/stm32f407xx_i2c_driver.o
 .text          0x0000000000000000        0x0 ./Drivers/Src/stm32f407xx_i2c_driver.o
 .data          0x0000000000000000        0x0 ./Drivers/Src/stm32f407xx_i2c_driver.o
 .bss           0x0000000000000000        0x0 ./Drivers/Src/stm32f407xx_i2c_driver.o
 .debug_info    0x0000000000000000       0x21 ./Drivers/Src/stm32f407xx_i2c_driver.o
 .debug_abbrev  0x0000000000000000       0x13 ./Drivers/Src/stm32f407xx_i2c_driver.o
 .debug_aranges
                0x0000000000000000       0x18 ./Drivers/Src/stm32f407xx_i2c_driver.o
 .debug_macro   0x0000000000000000       0x11 ./Drivers/Src/stm32f407xx_i2c_driver.o
 .debug_macro   0x0000000000000000      0xb7a ./Drivers/Src/stm32f407xx_i2c_driver.o
 .debug_line    0x0000000000000000       0x4a ./Drivers/Src/stm32f407xx_i2c_driver.o
 .debug_str     0x0000000000000000     0x3197 ./Drivers/Src/stm32f407xx_i2c_driver.o
 .comment       0x0000000000000000       0x54 ./Drivers/Src/stm32f407xx_i2c_driver.o
 .ARM.attributes
                0x0000000000000000       0x33 ./Drivers/Src/stm32f407xx_i2c_driver.o
 .group         0x0000000000000000        0xc ./Drivers/Src/stm32f407xx_usart_driver.o
 .group         0x0000000000000000        0xc ./Drivers/Src/stm32f407xx_usart_driver.o
 .group         0x0000000000000000        0xc ./Drivers/Src/stm32f407xx_usart_driver.o
 .group         0x0000000000000000        0xc ./Drivers/Src/stm32f407xx_usart_driver.o
 .group         0x0000000000000000        0xc ./Drivers/Src/stm32f407xx_usart_driver.o
 .group         0x0000000000000000        0xc ./Drivers/Src/stm32f407xx_usart_driver.o
 .group         0x0000000000000000        0xc ./Drivers/Src/stm32f407xx_usart_driver.o
 .group         0x0000000000000000        0xc ./Drivers/Src/stm32f407xx_usart_driver.o
 .group         0x0000000000000000        0xc ./Drivers/Src/stm32f407xx_usart_driver.o
 .group         0x0000000000000000        0xc ./Drivers/Src/stm32f407xx_usart_driver.o
 .group         0x0000000000000000        0xc ./Drivers/Src/stm32f407xx_usart_driver.o
 .group         0x0000000000000000        0xc ./Drivers/Src/stm32f407xx_usart_driver.o
 .text          0x0000000000000000        0x0 ./Drivers/Src/stm32f407xx_usart_driver.o
 .data          0x0000000000000000        0x0 ./Drivers/Src/stm32f407xx_usart_driver.o
 .bss           0x0000000000000000        0x0 ./Drivers/Src/stm32f407xx_usart_driver.o
 .debug_macro   0x0000000000000000      0xb7a ./Drivers/Src/stm32f407xx_usart_driver.o
 .debug_macro   0x0000000000000000      0x17b ./Drivers/Src/stm32f407xx_usart_driver.o
 .debug_macro   0x0000000000000000       0x1c ./Drivers/Src/stm32f407xx_usart_driver.o
 .debug_macro   0x0000000000000000       0x22 ./Drivers/Src/stm32f407xx_usart_driver.o
 .debug_macro   0x0000000000000000       0x8e ./Drivers/Src/stm32f407xx_usart_driver.o
 .debug_macro   0x0000000000000000       0x51 ./Drivers/Src/stm32f407xx_usart_driver.o
 .debug_macro   0x0000000000000000      0x103 ./Drivers/Src/stm32f407xx_usart_driver.o
 .debug_macro   0x0000000000000000       0x6a ./Drivers/Src/stm32f407xx_usart_driver.o
 .debug_macro   0x0000000000000000      0x1df ./Drivers/Src/stm32f407xx_usart_driver.o
 .debug_macro   0x0000000000000000      0x6ce ./Drivers/Src/stm32f407xx_usart_driver.o
 .debug_macro   0x0000000000000000      0x12a ./Drivers/Src/stm32f407xx_usart_driver.o
 .debug_macro   0x0000000000000000       0x16 ./Drivers/Src/stm32f407xx_usart_driver.o
 .group         0x0000000000000000        0xc ./Src/main.o
 .group         0x0000000000000000        0xc ./Src/main.o
 .group         0x0000000000000000        0xc ./Src/main.o
 .group         0x0000000000000000        0xc ./Src/main.o
 .group         0x0000000000000000        0xc ./Src/main.o
 .group         0x0000000000000000        0xc ./Src/main.o
 .group         0x0000000000000000        0xc ./Src/main.o
 .group         0x0000000000000000        0xc ./Src/main.o
 .group         0x0000000000000000        0xc ./Src/main.o
 .group         0x0000000000000000        0xc ./Src/main.o
 .group         0x0000000000000000        0xc ./Src/main.o
 .group         0x0000000000000000        0xc ./Src/main.o
 .group         0x0000000000000000        0xc ./Src/main.o
 .group         0x0000000000000000        0xc ./Src/main.o
 .group         0x0000000000000000        0xc ./Src/main.o
 .group         0x0000000000000000        0xc ./Src/main.o
 .group         0x0000000000000000        0xc ./Src/main.o
 .group         0x0000000000000000        0xc ./Src/main.o
 .group         0x0000000000000000        0xc ./Src/main.o
 .group         0x0000000000000000        0xc ./Src/main.o
 .group         0x0000000000000000        0xc ./Src/main.o
 .group         0x0000000000000000        0xc ./Src/main.o
 .group         0x0000000000000000        0xc ./Src/main.o
 .group         0x0000000000000000        0xc ./Src/main.o
 .group         0x0000000000000000        0xc ./Src/main.o
 .group         0x0000000000000000        0xc ./Src/main.o
 .group         0x0000000000000000        0xc ./Src/main.o
 .group         0x0000000000000000        0xc ./Src/main.o
 .group         0x0000000000000000        0xc ./Src/main.o
 .group         0x0000000000000000        0xc ./Src/main.o
 .group         0x0000000000000000        0xc ./Src/main.o
 .group         0x0000000000000000        0xc ./Src/main.o
 .group         0x0000000000000000        0xc ./Src/main.o
 .group         0x0000000000000000        0xc ./Src/main.o
 .group         0x0000000000000000        0xc ./Src/main.o
 .text          0x0000000000000000        0x0 ./Src/main.o
 .data          0x0000000000000000        0x0 ./Src/main.o
 .bss           0x0000000000000000        0x0 ./Src/main.o
 .debug_macro   0x0000000000000000      0xb7a ./Src/main.o
 .debug_macro   0x0000000000000000       0x1c ./Src/main.o
 .debug_macro   0x0000000000000000       0x22 ./Src/main.o
 .debug_macro   0x0000000000000000       0x8e ./Src/main.o
 .debug_macro   0x0000000000000000       0x51 ./Src/main.o
 .debug_macro   0x0000000000000000      0x103 ./Src/main.o
 .debug_macro   0x0000000000000000       0x6a ./Src/main.o
 .debug_macro   0x0000000000000000      0x1df ./Src/main.o
 .debug_macro   0x0000000000000000       0x18 ./Src/main.o
 .debug_macro   0x0000000000000000       0x52 ./Src/main.o
 .debug_macro   0x0000000000000000       0x3c ./Src/main.o
 .debug_macro   0x0000000000000000       0x34 ./Src/main.o
 .debug_macro   0x0000000000000000       0x16 ./Src/main.o
 .debug_macro   0x0000000000000000       0x43 ./Src/main.o
 .debug_macro   0x0000000000000000       0x34 ./Src/main.o
 .debug_macro   0x0000000000000000       0x10 ./Src/main.o
 .debug_macro   0x0000000000000000       0x58 ./Src/main.o
 .debug_macro   0x0000000000000000       0x71 ./Src/main.o
 .debug_macro   0x0000000000000000       0x16 ./Src/main.o
 .debug_macro   0x0000000000000000      0x12a ./Src/main.o
 .debug_macro   0x0000000000000000      0x35c ./Src/main.o
 .debug_macro   0x0000000000000000      0x6ce ./Src/main.o
 .debug_macro   0x0000000000000000      0x12a ./Src/main.o
 .debug_macro   0x0000000000000000       0x1c ./Src/main.o
 .group         0x0000000000000000        0xc ./Src/syscalls.o
 .group         0x0000000000000000        0xc ./Src/syscalls.o
 .group         0x0000000000000000        0xc ./Src/syscalls.o
 .group         0x0000000000000000        0xc ./Src/syscalls.o
 .group         0x0000000000000000        0xc ./Src/syscalls.o
 .group         0x0000000000000000        0xc ./Src/syscalls.o
 .group         0x0000000000000000        0xc ./Src/syscalls.o
 .group         0x0000000000000000        0xc ./Src/syscalls.o
 .group         0x0000000000000000        0xc ./Src/syscalls.o
 .group         0x0000000000000000        0xc ./Src/syscalls.o
 .group         0x0000000000000000        0xc ./Src/syscalls.o
 .group         0x0000000000000000        0xc ./Src/syscalls.o
 .group         0x0000000000000000        0xc ./Src/syscalls.o
 .group         0x0000000000000000        0xc ./Src/syscalls.o
 .group         0x0000000000000000        0xc ./Src/syscalls.o
 .group         0x0000000000000000        0xc ./Src/syscalls.o
 .group         0x0000000000000000        0xc ./Src/syscalls.o
 .group         0x0000000000000000        0xc ./Src/syscalls.o
 .group         0x0000000000000000        0xc ./Src/syscalls.o
 .group         0x0000000000000000        0xc ./Src/syscalls.o
 .group         0x0000000000000000        0xc ./Src/syscalls.o
 .group         0x0000000000000000        0xc ./Src/syscalls.o
 .group         0x0000000000000000        0xc ./Src/syscalls.o
 .group         0x0000000000000000        0xc ./Src/syscalls.o
 .group         0x0000000000000000        0xc ./Src/syscalls.o
 .group         0x0000000000000000        0xc ./Src/syscalls.o
 .group         0x0000000000000000        0xc ./Src/syscalls.o
 .group         0x0000000000000000        0xc ./Src/syscalls.o
 .group         0x0000000000000000        0xc ./Src/syscalls.o
 .group         0x0000000000000000        0xc ./Src/syscalls.o
 .group         0x0000000000000000        0xc ./Src/syscalls.o
 .group         0x0000000000000000        0xc ./Src/syscalls.o
 .group         0x0000000000000000        0xc ./Src/syscalls.o
 .group         0x0000000000000000        0xc ./Src/syscalls.o
 .group         0x0000000000000000        0xc ./Src/syscalls.o
 .group         0x0000000000000000        0xc ./Src/syscalls.o
 .group         0x0000000000000000        0xc ./Src/syscalls.o
 .group         0x0000000000000000        0xc ./Src/syscalls.o
 .group         0x0000000000000000        0xc ./Src/syscalls.o
 .group         0x0000000000000000        0xc ./Src/syscalls.o
 .group         0x0000000000000000        0xc ./Src/syscalls.o
 .group         0x0000000000000000        0xc ./Src/syscalls.o
 .group         0x0000000000000000        0xc ./Src/syscalls.o
 .group         0x0000000000000000        0xc ./Src/syscalls.o
 .group         0x0000000000000000        0xc ./Src/syscalls.o
 .group         0x0000000000000000        0xc ./Src/syscalls.o
 .group         0x0000000000000000        0xc ./Src/syscalls.o
 .text          0x0000000000000000        0x0 ./Src/syscalls.o
 .data          0x0000000000000000        0x0 ./Src/syscalls.o
 .bss           0x0000000000000000        0x0 ./Src/syscalls.o
 .text.ITM_SendChar
                0x0000000000000000       0x4c ./Src/syscalls.o
 .bss.__env     0x0000000000000000        0x4 ./Src/syscalls.o
 .data.environ  0x0000000000000000        0x4 ./Src/syscalls.o
 .text.initialise_monitor_handles
                0x0000000000000000        0xc ./Src/syscalls.o
 .text._getpid  0x0000000000000000        0xe ./Src/syscalls.o
 .text._kill    0x0000000000000000       0x20 ./Src/syscalls.o
 .text._exit    0x0000000000000000       0x14 ./Src/syscalls.o
 .text._read    0x0000000000000000       0x3a ./Src/syscalls.o
 .text._write   0x0000000000000000       0x38 ./Src/syscalls.o
 .text._close   0x0000000000000000       0x16 ./Src/syscalls.o
 .text._fstat   0x0000000000000000       0x1e ./Src/syscalls.o
 .text._isatty  0x0000000000000000       0x14 ./Src/syscalls.o
 .text._lseek   0x0000000000000000       0x18 ./Src/syscalls.o
 .text._open    0x0000000000000000       0x1a ./Src/syscalls.o
 .text._wait    0x0000000000000000       0x1e ./Src/syscalls.o
 .text._unlink  0x0000000000000000       0x1e ./Src/syscalls.o
 .text._times   0x0000000000000000       0x16 ./Src/syscalls.o
 .text._stat    0x0000000000000000       0x1e ./Src/syscalls.o
 .text._link    0x0000000000000000       0x20 ./Src/syscalls.o
 .text._fork    0x0000000000000000       0x16 ./Src/syscalls.o
 .text._execve  0x0000000000000000       0x22 ./Src/syscalls.o
 .debug_info    0x0000000000000000      0xff9 ./Src/syscalls.o
 .debug_abbrev  0x0000000000000000      0x2b1 ./Src/syscalls.o
 .debug_aranges
                0x0000000000000000       0xb0 ./Src/syscalls.o
 .debug_ranges  0x0000000000000000       0xa0 ./Src/syscalls.o
 .debug_macro   0x0000000000000000      0x25e ./Src/syscalls.o
 .debug_macro   0x0000000000000000      0xaa2 ./Src/syscalls.o
 .debug_macro   0x0000000000000000       0x22 ./Src/syscalls.o
 .debug_macro   0x0000000000000000       0x4c ./Src/syscalls.o
 .debug_macro   0x0000000000000000       0x18 ./Src/syscalls.o
 .debug_macro   0x0000000000000000       0x94 ./Src/syscalls.o
 .debug_macro   0x0000000000000000       0x3c ./Src/syscalls.o
 .debug_macro   0x0000000000000000       0x34 ./Src/syscalls.o
 .debug_macro   0x0000000000000000       0x57 ./Src/syscalls.o
 .debug_macro   0x0000000000000000      0x174 ./Src/syscalls.o
 .debug_macro   0x0000000000000000      0x339 ./Src/syscalls.o
 .debug_macro   0x0000000000000000       0x16 ./Src/syscalls.o
 .debug_macro   0x0000000000000000       0x43 ./Src/syscalls.o
 .debug_macro   0x0000000000000000       0x34 ./Src/syscalls.o
 .debug_macro   0x0000000000000000       0x10 ./Src/syscalls.o
 .debug_macro   0x0000000000000000       0x58 ./Src/syscalls.o
 .debug_macro   0x0000000000000000       0x71 ./Src/syscalls.o
 .debug_macro   0x0000000000000000       0x1c ./Src/syscalls.o
 .debug_macro   0x0000000000000000      0x12a ./Src/syscalls.o
 .debug_macro   0x0000000000000000       0x10 ./Src/syscalls.o
 .debug_macro   0x0000000000000000       0x35 ./Src/syscalls.o
 .debug_macro   0x0000000000000000       0x10 ./Src/syscalls.o
 .debug_macro   0x0000000000000000       0x10 ./Src/syscalls.o
 .debug_macro   0x0000000000000000       0x10 ./Src/syscalls.o
 .debug_macro   0x0000000000000000       0x6a ./Src/syscalls.o
 .debug_macro   0x0000000000000000       0x1c ./Src/syscalls.o
 .debug_macro   0x0000000000000000       0x52 ./Src/syscalls.o
 .debug_macro   0x0000000000000000       0x22 ./Src/syscalls.o
 .debug_macro   0x0000000000000000       0x10 ./Src/syscalls.o
 .debug_macro   0x0000000000000000       0x40 ./Src/syscalls.o
 .debug_macro   0x0000000000000000       0xd5 ./Src/syscalls.o
 .debug_macro   0x0000000000000000       0x1c ./Src/syscalls.o
 .debug_macro   0x0000000000000000       0x3d ./Src/syscalls.o
 .debug_macro   0x0000000000000000       0x35 ./Src/syscalls.o
 .debug_macro   0x0000000000000000      0x12c ./Src/syscalls.o
 .debug_macro   0x0000000000000000       0x16 ./Src/syscalls.o
 .debug_macro   0x0000000000000000       0x16 ./Src/syscalls.o
 .debug_macro   0x0000000000000000       0x29 ./Src/syscalls.o
 .debug_macro   0x0000000000000000       0x10 ./Src/syscalls.o
 .debug_macro   0x0000000000000000      0x241 ./Src/syscalls.o
 .debug_macro   0x0000000000000000       0x1c ./Src/syscalls.o
 .debug_macro   0x0000000000000000       0x10 ./Src/syscalls.o
 .debug_macro   0x0000000000000000       0x10 ./Src/syscalls.o
 .debug_macro   0x0000000000000000       0x16 ./Src/syscalls.o
 .debug_macro   0x0000000000000000      0x145 ./Src/syscalls.o
 .debug_macro   0x0000000000000000      0x189 ./Src/syscalls.o
 .debug_macro   0x0000000000000000       0x16 ./Src/syscalls.o
 .debug_macro   0x0000000000000000       0xce ./Src/syscalls.o
 .debug_line    0x0000000000000000      0x832 ./Src/syscalls.o
 .debug_str     0x0000000000000000     0x8f56 ./Src/syscalls.o
 .comment       0x0000000000000000       0x54 ./Src/syscalls.o
 .debug_frame   0x0000000000000000      0x2d4 ./Src/syscalls.o
 .ARM.attributes
                0x0000000000000000       0x2e ./Src/syscalls.o
 .group         0x0000000000000000        0xc ./Src/sysmem.o
 .group         0x0000000000000000        0xc ./Src/sysmem.o
 .group         0x0000000000000000        0xc ./Src/sysmem.o
 .group         0x0000000000000000        0xc ./Src/sysmem.o
 .group         0x0000000000000000        0xc ./Src/sysmem.o
 .group         0x0000000000000000        0xc ./Src/sysmem.o
 .group         0x0000000000000000        0xc ./Src/sysmem.o
 .group         0x0000000000000000        0xc ./Src/sysmem.o
 .group         0x0000000000000000        0xc ./Src/sysmem.o
 .group         0x0000000000000000        0xc ./Src/sysmem.o
 .group         0x0000000000000000        0xc ./Src/sysmem.o
 .group         0x0000000000000000        0xc ./Src/sysmem.o
 .group         0x0000000000000000        0xc ./Src/sysmem.o
 .group         0x0000000000000000        0xc ./Src/sysmem.o
 .group         0x0000000000000000        0xc ./Src/sysmem.o
 .group         0x0000000000000000        0xc ./Src/sysmem.o
 .group         0x0000000000000000        0xc ./Src/sysmem.o
 .group         0x0000000000000000        0xc ./Src/sysmem.o
 .group         0x0000000000000000        0xc ./Src/sysmem.o
 .group         0x0000000000000000        0xc ./Src/sysmem.o
 .group         0x0000000000000000        0xc ./Src/sysmem.o
 .group         0x0000000000000000        0xc ./Src/sysmem.o
 .text          0x0000000000000000        0x0 ./Src/sysmem.o
 .data          0x0000000000000000        0x0 ./Src/sysmem.o
 .bss           0x0000000000000000        0x0 ./Src/sysmem.o
 .bss.__sbrk_heap_end
                0x0000000000000000        0x4 ./Src/sysmem.o
 .text._sbrk    0x0000000000000000       0x6c ./Src/sysmem.o
 .debug_info    0x0000000000000000      0xa25 ./Src/sysmem.o
 .debug_abbrev  0x0000000000000000      0x1bf ./Src/sysmem.o
 .debug_aranges
                0x0000000000000000       0x20 ./Src/sysmem.o
 .debug_ranges  0x0000000000000000       0x10 ./Src/sysmem.o
 .debug_macro   0x0000000000000000       0xff ./Src/sysmem.o
 .debug_macro   0x0000000000000000      0xaa2 ./Src/sysmem.o
 .debug_macro   0x0000000000000000       0x10 ./Src/sysmem.o
 .debug_macro   0x0000000000000000       0x22 ./Src/sysmem.o
 .debug_macro   0x0000000000000000       0x4c ./Src/sysmem.o
 .debug_macro   0x0000000000000000       0x18 ./Src/sysmem.o
 .debug_macro   0x0000000000000000       0x94 ./Src/sysmem.o
 .debug_macro   0x0000000000000000       0x3c ./Src/sysmem.o
 .debug_macro   0x0000000000000000       0x34 ./Src/sysmem.o
 .debug_macro   0x0000000000000000      0x174 ./Src/sysmem.o
 .debug_macro   0x0000000000000000       0x16 ./Src/sysmem.o
 .debug_macro   0x0000000000000000       0x43 ./Src/sysmem.o
 .debug_macro   0x0000000000000000       0x57 ./Src/sysmem.o
 .debug_macro   0x0000000000000000       0x34 ./Src/sysmem.o
 .debug_macro   0x0000000000000000       0x10 ./Src/sysmem.o
 .debug_macro   0x0000000000000000       0x58 ./Src/sysmem.o
 .debug_macro   0x0000000000000000       0x71 ./Src/sysmem.o
 .debug_macro   0x0000000000000000       0x1c ./Src/sysmem.o
 .debug_macro   0x0000000000000000      0x12a ./Src/sysmem.o
 .debug_macro   0x0000000000000000      0x23b ./Src/sysmem.o
 .debug_macro   0x0000000000000000      0x103 ./Src/sysmem.o
 .debug_macro   0x0000000000000000       0x6a ./Src/sysmem.o
 .debug_macro   0x0000000000000000      0x1df ./Src/sysmem.o
 .debug_line    0x0000000000000000      0x4f3 ./Src/sysmem.o
 .debug_str     0x0000000000000000     0x6264 ./Src/sysmem.o
 .comment       0x0000000000000000       0x54 ./Src/sysmem.o
 .debug_frame   0x0000000000000000       0x34 ./Src/sysmem.o
 .ARM.attributes
                0x0000000000000000       0x2e ./Src/sysmem.o
 .text          0x0000000000000000       0x14 ./Startup/startup_stm32f407vgtx.o
 .data          0x0000000000000000        0x0 ./Startup/startup_stm32f407vgtx.o
 .bss           0x0000000000000000        0x0 ./Startup/startup_stm32f407vgtx.o
 .text          0x0000000000000000        0x0 /home/khorton/st/stm32cubeide_1.8.0/plugins/com.st.stm32cube.ide.mcu.externaltools.gnu-tools-for-stm32.9-2020-q2-update.linux64_2.0.0.202105311346/tools/bin/../lib/gcc/arm-none-eabi/9.3.1/../../../../arm-none-eabi/lib/thumb/v7e-m/nofp/libc_nano.a(lib_a-errno.o)
 .data          0x0000000000000000        0x0 /home/khorton/st/stm32cubeide_1.8.0/plugins/com.st.stm32cube.ide.mcu.externaltools.gnu-tools-for-stm32.9-2020-q2-update.linux64_2.0.0.202105311346/tools/bin/../lib/gcc/arm-none-eabi/9.3.1/../../../../arm-none-eabi/lib/thumb/v7e-m/nofp/libc_nano.a(lib_a-errno.o)
 .bss           0x0000000000000000        0x0 /home/khorton/st/stm32cubeide_1.8.0/plugins/com.st.stm32cube.ide.mcu.externaltools.gnu-tools-for-stm32.9-2020-q2-update.linux64_2.0.0.202105311346/tools/bin/../lib/gcc/arm-none-eabi/9.3.1/../../../../arm-none-eabi/lib/thumb/v7e-m/nofp/libc_nano.a(lib_a-errno.o)
 .text.__errno  0x0000000000000000        0xc /home/khorton/st/stm32cubeide_1.8.0/plugins/com.st.stm32cube.ide.mcu.externaltools.gnu-tools-for-stm32.9-2020-q2-update.linux64_2.0.0.202105311346/tools/bin/../lib/gcc/arm-none-eabi/9.3.1/../../../../arm-none-eabi/lib/thumb/v7e-m/nofp/libc_nano.a(lib_a-errno.o)
 .debug_frame   0x0000000000000000       0x20 /home/khorton/st/stm32cubeide_1.8.0/plugins/com.st.stm32cube.ide.mcu.externaltools.gnu-tools-for-stm32.9-2020-q2-update.linux64_2.0.0.202105311346/tools/bin/../lib/gcc/arm-none-eabi/9.3.1/../../../../arm-none-eabi/lib/thumb/v7e-m/nofp/libc_nano.a(lib_a-errno.o)
 .ARM.attributes
                0x0000000000000000       0x2e /home/khorton/st/stm32cubeide_1.8.0/plugins/com.st.stm32cube.ide.mcu.externaltools.gnu-tools-for-stm32.9-2020-q2-update.linux64_2.0.0.202105311346/tools/bin/../lib/gcc/arm-none-eabi/9.3.1/../../../../arm-none-eabi/lib/thumb/v7e-m/nofp/libc_nano.a(lib_a-errno.o)
 .text          0x0000000000000000        0x0 /home/khorton/st/stm32cubeide_1.8.0/plugins/com.st.stm32cube.ide.mcu.externaltools.gnu-tools-for-stm32.9-2020-q2-update.linux64_2.0.0.202105311346/tools/bin/../lib/gcc/arm-none-eabi/9.3.1/../../../../arm-none-eabi/lib/thumb/v7e-m/nofp/libc_nano.a(lib_a-exit.o)
 .data          0x0000000000000000        0x0 /home/khorton/st/stm32cubeide_1.8.0/plugins/com.st.stm32cube.ide.mcu.externaltools.gnu-tools-for-stm32.9-2020-q2-update.linux64_2.0.0.202105311346/tools/bin/../lib/gcc/arm-none-eabi/9.3.1/../../../../arm-none-eabi/lib/thumb/v7e-m/nofp/libc_nano.a(lib_a-exit.o)
 .bss           0x0000000000000000        0x0 /home/khorton/st/stm32cubeide_1.8.0/plugins/com.st.stm32cube.ide.mcu.externaltools.gnu-tools-for-stm32.9-2020-q2-update.linux64_2.0.0.202105311346/tools/bin/../lib/gcc/arm-none-eabi/9.3.1/../../../../arm-none-eabi/lib/thumb/v7e-m/nofp/libc_nano.a(lib_a-exit.o)
 .text.exit     0x0000000000000000       0x28 /home/khorton/st/stm32cubeide_1.8.0/plugins/com.st.stm32cube.ide.mcu.externaltools.gnu-tools-for-stm32.9-2020-q2-update.linux64_2.0.0.202105311346/tools/bin/../lib/gcc/arm-none-eabi/9.3.1/../../../../arm-none-eabi/lib/thumb/v7e-m/nofp/libc_nano.a(lib_a-exit.o)
 .debug_frame   0x0000000000000000       0x28 /home/khorton/st/stm32cubeide_1.8.0/plugins/com.st.stm32cube.ide.mcu.externaltools.gnu-tools-for-stm32.9-2020-q2-update.linux64_2.0.0.202105311346/tools/bin/../lib/gcc/arm-none-eabi/9.3.1/../../../../arm-none-eabi/lib/thumb/v7e-m/nofp/libc_nano.a(lib_a-exit.o)
 .ARM.attributes
                0x0000000000000000       0x2e /home/khorton/st/stm32cubeide_1.8.0/plugins/com.st.stm32cube.ide.mcu.externaltools.gnu-tools-for-stm32.9-2020-q2-update.linux64_2.0.0.202105311346/tools/bin/../lib/gcc/arm-none-eabi/9.3.1/../../../../arm-none-eabi/lib/thumb/v7e-m/nofp/libc_nano.a(lib_a-exit.o)
 .text          0x0000000000000000        0x0 /home/khorton/st/stm32cubeide_1.8.0/plugins/com.st.stm32cube.ide.mcu.externaltools.gnu-tools-for-stm32.9-2020-q2-update.linux64_2.0.0.202105311346/tools/bin/../lib/gcc/arm-none-eabi/9.3.1/../../../../arm-none-eabi/lib/thumb/v7e-m/nofp/libc_nano.a(lib_a-impure.o)
 .data          0x0000000000000000        0x0 /home/khorton/st/stm32cubeide_1.8.0/plugins/com.st.stm32cube.ide.mcu.externaltools.gnu-tools-for-stm32.9-2020-q2-update.linux64_2.0.0.202105311346/tools/bin/../lib/gcc/arm-none-eabi/9.3.1/../../../../arm-none-eabi/lib/thumb/v7e-m/nofp/libc_nano.a(lib_a-impure.o)
 .bss           0x0000000000000000        0x0 /home/khorton/st/stm32cubeide_1.8.0/plugins/com.st.stm32cube.ide.mcu.externaltools.gnu-tools-for-stm32.9-2020-q2-update.linux64_2.0.0.202105311346/tools/bin/../lib/gcc/arm-none-eabi/9.3.1/../../../../arm-none-eabi/lib/thumb/v7e-m/nofp/libc_nano.a(lib_a-impure.o)
 .data._impure_ptr
                0x0000000000000000        0x4 /home/khorton/st/stm32cubeide_1.8.0/plugins/com.st.stm32cube.ide.mcu.externaltools.gnu-tools-for-stm32.9-2020-q2-update.linux64_2.0.0.202105311346/tools/bin/../lib/gcc/arm-none-eabi/9.3.1/../../../../arm-none-eabi/lib/thumb/v7e-m/nofp/libc_nano.a(lib_a-impure.o)
 .data.impure_data
                0x0000000000000000       0x60 /home/khorton/st/stm32cubeide_1.8.0/plugins/com.st.stm32cube.ide.mcu.externaltools.gnu-tools-for-stm32.9-2020-q2-update.linux64_2.0.0.202105311346/tools/bin/../lib/gcc/arm-none-eabi/9.3.1/../../../../arm-none-eabi/lib/thumb/v7e-m/nofp/libc_nano.a(lib_a-impure.o)
 .rodata._global_impure_ptr
                0x0000000000000000        0x4 /home/khorton/st/stm32cubeide_1.8.0/plugins/com.st.stm32cube.ide.mcu.externaltools.gnu-tools-for-stm32.9-2020-q2-update.linux64_2.0.0.202105311346/tools/bin/../lib/gcc/arm-none-eabi/9.3.1/../../../../arm-none-eabi/lib/thumb/v7e-m/nofp/libc_nano.a(lib_a-impure.o)
 .ARM.attributes
                0x0000000000000000       0x2e /home/khorton/st/stm32cubeide_1.8.0/plugins/com.st.stm32cube.ide.mcu.externaltools.gnu-tools-for-stm32.9-2020-q2-update.linux64_2.0.0.202105311346/tools/bin/../lib/gcc/arm-none-eabi/9.3.1/../../../../arm-none-eabi/lib/thumb/v7e-m/nofp/libc_nano.a(lib_a-impure.o)
 .text          0x0000000000000000        0x0 /home/khorton/st/stm32cubeide_1.8.0/plugins/com.st.stm32cube.ide.mcu.externaltools.gnu-tools-for-stm32.9-2020-q2-update.linux64_2.0.0.202105311346/tools/bin/../lib/gcc/arm-none-eabi/9.3.1/../../../../arm-none-eabi/lib/thumb/v7e-m/nofp/libc_nano.a(lib_a-init.o)
 .data          0x0000000000000000        0x0 /home/khorton/st/stm32cubeide_1.8.0/plugins/com.st.stm32cube.ide.mcu.externaltools.gnu-tools-for-stm32.9-2020-q2-update.linux64_2.0.0.202105311346/tools/bin/../lib/gcc/arm-none-eabi/9.3.1/../../../../arm-none-eabi/lib/thumb/v7e-m/nofp/libc_nano.a(lib_a-init.o)
 .bss           0x0000000000000000        0x0 /home/khorton/st/stm32cubeide_1.8.0/plugins/com.st.stm32cube.ide.mcu.externaltools.gnu-tools-for-stm32.9-2020-q2-update.linux64_2.0.0.202105311346/tools/bin/../lib/gcc/arm-none-eabi/9.3.1/../../../../arm-none-eabi/lib/thumb/v7e-m/nofp/libc_nano.a(lib_a-init.o)
 .text          0x0000000000000000        0x0 /home/khorton/st/stm32cubeide_1.8.0/plugins/com.st.stm32cube.ide.mcu.externaltools.gnu-tools-for-stm32.9-2020-q2-update.linux64_2.0.0.202105311346/tools/bin/../lib/gcc/arm-none-eabi/9.3.1/../../../../arm-none-eabi/lib/thumb/v7e-m/nofp/libc_nano.a(lib_a-memset.o)
 .data          0x0000000000000000        0x0 /home/khorton/st/stm32cubeide_1.8.0/plugins/com.st.stm32cube.ide.mcu.externaltools.gnu-tools-for-stm32.9-2020-q2-update.linux64_2.0.0.202105311346/tools/bin/../lib/gcc/arm-none-eabi/9.3.1/../../../../arm-none-eabi/lib/thumb/v7e-m/nofp/libc_nano.a(lib_a-memset.o)
 .bss           0x0000000000000000        0x0 /home/khorton/st/stm32cubeide_1.8.0/plugins/com.st.stm32cube.ide.mcu.externaltools.gnu-tools-for-stm32.9-2020-q2-update.linux64_2.0.0.202105311346/tools/bin/../lib/gcc/arm-none-eabi/9.3.1/../../../../arm-none-eabi/lib/thumb/v7e-m/nofp/libc_nano.a(lib_a-memset.o)
 .text.memset   0x0000000000000000       0x10 /home/khorton/st/stm32cubeide_1.8.0/plugins/com.st.stm32cube.ide.mcu.externaltools.gnu-tools-for-stm32.9-2020-q2-update.linux64_2.0.0.202105311346/tools/bin/../lib/gcc/arm-none-eabi/9.3.1/../../../../arm-none-eabi/lib/thumb/v7e-m/nofp/libc_nano.a(lib_a-memset.o)
 .debug_frame   0x0000000000000000       0x20 /home/khorton/st/stm32cubeide_1.8.0/plugins/com.st.stm32cube.ide.mcu.externaltools.gnu-tools-for-stm32.9-2020-q2-update.linux64_2.0.0.202105311346/tools/bin/../lib/gcc/arm-none-eabi/9.3.1/../../../../arm-none-eabi/lib/thumb/v7e-m/nofp/libc_nano.a(lib_a-memset.o)
 .ARM.attributes
                0x0000000000000000       0x2e /home/khorton/st/stm32cubeide_1.8.0/plugins/com.st.stm32cube.ide.mcu.externaltools.gnu-tools-for-stm32.9-2020-q2-update.linux64_2.0.0.202105311346/tools/bin/../lib/gcc/arm-none-eabi/9.3.1/../../../../arm-none-eabi/lib/thumb/v7e-m/nofp/libc_nano.a(lib_a-memset.o)
 .text          0x0000000000000000        0x0 /home/khorton/st/stm32cubeide_1.8.0/plugins/com.st.stm32cube.ide.mcu.externaltools.gnu-tools-for-stm32.9-2020-q2-update.linux64_2.0.0.202105311346/tools/bin/../lib/gcc/arm-none-eabi/9.3.1/thumb/v7e-m/nofp/crtend.o
 .data          0x0000000000000000        0x0 /home/khorton/st/stm32cubeide_1.8.0/plugins/com.st.stm32cube.ide.mcu.externaltools.gnu-tools-for-stm32.9-2020-q2-update.linux64_2.0.0.202105311346/tools/bin/../lib/gcc/arm-none-eabi/9.3.1/thumb/v7e-m/nofp/crtend.o
 .bss           0x0000000000000000        0x0 /home/khorton/st/stm32cubeide_1.8.0/plugins/com.st.stm32cube.ide.mcu.externaltools.gnu-tools-for-stm32.9-2020-q2-update.linux64_2.0.0.202105311346/tools/bin/../lib/gcc/arm-none-eabi/9.3.1/thumb/v7e-m/nofp/crtend.o
 .eh_frame      0x0000000000000000        0x4 /home/khorton/st/stm32cubeide_1.8.0/plugins/com.st.stm32cube.ide.mcu.externaltools.gnu-tools-for-stm32.9-2020-q2-update.linux64_2.0.0.202105311346/tools/bin/../lib/gcc/arm-none-eabi/9.3.1/thumb/v7e-m/nofp/crtend.o
 .ARM.attributes
                0x0000000000000000       0x2e /home/khorton/st/stm32cubeide_1.8.0/plugins/com.st.stm32cube.ide.mcu.externaltools.gnu-tools-for-stm32.9-2020-q2-update.linux64_2.0.0.202105311346/tools/bin/../lib/gcc/arm-none-eabi/9.3.1/thumb/v7e-m/nofp/crtend.o
 .text          0x0000000000000000        0x0 /home/khorton/st/stm32cubeide_1.8.0/plugins/com.st.stm32cube.ide.mcu.externaltools.gnu-tools-for-stm32.9-2020-q2-update.linux64_2.0.0.202105311346/tools/bin/../lib/gcc/arm-none-eabi/9.3.1/thumb/v7e-m/nofp/crtn.o
 .data          0x0000000000000000        0x0 /home/khorton/st/stm32cubeide_1.8.0/plugins/com.st.stm32cube.ide.mcu.externaltools.gnu-tools-for-stm32.9-2020-q2-update.linux64_2.0.0.202105311346/tools/bin/../lib/gcc/arm-none-eabi/9.3.1/thumb/v7e-m/nofp/crtn.o
 .bss           0x0000000000000000        0x0 /home/khorton/st/stm32cubeide_1.8.0/plugins/com.st.stm32cube.ide.mcu.externaltools.gnu-tools-for-stm32.9-2020-q2-update.linux64_2.0.0.202105311346/tools/bin/../lib/gcc/arm-none-eabi/9.3.1/thumb/v7e-m/nofp/crtn.o

Memory Configuration

Name             Origin             Length             Attributes
CCMRAM           0x0000000010000000 0x0000000000010000 xrw
RAM              0x0000000020000000 0x0000000000020000 xrw
FLASH            0x0000000008000000 0x0000000000100000 xr
*default*        0x0000000000000000 0xffffffffffffffff

Linker script and memory map

LOAD /home/khorton/st/stm32cubeide_1.8.0/plugins/com.st.stm32cube.ide.mcu.externaltools.gnu-tools-for-stm32.9-2020-q2-update.linux64_2.0.0.202105311346/tools/bin/../lib/gcc/arm-none-eabi/9.3.1/thumb/v7e-m/nofp/crti.o
LOAD /home/khorton/st/stm32cubeide_1.8.0/plugins/com.st.stm32cube.ide.mcu.externaltools.gnu-tools-for-stm32.9-2020-q2-update.linux64_2.0.0.202105311346/tools/bin/../lib/gcc/arm-none-eabi/9.3.1/thumb/v7e-m/nofp/crtbegin.o
LOAD /home/khorton/st/stm32cubeide_1.8.0/plugins/com.st.stm32cube.ide.mcu.externaltools.gnu-tools-for-stm32.9-2020-q2-update.linux64_2.0.0.202105311346/tools/bin/../lib/gcc/arm-none-eabi/9.3.1/../../../../arm-none-eabi/lib/thumb/v7e-m/nofp/crt0.o
LOAD ./Drivers/Src/stm32f407xx_adc_driver.o
LOAD ./Drivers/Src/stm32f407xx_gpio_driver.o
LOAD ./Drivers/Src/stm32f407xx_i2c_driver.o
LOAD ./Drivers/Src/stm32f407xx_usart_driver.o
LOAD ./Src/main.o
LOAD ./Src/syscalls.o
LOAD ./Src/sysmem.o
LOAD ./Startup/startup_stm32f407vgtx.o
START GROUP
LOAD /home/khorton/st/stm32cubeide_1.8.0/plugins/com.st.stm32cube.ide.mcu.externaltools.gnu-tools-for-stm32.9-2020-q2-update.linux64_2.0.0.202105311346/tools/bin/../lib/gcc/arm-none-eabi/9.3.1/../../../../arm-none-eabi/lib/thumb/v7e-m/nofp/libstdc++_nano.a
LOAD /home/khorton/st/stm32cubeide_1.8.0/plugins/com.st.stm32cube.ide.mcu.externaltools.gnu-tools-for-stm32.9-2020-q2-update.linux64_2.0.0.202105311346/tools/bin/../lib/gcc/arm-none-eabi/9.3.1/../../../../arm-none-eabi/lib/thumb/v7e-m/nofp/libsupc++_nano.a
END GROUP
LOAD /home/khorton/st/stm32cubeide_1.8.0/plugins/com.st.stm32cube.ide.mcu.externaltools.gnu-tools-for-stm32.9-2020-q2-update.linux64_2.0.0.202105311346/tools/bin/../lib/gcc/arm-none-eabi/9.3.1/../../../../arm-none-eabi/lib/thumb/v7e-m/nofp/libstdc++_nano.a
LOAD /home/khorton/st/stm32cubeide_1.8.0/plugins/com.st.stm32cube.ide.mcu.externaltools.gnu-tools-for-stm32.9-2020-q2-update.linux64_2.0.0.202105311346/tools/bin/../lib/gcc/arm-none-eabi/9.3.1/../../../../arm-none-eabi/lib/thumb/v7e-m/nofp/libm.a
LOAD /home/khorton/st/stm32cubeide_1.8.0/plugins/com.st.stm32cube.ide.mcu.externaltools.gnu-tools-for-stm32.9-2020-q2-update.linux64_2.0.0.202105311346/tools/bin/../lib/gcc/arm-none-eabi/9.3.1/../../../../arm-none-eabi/lib/thumb/v7e-m/nofp/libc_nano.a
START GROUP
LOAD /home/khorton/st/stm32cubeide_1.8.0/plugins/com.st.stm32cube.ide.mcu.externaltools.gnu-tools-for-stm32.9-2020-q2-update.linux64_2.0.0.202105311346/tools/bin/../lib/gcc/arm-none-eabi/9.3.1/thumb/v7e-m/nofp/libgcc.a
LOAD /home/khorton/st/stm32cubeide_1.8.0/plugins/com.st.stm32cube.ide.mcu.externaltools.gnu-tools-for-stm32.9-2020-q2-update.linux64_2.0.0.202105311346/tools/bin/../lib/gcc/arm-none-eabi/9.3.1/../../../../arm-none-eabi/lib/thumb/v7e-m/nofp/libc_nano.a
END GROUP
START GROUP
LOAD /home/khorton/st/stm32cubeide_1.8.0/plugins/com.st.stm32cube.ide.mcu.externaltools.gnu-tools-for-stm32.9-2020-q2-update.linux64_2.0.0.202105311346/tools/bin/../lib/gcc/arm-none-eabi/9.3.1/thumb/v7e-m/nofp/libgcc.a
LOAD /home/khorton/st/stm32cubeide_1.8.0/plugins/com.st.stm32cube.ide.mcu.externaltools.gnu-tools-for-stm32.9-2020-q2-update.linux64_2.0.0.202105311346/tools/bin/../lib/gcc/arm-none-eabi/9.3.1/../../../../arm-none-eabi/lib/thumb/v7e-m/nofp/libc_nano.a
LOAD /home/khorton/st/stm32cubeide_1.8.0/plugins/com.st.stm32cube.ide.mcu.externaltools.gnu-tools-for-stm32.9-2020-q2-update.linux64_2.0.0.202105311346/tools/bin/../lib/gcc/arm-none-eabi/9.3.1/../../../../arm-none-eabi/lib/thumb/v7e-m/nofp/libnosys.a
END GROUP
START GROUP
LOAD /home/khorton/st/stm32cubeide_1.8.0/plugins/com.st.stm32cube.ide.mcu.externaltools.gnu-tools-for-stm32.9-2020-q2-update.linux64_2.0.0.202105311346/tools/bin/../lib/gcc/arm-none-eabi/9.3.1/thumb/v7e-m/nofp/libgcc.a
LOAD /home/khorton/st/stm32cubeide_1.8.0/plugins/com.st.stm32cube.ide.mcu.externaltools.gnu-tools-for-stm32.9-2020-q2-update.linux64_2.0.0.202105311346/tools/bin/../lib/gcc/arm-none-eabi/9.3.1/../../../../arm-none-eabi/lib/thumb/v7e-m/nofp/libc_nano.a
LOAD /home/khorton/st/stm32cubeide_1.8.0/plugins/com.st.stm32cube.ide.mcu.externaltools.gnu-tools-for-stm32.9-2020-q2-update.linux64_2.0.0.202105311346/tools/bin/../lib/gcc/arm-none-eabi/9.3.1/../../../../arm-none-eabi/lib/thumb/v7e-m/nofp/libnosys.a
END GROUP
LOAD /home/khorton/st/stm32cubeide_1.8.0/plugins/com.st.stm32cube.ide.mcu.externaltools.gnu-tools-for-stm32.9-2020-q2-update.linux64_2.0.0.202105311346/tools/bin/../lib/gcc/arm-none-eabi/9.3.1/thumb/v7e-m/nofp/crtend.o
LOAD /home/khorton/st/stm32cubeide_1.8.0/plugins/com.st.stm32cube.ide.mcu.externaltools.gnu-tools-for-stm32.9-2020-q2-update.linux64_2.0.0.202105311346/tools/bin/../lib/gcc/arm-none-eabi/9.3.1/thumb/v7e-m/nofp/crtn.o
                0x0000000020020000                _estack = (ORIGIN (RAM) + LENGTH (RAM))
                0x0000000000000200                _Min_Heap_Size = 0x200
                0x0000000000000400                _Min_Stack_Size = 0x400

.isr_vector     0x0000000008000000      0x1a8
                0x0000000008000000                . = ALIGN (0x4)
 *(.isr_vector)
 .isr_vector    0x0000000008000000      0x1a8 ./Startup/startup_stm32f407vgtx.o
                0x0000000008000000                g_pfnVectors
                0x00000000080001a8                . = ALIGN (0x4)

.text           0x00000000080001a8      0xa20
                0x00000000080001a8                . = ALIGN (0x4)
 *(.text)
 .text          0x00000000080001a8       0x40 /home/khorton/st/stm32cubeide_1.8.0/plugins/com.st.stm32cube.ide.mcu.externaltools.gnu-tools-for-stm32.9-2020-q2-update.linux64_2.0.0.202105311346/tools/bin/../lib/gcc/arm-none-eabi/9.3.1/thumb/v7e-m/nofp/crtbegin.o
 *(.text*)
 .text._Z8ADC_Initv
                0x00000000080001e8       0x68 ./Drivers/Src/stm32f407xx_adc_driver.o
                0x00000000080001e8                ADC_Init()
 .text._ZN4Gpio9PinConfigC2Ehh
                0x0000000008000250       0x28 ./Drivers/Src/stm32f407xx_gpio_driver.o
                0x0000000008000250                Gpio::PinConfig::PinConfig(unsigned char, unsigned char)
                0x0000000008000250                Gpio::PinConfig::PinConfig(unsigned char, unsigned char)
 .text._ZN4Gpio9PinConfigC2Ehhh
                0x0000000008000278       0x38 ./Drivers/Src/stm32f407xx_gpio_driver.o
                0x0000000008000278                Gpio::PinConfig::PinConfig(unsigned char, unsigned char, unsigned char)
                0x0000000008000278                Gpio::PinConfig::PinConfig(unsigned char, unsigned char, unsigned char)
 .text._ZN4Gpio9PinConfigC2Ehhhh
                0x00000000080002b0       0x3e ./Drivers/Src/stm32f407xx_gpio_driver.o
                0x00000000080002b0                Gpio::PinConfig::PinConfig(unsigned char, unsigned char, unsigned char, unsigned char)
                0x00000000080002b0                Gpio::PinConfig::PinConfig(unsigned char, unsigned char, unsigned char, unsigned char)
 .text._ZN4Gpio7HandlerC2EP13GPIO_RegDef_tPNS_9PinConfigE
                0x00000000080002ee       0x24 ./Drivers/Src/stm32f407xx_gpio_driver.o
                0x00000000080002ee                Gpio::Handler::Handler(GPIO_RegDef_t*, Gpio::PinConfig*)
                0x00000000080002ee                Gpio::Handler::Handler(GPIO_RegDef_t*, Gpio::PinConfig*)
 *fill*         0x0000000008000312        0x2 
 .text._ZN4Gpio16PeriClockControlEP13GPIO_RegDef_th
                0x0000000008000314       0xe0 ./Drivers/Src/stm32f407xx_gpio_driver.o
                0x0000000008000314                Gpio::PeriClockControl(GPIO_RegDef_t*, unsigned char)
 .text._ZN4Gpio4InitEPNS_7HandlerE
                0x00000000080003f4      0x2c8 ./Drivers/Src/stm32f407xx_gpio_driver.o
                0x00000000080003f4                Gpio::Init(Gpio::Handler*)
 .text._ZN4Gpio16WriteToOutputPinEP13GPIO_RegDef_thh
                0x00000000080006bc       0x46 ./Drivers/Src/stm32f407xx_gpio_driver.o
                0x00000000080006bc                Gpio::WriteToOutputPin(GPIO_RegDef_t*, unsigned char, unsigned char)
 .text._ZN4Gpio15ToggleOutputPinEP13GPIO_RegDef_th
                0x0000000008000702       0x28 ./Drivers/Src/stm32f407xx_gpio_driver.o
                0x0000000008000702                Gpio::ToggleOutputPin(GPIO_RegDef_t*, unsigned char)
 .text._ZN5UsartC2E7USART_t
                0x000000000800072a       0x1e ./Drivers/Src/stm32f407xx_usart_driver.o
                0x000000000800072a                Usart::Usart(USART_t)
                0x000000000800072a                Usart::Usart(USART_t)
 .text._ZN5Usart10usart_initEv
                0x0000000008000748       0xd4 ./Drivers/Src/stm32f407xx_usart_driver.o
                0x0000000008000748                Usart::usart_init()
 .text._ZN5Usart4putcEc
                0x000000000800081c       0x6c ./Drivers/Src/stm32f407xx_usart_driver.o
                0x000000000800081c                Usart::putc(char)
 .text._ZN5Usart4putsEPKc
                0x0000000008000888       0xa0 ./Drivers/Src/stm32f407xx_usart_driver.o
                0x0000000008000888                Usart::puts(char const*)
 .text.usart3_putc
                0x0000000008000928       0x38 ./Drivers/Src/stm32f407xx_usart_driver.o
                0x0000000008000928                usart3_putc
 .text.usart3_puts
                0x0000000008000960       0x4c ./Drivers/Src/stm32f407xx_usart_driver.o
                0x0000000008000960                usart3_puts
 .text._Z5delaym
                0x00000000080009ac       0x2e ./Src/main.o
                0x00000000080009ac                delay(unsigned long)
 *fill*         0x00000000080009da        0x2 
 .text.main     0x00000000080009dc       0xf4 ./Src/main.o
                0x00000000080009dc                main
 .text.EXTI0_IRQHandler
                0x0000000008000ad0       0x44 ./Src/main.o
                0x0000000008000ad0                EXTI0_IRQHandler
 .text.Reset_Handler
                0x0000000008000b14       0x50 ./Startup/startup_stm32f407vgtx.o
                0x0000000008000b14                Reset_Handler
 .text.Default_Handler
                0x0000000008000b64        0x2 ./Startup/startup_stm32f407vgtx.o
                0x0000000008000b64                RTC_Alarm_IRQHandler
                0x0000000008000b64                HASH_RNG_IRQHandler
                0x0000000008000b64                EXTI2_IRQHandler
                0x0000000008000b64                TIM8_CC_IRQHandler
                0x0000000008000b64                DebugMon_Handler
                0x0000000008000b64                TIM1_CC_IRQHandler
                0x0000000008000b64                DMA2_Stream5_IRQHandler
                0x0000000008000b64                HardFault_Handler
                0x0000000008000b64                DMA1_Stream5_IRQHandler
                0x0000000008000b64                SysTick_Handler
                0x0000000008000b64                PVD_IRQHandler
                0x0000000008000b64                SDIO_IRQHandler
                0x0000000008000b64                TAMP_STAMP_IRQHandler
                0x0000000008000b64                PendSV_Handler
                0x0000000008000b64                NMI_Handler
                0x0000000008000b64                CAN2_RX1_IRQHandler
                0x0000000008000b64                EXTI3_IRQHandler
                0x0000000008000b64                TIM8_TRG_COM_TIM14_IRQHandler
                0x0000000008000b64                TIM1_UP_TIM10_IRQHandler
                0x0000000008000b64                TIM8_UP_TIM13_IRQHandler
                0x0000000008000b64                I2C3_ER_IRQHandler
                0x0000000008000b64                LCD_TFT_IRQHandler
                0x0000000008000b64                I2C2_EV_IRQHandler
                0x0000000008000b64                DMA1_Stream2_IRQHandler
                0x0000000008000b64                CAN1_RX0_IRQHandler
                0x0000000008000b64                FPU_IRQHandler
                0x0000000008000b64                OTG_HS_WKUP_IRQHandler
                0x0000000008000b64                UsageFault_Handler
                0x0000000008000b64                CAN2_SCE_IRQHandler
                0x0000000008000b64                DMA2_Stream2_IRQHandler
                0x0000000008000b64                SPI1_IRQHandler
                0x0000000008000b64                TIM6_DAC_IRQHandler
                0x0000000008000b64                TIM1_BRK_TIM9_IRQHandler
                0x0000000008000b64                DCMI_IRQHandler
                0x0000000008000b64                CAN2_RX0_IRQHandler
                0x0000000008000b64                DMA2_Stream3_IRQHandler
                0x0000000008000b64                USART6_IRQHandler
                0x0000000008000b64                USART3_IRQHandler
                0x0000000008000b64                CRYP_IRQHandler
                0x0000000008000b64                CAN1_RX1_IRQHandler
                0x0000000008000b64                UART5_IRQHandler
                0x0000000008000b64                DMA2_Stream0_IRQHandler
                0x0000000008000b64                TIM4_IRQHandler
                0x0000000008000b64                I2C1_EV_IRQHandler
                0x0000000008000b64                DMA1_Stream6_IRQHandler
                0x0000000008000b64                DMA1_Stream1_IRQHandler
                0x0000000008000b64                UART4_IRQHandler
                0x0000000008000b64                LCD_TFT_1_IRQHandler
                0x0000000008000b64                TIM3_IRQHandler
                0x0000000008000b64                RCC_IRQHandler
                0x0000000008000b64                TIM8_BRK_TIM12_IRQHandler
                0x0000000008000b64                Default_Handler
                0x0000000008000b64                EXTI15_10_IRQHandler
                0x0000000008000b64                ADC_IRQHandler
                0x0000000008000b64                DMA1_Stream7_IRQHandler
                0x0000000008000b64                TIM7_IRQHandler
                0x0000000008000b64                CAN2_TX_IRQHandler
                0x0000000008000b64                TIM5_IRQHandler
                0x0000000008000b64                DMA2_Stream7_IRQHandler
                0x0000000008000b64                I2C3_EV_IRQHandler
                0x0000000008000b64                EXTI9_5_IRQHandler
                0x0000000008000b64                RTC_WKUP_IRQHandler
                0x0000000008000b64                ETH_WKUP_IRQHandler
                0x0000000008000b64                SPI2_IRQHandler
                0x0000000008000b64                OTG_HS_EP1_IN_IRQHandler
                0x0000000008000b64                MemManage_Handler
                0x0000000008000b64                DMA1_Stream0_IRQHandler
                0x0000000008000b64                CAN1_TX_IRQHandler
                0x0000000008000b64                SVC_Handler
                0x0000000008000b64                EXTI4_IRQHandler
                0x0000000008000b64                FSMC_IRQHandler
                0x0000000008000b64                ETH_IRQHandler
                0x0000000008000b64                OTG_HS_EP1_OUT_IRQHandler
                0x0000000008000b64                WWDG_IRQHandler
                0x0000000008000b64                TIM2_IRQHandler
                0x0000000008000b64                OTG_FS_WKUP_IRQHandler
                0x0000000008000b64                TIM1_TRG_COM_TIM11_IRQHandler
                0x0000000008000b64                OTG_HS_IRQHandler
                0x0000000008000b64                EXTI1_IRQHandler
                0x0000000008000b64                USART2_IRQHandler
                0x0000000008000b64                I2C2_ER_IRQHandler
                0x0000000008000b64                DMA2_Stream1_IRQHandler
                0x0000000008000b64                CAN1_SCE_IRQHandler
                0x0000000008000b64                DMA2_Stream4_IRQHandler
                0x0000000008000b64                BusFault_Handler
                0x0000000008000b64                USART1_IRQHandler
                0x0000000008000b64                OTG_FS_IRQHandler
                0x0000000008000b64                SPI3_IRQHandler
                0x0000000008000b64                DMA1_Stream4_IRQHandler
                0x0000000008000b64                I2C1_ER_IRQHandler
                0x0000000008000b64                DMA2_Stream6_IRQHandler
                0x0000000008000b64                DMA1_Stream3_IRQHandler
 *fill*         0x0000000008000b66        0x2 
 .text.__libc_init_array
                0x0000000008000b68       0x48 /home/khorton/st/stm32cubeide_1.8.0/plugins/com.st.stm32cube.ide.mcu.externaltools.gnu-tools-for-stm32.9-2020-q2-update.linux64_2.0.0.202105311346/tools/bin/../lib/gcc/arm-none-eabi/9.3.1/../../../../arm-none-eabi/lib/thumb/v7e-m/nofp/libc_nano.a(lib_a-init.o)
                0x0000000008000b68                __libc_init_array
 *(.glue_7)
 .glue_7        0x0000000008000bb0        0x0 linker stubs
 *(.glue_7t)
 .glue_7t       0x0000000008000bb0        0x0 linker stubs
 *(.eh_frame)
 .eh_frame      0x0000000008000bb0        0x0 /home/khorton/st/stm32cubeide_1.8.0/plugins/com.st.stm32cube.ide.mcu.externaltools.gnu-tools-for-stm32.9-2020-q2-update.linux64_2.0.0.202105311346/tools/bin/../lib/gcc/arm-none-eabi/9.3.1/thumb/v7e-m/nofp/crtbegin.o
 *(.init)
 .init          0x0000000008000bb0        0x4 /home/khorton/st/stm32cubeide_1.8.0/plugins/com.st.stm32cube.ide.mcu.externaltools.gnu-tools-for-stm32.9-2020-q2-update.linux64_2.0.0.202105311346/tools/bin/../lib/gcc/arm-none-eabi/9.3.1/thumb/v7e-m/nofp/crti.o
                0x0000000008000bb0                _init
 .init          0x0000000008000bb4        0x8 /home/khorton/st/stm32cubeide_1.8.0/plugins/com.st.stm32cube.ide.mcu.externaltools.gnu-tools-for-stm32.9-2020-q2-update.linux64_2.0.0.202105311346/tools/bin/../lib/gcc/arm-none-eabi/9.3.1/thumb/v7e-m/nofp/crtn.o
 *(.fini)
 .fini          0x0000000008000bbc        0x4 /home/khorton/st/stm32cubeide_1.8.0/plugins/com.st.stm32cube.ide.mcu.externaltools.gnu-tools-for-stm32.9-2020-q2-update.linux64_2.0.0.202105311346/tools/bin/../lib/gcc/arm-none-eabi/9.3.1/thumb/v7e-m/nofp/crti.o
                0x0000000008000bbc                _fini
 .fini          0x0000000008000bc0        0x8 /home/khorton/st/stm32cubeide_1.8.0/plugins/com.st.stm32cube.ide.mcu.externaltools.gnu-tools-for-stm32.9-2020-q2-update.linux64_2.0.0.202105311346/tools/bin/../lib/gcc/arm-none-eabi/9.3.1/thumb/v7e-m/nofp/crtn.o
                0x0000000008000bc8                . = ALIGN (0x4)
                0x0000000008000bc8                _etext = .

.vfp11_veneer   0x0000000008000bc8        0x0
 .vfp11_veneer  0x0000000008000bc8        0x0 linker stubs

.v4_bx          0x0000000008000bc8        0x0
 .v4_bx         0x0000000008000bc8        0x0 linker stubs

.iplt           0x0000000008000bc8        0x0
 .iplt          0x0000000008000bc8        0x0 /home/khorton/st/stm32cubeide_1.8.0/plugins/com.st.stm32cube.ide.mcu.externaltools.gnu-tools-for-stm32.9-2020-q2-update.linux64_2.0.0.202105311346/tools/bin/../lib/gcc/arm-none-eabi/9.3.1/thumb/v7e-m/nofp/crtbegin.o

.rodata         0x0000000008000bc8       0x14
                0x0000000008000bc8                . = ALIGN (0x4)
 *(.rodata)
 .rodata        0x0000000008000bc8       0x13 ./Src/main.o
 *(.rodata*)
                0x0000000008000bdc                . = ALIGN (0x4)
 *fill*         0x0000000008000bdb        0x1 

.rel.dyn        0x0000000008000bdc        0x0
 .rel.iplt      0x0000000008000bdc        0x0 /home/khorton/st/stm32cubeide_1.8.0/plugins/com.st.stm32cube.ide.mcu.externaltools.gnu-tools-for-stm32.9-2020-q2-update.linux64_2.0.0.202105311346/tools/bin/../lib/gcc/arm-none-eabi/9.3.1/thumb/v7e-m/nofp/crtbegin.o

.ARM.extab      0x0000000008000bdc        0x0
                0x0000000008000bdc                . = ALIGN (0x4)
 *(.ARM.extab* .gnu.linkonce.armextab.*)
                0x0000000008000bdc                . = ALIGN (0x4)

.ARM            0x0000000008000bdc        0x0
                0x0000000008000bdc                . = ALIGN (0x4)
                0x0000000008000bdc                __exidx_start = .
 *(.ARM.exidx*)
                0x0000000008000bdc                __exidx_end = .
                0x0000000008000bdc                . = ALIGN (0x4)

.preinit_array  0x0000000008000bdc        0x0
                0x0000000008000bdc                . = ALIGN (0x4)
                0x0000000008000bdc                PROVIDE (__preinit_array_start = .)
 *(.preinit_array*)
                0x0000000008000bdc                PROVIDE (__preinit_array_end = .)
                0x0000000008000bdc                . = ALIGN (0x4)

.init_array     0x0000000008000bdc        0x4
                0x0000000008000bdc                . = ALIGN (0x4)
                0x0000000008000bdc                PROVIDE (__init_array_start = .)
 *(SORT_BY_NAME(.init_array.*))
 *(.init_array*)
 .init_array    0x0000000008000bdc        0x4 /home/khorton/st/stm32cubeide_1.8.0/plugins/com.st.stm32cube.ide.mcu.externaltools.gnu-tools-for-stm32.9-2020-q2-update.linux64_2.0.0.202105311346/tools/bin/../lib/gcc/arm-none-eabi/9.3.1/thumb/v7e-m/nofp/crtbegin.o
                0x0000000008000be0                PROVIDE (__init_array_end = .)
                0x0000000008000be0                . = ALIGN (0x4)

.fini_array     0x0000000008000be0        0x4
                0x0000000008000be0                . = ALIGN (0x4)
                [!provide]                        PROVIDE (__fini_array_start = .)
 *(SORT_BY_NAME(.fini_array.*))
 *(.fini_array*)
 .fini_array    0x0000000008000be0        0x4 /home/khorton/st/stm32cubeide_1.8.0/plugins/com.st.stm32cube.ide.mcu.externaltools.gnu-tools-for-stm32.9-2020-q2-update.linux64_2.0.0.202105311346/tools/bin/../lib/gcc/arm-none-eabi/9.3.1/thumb/v7e-m/nofp/crtbegin.o
                [!provide]                        PROVIDE (__fini_array_end = .)
                0x0000000008000be4                . = ALIGN (0x4)
                0x0000000008000be4                _sidata = LOADADDR (.data)

.data           0x0000000020000000        0x0 load address 0x0000000008000be4
                0x0000000020000000                . = ALIGN (0x4)
                0x0000000020000000                _sdata = .
 *(.data)
 *(.data*)
 *(.RamFunc)
 *(.RamFunc*)
                0x0000000020000000                . = ALIGN (0x4)
                0x0000000020000000                _edata = .
                0x0000000008000be4                _siccmram = LOADADDR (.ccmram)

.igot.plt       0x0000000020000000        0x0 load address 0x0000000008000be4
 .igot.plt      0x0000000020000000        0x0 /home/khorton/st/stm32cubeide_1.8.0/plugins/com.st.stm32cube.ide.mcu.externaltools.gnu-tools-for-stm32.9-2020-q2-update.linux64_2.0.0.202105311346/tools/bin/../lib/gcc/arm-none-eabi/9.3.1/thumb/v7e-m/nofp/crtbegin.o

.ccmram         0x0000000010000000        0x0 load address 0x0000000008000be4
                0x0000000010000000                . = ALIGN (0x4)
                0x0000000010000000                _sccmram = .
 *(.ccmram)
 *(.ccmram*)
                0x0000000010000000                . = ALIGN (0x4)
                0x0000000010000000                _eccmram = .
                0x0000000010000000                . = ALIGN (0x4)

.bss            0x0000000020000000       0x1c
                0x0000000020000000                _sbss = .
                0x0000000020000000                __bss_start__ = _sbss
 *(.bss)
 .bss           0x0000000020000000       0x1c /home/khorton/st/stm32cubeide_1.8.0/plugins/com.st.stm32cube.ide.mcu.externaltools.gnu-tools-for-stm32.9-2020-q2-update.linux64_2.0.0.202105311346/tools/bin/../lib/gcc/arm-none-eabi/9.3.1/thumb/v7e-m/nofp/crtbegin.o
 *(.bss*)
 *(COMMON)
                0x000000002000001c                . = ALIGN (0x4)
                0x000000002000001c                _ebss = .
                0x000000002000001c                __bss_end__ = _ebss

._user_heap_stack
                0x000000002000001c      0x604
                0x0000000020000020                . = ALIGN (0x8)
 *fill*         0x000000002000001c        0x4 
                [!provide]                        PROVIDE (end = .)
                0x0000000020000020                PROVIDE (_end = .)
                0x0000000020000220                . = (. + _Min_Heap_Size)
 *fill*         0x0000000020000020      0x200 
                0x0000000020000620                . = (. + _Min_Stack_Size)
 *fill*         0x0000000020000220      0x400 
                0x0000000020000620                . = ALIGN (0x8)

/DISCARD/
 libc.a(*)
 libm.a(*)
 libgcc.a(*)

.ARM.attributes
                0x0000000000000000       0x2a
 *(.ARM.attributes)
 .ARM.attributes
                0x0000000000000000       0x1e /home/khorton/st/stm32cubeide_1.8.0/plugins/com.st.stm32cube.ide.mcu.externaltools.gnu-tools-for-stm32.9-2020-q2-update.linux64_2.0.0.202105311346/tools/bin/../lib/gcc/arm-none-eabi/9.3.1/thumb/v7e-m/nofp/crti.o
 .ARM.attributes
                0x000000000000001e       0x2e /home/khorton/st/stm32cubeide_1.8.0/plugins/com.st.stm32cube.ide.mcu.externaltools.gnu-tools-for-stm32.9-2020-q2-update.linux64_2.0.0.202105311346/tools/bin/../lib/gcc/arm-none-eabi/9.3.1/thumb/v7e-m/nofp/crtbegin.o
 .ARM.attributes
                0x000000000000004c       0x2e ./Drivers/Src/stm32f407xx_adc_driver.o
 .ARM.attributes
                0x000000000000007a       0x2e ./Drivers/Src/stm32f407xx_gpio_driver.o
 .ARM.attributes
                0x00000000000000a8       0x2e ./Drivers/Src/stm32f407xx_usart_driver.o
 .ARM.attributes
                0x00000000000000d6       0x2e ./Src/main.o
 .ARM.attributes
                0x0000000000000104       0x21 ./Startup/startup_stm32f407vgtx.o
 .ARM.attributes
                0x0000000000000125       0x2e /home/khorton/st/stm32cubeide_1.8.0/plugins/com.st.stm32cube.ide.mcu.externaltools.gnu-tools-for-stm32.9-2020-q2-update.linux64_2.0.0.202105311346/tools/bin/../lib/gcc/arm-none-eabi/9.3.1/../../../../arm-none-eabi/lib/thumb/v7e-m/nofp/libc_nano.a(lib_a-init.o)
 .ARM.attributes
                0x0000000000000153       0x1e /home/khorton/st/stm32cubeide_1.8.0/plugins/com.st.stm32cube.ide.mcu.externaltools.gnu-tools-for-stm32.9-2020-q2-update.linux64_2.0.0.202105311346/tools/bin/../lib/gcc/arm-none-eabi/9.3.1/thumb/v7e-m/nofp/crtn.o
OUTPUT(stm32f407xxDrivers.elf elf32-littlearm)
LOAD linker stubs
LOAD /home/khorton/st/stm32cubeide_1.8.0/plugins/com.st.stm32cube.ide.mcu.externaltools.gnu-tools-for-stm32.9-2020-q2-update.linux64_2.0.0.202105311346/tools/bin/../lib/gcc/arm-none-eabi/9.3.1/../../../../arm-none-eabi/lib/thumb/v7e-m/nofp/libc.a
LOAD /home/khorton/st/stm32cubeide_1.8.0/plugins/com.st.stm32cube.ide.mcu.externaltools.gnu-tools-for-stm32.9-2020-q2-update.linux64_2.0.0.202105311346/tools/bin/../lib/gcc/arm-none-eabi/9.3.1/../../../../arm-none-eabi/lib/thumb/v7e-m/nofp/libm.a
LOAD /home/khorton/st/stm32cubeide_1.8.0/plugins/com.st.stm32cube.ide.mcu.externaltools.gnu-tools-for-stm32.9-2020-q2-update.linux64_2.0.0.202105311346/tools/bin/../lib/gcc/arm-none-eabi/9.3.1/thumb/v7e-m/nofp/libgcc.a

.debug_info     0x0000000000000000     0x3453
 .debug_info    0x0000000000000000      0x46e ./Drivers/Src/stm32f407xx_adc_driver.o
 .debug_info    0x000000000000046e     0x13e8 ./Drivers/Src/stm32f407xx_gpio_driver.o
 .debug_info    0x0000000000001856      0x766 ./Drivers/Src/stm32f407xx_usart_driver.o
 .debug_info    0x0000000000001fbc     0x1475 ./Src/main.o
 .debug_info    0x0000000000003431       0x22 ./Startup/startup_stm32f407vgtx.o

.debug_abbrev   0x0000000000000000      0xa70
 .debug_abbrev  0x0000000000000000       0xd2 ./Drivers/Src/stm32f407xx_adc_driver.o
 .debug_abbrev  0x00000000000000d2      0x33b ./Drivers/Src/stm32f407xx_gpio_driver.o
 .debug_abbrev  0x000000000000040d      0x2a5 ./Drivers/Src/stm32f407xx_usart_driver.o
 .debug_abbrev  0x00000000000006b2      0x3ac ./Src/main.o
 .debug_abbrev  0x0000000000000a5e       0x12 ./Startup/startup_stm32f407vgtx.o

.debug_aranges  0x0000000000000000      0x150
 .debug_aranges
                0x0000000000000000       0x20 ./Drivers/Src/stm32f407xx_adc_driver.o
 .debug_aranges
                0x0000000000000020       0x90 ./Drivers/Src/stm32f407xx_gpio_driver.o
 .debug_aranges
                0x00000000000000b0       0x48 ./Drivers/Src/stm32f407xx_usart_driver.o
 .debug_aranges
                0x00000000000000f8       0x30 ./Src/main.o
 .debug_aranges
                0x0000000000000128       0x28 ./Startup/startup_stm32f407vgtx.o

.debug_ranges   0x0000000000000000      0x120
 .debug_ranges  0x0000000000000000       0x10 ./Drivers/Src/stm32f407xx_adc_driver.o
 .debug_ranges  0x0000000000000010       0x98 ./Drivers/Src/stm32f407xx_gpio_driver.o
 .debug_ranges  0x00000000000000a8       0x38 ./Drivers/Src/stm32f407xx_usart_driver.o
 .debug_ranges  0x00000000000000e0       0x20 ./Src/main.o
 .debug_ranges  0x0000000000000100       0x20 ./Startup/startup_stm32f407vgtx.o

.debug_macro    0x0000000000000000     0x3206
 .debug_macro   0x0000000000000000       0xad ./Drivers/Src/stm32f407xx_adc_driver.o
 .debug_macro   0x00000000000000ad      0xb7a ./Drivers/Src/stm32f407xx_adc_driver.o
 .debug_macro   0x0000000000000c27      0x17b ./Drivers/Src/stm32f407xx_adc_driver.o
 .debug_macro   0x0000000000000da2       0x1c ./Drivers/Src/stm32f407xx_adc_driver.o
 .debug_macro   0x0000000000000dbe       0x22 ./Drivers/Src/stm32f407xx_adc_driver.o
 .debug_macro   0x0000000000000de0       0x8e ./Drivers/Src/stm32f407xx_adc_driver.o
 .debug_macro   0x0000000000000e6e       0x51 ./Drivers/Src/stm32f407xx_adc_driver.o
 .debug_macro   0x0000000000000ebf      0x103 ./Drivers/Src/stm32f407xx_adc_driver.o
 .debug_macro   0x0000000000000fc2       0x6a ./Drivers/Src/stm32f407xx_adc_driver.o
 .debug_macro   0x000000000000102c      0x1df ./Drivers/Src/stm32f407xx_adc_driver.o
 .debug_macro   0x000000000000120b      0x6ce ./Drivers/Src/stm32f407xx_adc_driver.o
 .debug_macro   0x00000000000018d9      0x12a ./Drivers/Src/stm32f407xx_adc_driver.o
 .debug_macro   0x0000000000001a03       0x1c ./Drivers/Src/stm32f407xx_adc_driver.o
 .debug_macro   0x0000000000001a1f      0x212 ./Drivers/Src/stm32f407xx_gpio_driver.o
 .debug_macro   0x0000000000001c31       0x16 ./Drivers/Src/stm32f407xx_gpio_driver.o
 .debug_macro   0x0000000000001c47       0x52 ./Drivers/Src/stm32f407xx_gpio_driver.o
 .debug_macro   0x0000000000001c99       0x18 ./Drivers/Src/stm32f407xx_gpio_driver.o
 .debug_macro   0x0000000000001cb1       0x3c ./Drivers/Src/stm32f407xx_gpio_driver.o
 .debug_macro   0x0000000000001ced       0x34 ./Drivers/Src/stm32f407xx_gpio_driver.o
 .debug_macro   0x0000000000001d21       0x16 ./Drivers/Src/stm32f407xx_gpio_driver.o
 .debug_macro   0x0000000000001d37       0x35 ./Drivers/Src/stm32f407xx_gpio_driver.o
 .debug_macro   0x0000000000001d6c      0x35c ./Drivers/Src/stm32f407xx_gpio_driver.o
 .debug_macro   0x00000000000020c8       0x10 ./Drivers/Src/stm32f407xx_gpio_driver.o
 .debug_macro   0x00000000000020d8       0x16 ./Drivers/Src/stm32f407xx_gpio_driver.o
 .debug_macro   0x00000000000020ee       0x43 ./Drivers/Src/stm32f407xx_gpio_driver.o
 .debug_macro   0x0000000000002131       0x34 ./Drivers/Src/stm32f407xx_gpio_driver.o
 .debug_macro   0x0000000000002165       0x10 ./Drivers/Src/stm32f407xx_gpio_driver.o
 .debug_macro   0x0000000000002175       0x58 ./Drivers/Src/stm32f407xx_gpio_driver.o
 .debug_macro   0x00000000000021cd       0x71 ./Drivers/Src/stm32f407xx_gpio_driver.o
 .debug_macro   0x000000000000223e       0x16 ./Drivers/Src/stm32f407xx_gpio_driver.o
 .debug_macro   0x0000000000002254      0x12a ./Drivers/Src/stm32f407xx_gpio_driver.o
 .debug_macro   0x000000000000237e       0x10 ./Drivers/Src/stm32f407xx_gpio_driver.o
 .debug_macro   0x000000000000238e       0x1c ./Drivers/Src/stm32f407xx_gpio_driver.o
 .debug_macro   0x00000000000023aa       0x52 ./Drivers/Src/stm32f407xx_gpio_driver.o
 .debug_macro   0x00000000000023fc       0x22 ./Drivers/Src/stm32f407xx_gpio_driver.o
 .debug_macro   0x000000000000241e       0x10 ./Drivers/Src/stm32f407xx_gpio_driver.o
 .debug_macro   0x000000000000242e       0x40 ./Drivers/Src/stm32f407xx_gpio_driver.o
 .debug_macro   0x000000000000246e       0xd5 ./Drivers/Src/stm32f407xx_gpio_driver.o
 .debug_macro   0x0000000000002543       0x1c ./Drivers/Src/stm32f407xx_gpio_driver.o
 .debug_macro   0x000000000000255f       0x3d ./Drivers/Src/stm32f407xx_gpio_driver.o
 .debug_macro   0x000000000000259c       0x16 ./Drivers/Src/stm32f407xx_gpio_driver.o
 .debug_macro   0x00000000000025b2      0x137 ./Drivers/Src/stm32f407xx_gpio_driver.o
 .debug_macro   0x00000000000026e9       0xb3 ./Drivers/Src/stm32f407xx_usart_driver.o
 .debug_macro   0x000000000000279c      0x1bf ./Src/main.o
 .debug_macro   0x000000000000295b      0x17c ./Src/main.o
 .debug_macro   0x0000000000002ad7       0x10 ./Src/main.o
 .debug_macro   0x0000000000002ae7      0x41e ./Src/main.o
 .debug_macro   0x0000000000002f05       0x10 ./Src/main.o
 .debug_macro   0x0000000000002f15       0x16 ./Src/main.o
 .debug_macro   0x0000000000002f2b      0x10e ./Src/main.o
 .debug_macro   0x0000000000003039       0x94 ./Src/main.o
 .debug_macro   0x00000000000030cd       0x16 ./Src/main.o
 .debug_macro   0x00000000000030e3       0x29 ./Src/main.o
 .debug_macro   0x000000000000310c       0x1c ./Src/main.o
 .debug_macro   0x0000000000003128       0xde ./Src/main.o

.debug_line     0x0000000000000000     0x1d2b
 .debug_line    0x0000000000000000      0x462 ./Drivers/Src/stm32f407xx_adc_driver.o
 .debug_line    0x0000000000000462      0x9e1 ./Drivers/Src/stm32f407xx_gpio_driver.o
 .debug_line    0x0000000000000e43      0x58e ./Drivers/Src/stm32f407xx_usart_driver.o
 .debug_line    0x00000000000013d1      0x8d6 ./Src/main.o
 .debug_line    0x0000000000001ca7       0x84 ./Startup/startup_stm32f407vgtx.o

.debug_str      0x0000000000000000     0xc5a2
 .debug_str     0x0000000000000000     0x6477 ./Drivers/Src/stm32f407xx_adc_driver.o
                                       0x6698 (size before relaxing)
 .debug_str     0x0000000000006477     0x451c ./Drivers/Src/stm32f407xx_gpio_driver.o
                                       0xac15 (size before relaxing)
 .debug_str     0x000000000000a993      0x123 ./Drivers/Src/stm32f407xx_usart_driver.o
                                       0x6899 (size before relaxing)
 .debug_str     0x000000000000aab6     0x1abb ./Src/main.o
                                       0xb41c (size before relaxing)
 .debug_str     0x000000000000c571       0x31 ./Startup/startup_stm32f407vgtx.o
                                         0x6d (size before relaxing)

.comment        0x0000000000000000       0x53
 .comment       0x0000000000000000       0x53 ./Drivers/Src/stm32f407xx_adc_driver.o
                                         0x54 (size before relaxing)
 .comment       0x0000000000000053       0x54 ./Drivers/Src/stm32f407xx_gpio_driver.o
 .comment       0x0000000000000053       0x54 ./Drivers/Src/stm32f407xx_usart_driver.o
 .comment       0x0000000000000053       0x54 ./Src/main.o

.debug_frame    0x0000000000000000      0x430
 .debug_frame   0x0000000000000000       0x38 ./Drivers/Src/stm32f407xx_adc_driver.o
 .debug_frame   0x0000000000000038      0x260 ./Drivers/Src/stm32f407xx_gpio_driver.o
 .debug_frame   0x0000000000000298       0xf8 ./Drivers/Src/stm32f407xx_usart_driver.o
 .debug_frame   0x0000000000000390       0x74 ./Src/main.o
 .debug_frame   0x0000000000000404       0x2c /home/khorton/st/stm32cubeide_1.8.0/plugins/com.st.stm32cube.ide.mcu.externaltools.gnu-tools-for-stm32.9-2020-q2-update.linux64_2.0.0.202105311346/tools/bin/../lib/gcc/arm-none-eabi/9.3.1/../../../../arm-none-eabi/lib/thumb/v7e-m/nofp/libc_nano.a(lib_a-init.o)
