Archive member included to satisfy reference by file (symbol)

/home/khorton/st/stm32cubeide_1.8.0/plugins/com.st.stm32cube.ide.mcu.externaltools.gnu-tools-for-stm32.9-2020-q2-update.linux64_2.0.0.202105311346/tools/bin/../lib/gcc/arm-none-eabi/9.3.1/../../../../arm-none-eabi/lib/thumb/v7e-m/nofp/libc_nano.a(lib_a-errno.o)
                              ./Src/syscalls.o (__errno)
/home/khorton/st/stm32cubeide_1.8.0/plugins/com.st.stm32cube.ide.mcu.externaltools.gnu-tools-for-stm32.9-2020-q2-update.linux64_2.0.0.202105311346/tools/bin/../lib/gcc/arm-none-eabi/9.3.1/../../../../arm-none-eabi/lib/thumb/v7e-m/nofp/libc_nano.a(lib_a-exit.o)
                              /home/khorton/st/stm32cubeide_1.8.0/plugins/com.st.stm32cube.ide.mcu.externaltools.gnu-tools-for-stm32.9-2020-q2-update.linux64_2.0.0.202105311346/tools/bin/../lib/gcc/arm-none-eabi/9.3.1/../../../../arm-none-eabi/lib/thumb/v7e-m/nofp/crt0.o (exit)
/home/khorton/st/stm32cubeide_1.8.0/plugins/com.st.stm32cube.ide.mcu.externaltools.gnu-tools-for-stm32.9-2020-q2-update.linux64_2.0.0.202105311346/tools/bin/../lib/gcc/arm-none-eabi/9.3.1/../../../../arm-none-eabi/lib/thumb/v7e-m/nofp/libc_nano.a(lib_a-impure.o)
                              /home/khorton/st/stm32cubeide_1.8.0/plugins/com.st.stm32cube.ide.mcu.externaltools.gnu-tools-for-stm32.9-2020-q2-update.linux64_2.0.0.202105311346/tools/bin/../lib/gcc/arm-none-eabi/9.3.1/../../../../arm-none-eabi/lib/thumb/v7e-m/nofp/libc_nano.a(lib_a-exit.o) (_global_impure_ptr)
/home/khorton/st/stm32cubeide_1.8.0/plugins/com.st.stm32cube.ide.mcu.externaltools.gnu-tools-for-stm32.9-2020-q2-update.linux64_2.0.0.202105311346/tools/bin/../lib/gcc/arm-none-eabi/9.3.1/../../../../arm-none-eabi/lib/thumb/v7e-m/nofp/libc_nano.a(lib_a-init.o)
                              /home/khorton/st/stm32cubeide_1.8.0/plugins/com.st.stm32cube.ide.mcu.externaltools.gnu-tools-for-stm32.9-2020-q2-update.linux64_2.0.0.202105311346/tools/bin/../lib/gcc/arm-none-eabi/9.3.1/../../../../arm-none-eabi/lib/thumb/v7e-m/nofp/crt0.o (__libc_init_array)
/home/khorton/st/stm32cubeide_1.8.0/plugins/com.st.stm32cube.ide.mcu.externaltools.gnu-tools-for-stm32.9-2020-q2-update.linux64_2.0.0.202105311346/tools/bin/../lib/gcc/arm-none-eabi/9.3.1/../../../../arm-none-eabi/lib/thumb/v7e-m/nofp/libc_nano.a(lib_a-memset.o)
                              /home/khorton/st/stm32cubeide_1.8.0/plugins/com.st.stm32cube.ide.mcu.externaltools.gnu-tools-for-stm32.9-2020-q2-update.linux64_2.0.0.202105311346/tools/bin/../lib/gcc/arm-none-eabi/9.3.1/../../../../arm-none-eabi/lib/thumb/v7e-m/nofp/crt0.o (memset)
/home/khorton/st/stm32cubeide_1.8.0/plugins/com.st.stm32cube.ide.mcu.externaltools.gnu-tools-for-stm32.9-2020-q2-update.linux64_2.0.0.202105311346/tools/bin/../lib/gcc/arm-none-eabi/9.3.1/../../../../arm-none-eabi/lib/thumb/v7e-m/nofp/libc_nano.a(lib_a-printf.o)
                              ./Src/main.o (printf)
/home/khorton/st/stm32cubeide_1.8.0/plugins/com.st.stm32cube.ide.mcu.externaltools.gnu-tools-for-stm32.9-2020-q2-update.linux64_2.0.0.202105311346/tools/bin/../lib/gcc/arm-none-eabi/9.3.1/../../../../arm-none-eabi/lib/thumb/v7e-m/nofp/libc_nano.a(lib_a-findfp.o)
                              /home/khorton/st/stm32cubeide_1.8.0/plugins/com.st.stm32cube.ide.mcu.externaltools.gnu-tools-for-stm32.9-2020-q2-update.linux64_2.0.0.202105311346/tools/bin/../lib/gcc/arm-none-eabi/9.3.1/../../../../arm-none-eabi/lib/thumb/v7e-m/nofp/libc_nano.a(lib_a-printf.o) (__sinit)
/home/khorton/st/stm32cubeide_1.8.0/plugins/com.st.stm32cube.ide.mcu.externaltools.gnu-tools-for-stm32.9-2020-q2-update.linux64_2.0.0.202105311346/tools/bin/../lib/gcc/arm-none-eabi/9.3.1/../../../../arm-none-eabi/lib/thumb/v7e-m/nofp/libc_nano.a(lib_a-fwalk.o)
                              /home/khorton/st/stm32cubeide_1.8.0/plugins/com.st.stm32cube.ide.mcu.externaltools.gnu-tools-for-stm32.9-2020-q2-update.linux64_2.0.0.202105311346/tools/bin/../lib/gcc/arm-none-eabi/9.3.1/../../../../arm-none-eabi/lib/thumb/v7e-m/nofp/libc_nano.a(lib_a-findfp.o) (_fwalk)
/home/khorton/st/stm32cubeide_1.8.0/plugins/com.st.stm32cube.ide.mcu.externaltools.gnu-tools-for-stm32.9-2020-q2-update.linux64_2.0.0.202105311346/tools/bin/../lib/gcc/arm-none-eabi/9.3.1/../../../../arm-none-eabi/lib/thumb/v7e-m/nofp/libc_nano.a(lib_a-lock.o)
                              /home/khorton/st/stm32cubeide_1.8.0/plugins/com.st.stm32cube.ide.mcu.externaltools.gnu-tools-for-stm32.9-2020-q2-update.linux64_2.0.0.202105311346/tools/bin/../lib/gcc/arm-none-eabi/9.3.1/../../../../arm-none-eabi/lib/thumb/v7e-m/nofp/libc_nano.a(lib_a-findfp.o) (__retarget_lock_init_recursive)
/home/khorton/st/stm32cubeide_1.8.0/plugins/com.st.stm32cube.ide.mcu.externaltools.gnu-tools-for-stm32.9-2020-q2-update.linux64_2.0.0.202105311346/tools/bin/../lib/gcc/arm-none-eabi/9.3.1/../../../../arm-none-eabi/lib/thumb/v7e-m/nofp/libc_nano.a(lib_a-nano-mallocr.o)
[...]
Memory Configuration

Name             Origin             Length             Attributes
CCMRAM           0x0000000010000000 0x0000000000010000 xrw
RAM              0x0000000020000000 0x0000000000020000 xrw
FLASH            0x0000000008000000 0x0000000000100000 xr
*default*        0x0000000000000000 0xffffffffffffffff

Linker script and memory map

LOAD /home/khorton/st/stm32cubeide_1.8.0/plugins/com.st.stm32cube.ide.mcu.externaltools.gnu-tools-for-stm32.9-2020-q2-update.linux64_2.0.0.202105311346/tools/bin/../lib/gcc/arm-none-eabi/9.3.1/thumb/v7e-m/nofp/crti.o
LOAD /home/khorton/st/stm32cubeide_1.8.0/plugins/com.st.stm32cube.ide.mcu.externaltools.gnu-tools-for-stm32.9-2020-q2-update.linux64_2.0.0.202105311346/tools/bin/../lib/gcc/arm-none-eabi/9.3.1/thumb/v7e-m/nofp/crtbegin.o
LOAD /home/khorton/st/stm32cubeide_1.8.0/plugins/com.st.stm32cube.ide.mcu.externaltools.gnu-tools-for-stm32.9-2020-q2-update.linux64_2.0.0.202105311346/tools/bin/../lib/gcc/arm-none-eabi/9.3.1/../../../../arm-none-eabi/lib/thumb/v7e-m/nofp/crt0.o
LOAD ./Drivers/Src/stm32f407xx_adc_driver.o
LOAD ./Drivers/Src/stm32f407xx_gpio_driver.o
LOAD ./Drivers/Src/stm32f407xx_i2c_driver.o
LOAD ./Drivers/Src/stm32f407xx_usart_driver.o
LOAD ./Src/main.o
LOAD ./Src/syscalls.o
LOAD ./Src/sysmem.o
LOAD ./Startup/startup_stm32f407vgtx.o
START GROUP
LOAD /home/khorton/st/stm32cubeide_1.8.0/plugins/com.st.stm32cube.ide.mcu.externaltools.gnu-tools-for-stm32.9-2020-q2-update.linux64_2.0.0.202105311346/tools/bin/../lib/gcc/arm-none-eabi/9.3.1/../../../../arm-none-eabi/lib/thumb/v7e-m/nofp/libstdc++_nano.a
LOAD /home/khorton/st/stm32cubeide_1.8.0/plugins/com.st.stm32cube.ide.mcu.externaltools.gnu-tools-for-stm32.9-2020-q2-update.linux64_2.0.0.202105311346/tools/bin/../lib/gcc/arm-none-eabi/9.3.1/../../../../arm-none-eabi/lib/thumb/v7e-m/nofp/libsupc++_nano.a
END GROUP
LOAD /home/khorton/st/stm32cubeide_1.8.0/plugins/com.st.stm32cube.ide.mcu.externaltools.gnu-tools-for-stm32.9-2020-q2-update.linux64_2.0.0.202105311346/tools/bin/../lib/gcc/arm-none-eabi/9.3.1/../../../../arm-none-eabi/lib/thumb/v7e-m/nofp/libstdc++_nano.a
LOAD /home/khorton/st/stm32cubeide_1.8.0/plugins/com.st.stm32cube.ide.mcu.externaltools.gnu-tools-for-stm32.9-2020-q2-update.linux64_2.0.0.202105311346/tools/bin/../lib/gcc/arm-none-eabi/9.3.1/../../../../arm-none-eabi/lib/thumb/v7e-m/nofp/libm.a
LOAD /home/khorton/st/stm32cubeide_1.8.0/plugins/com.st.stm32cube.ide.mcu.externaltools.gnu-tools-for-stm32.9-2020-q2-update.linux64_2.0.0.202105311346/tools/bin/../lib/gcc/arm-none-eabi/9.3.1/../../../../arm-none-eabi/lib/thumb/v7e-m/nofp/libc_nano.a
START GROUP
LOAD /home/khorton/st/stm32cubeide_1.8.0/plugins/com.st.stm32cube.ide.mcu.externaltools.gnu-tools-for-stm32.9-2020-q2-update.linux64_2.0.0.202105311346/tools/bin/../lib/gcc/arm-none-eabi/9.3.1/thumb/v7e-m/nofp/libgcc.a
LOAD /home/khorton/st/stm32cubeide_1.8.0/plugins/com.st.stm32cube.ide.mcu.externaltools.gnu-tools-for-stm32.9-2020-q2-update.linux64_2.0.0.202105311346/tools/bin/../lib/gcc/arm-none-eabi/9.3.1/../../../../arm-none-eabi/lib/thumb/v7e-m/nofp/libc_nano.a
END GROUP
START GROUP
LOAD /home/khorton/st/stm32cubeide_1.8.0/plugins/com.st.stm32cube.ide.mcu.externaltools.gnu-tools-for-stm32.9-2020-q2-update.linux64_2.0.0.202105311346/tools/bin/../lib/gcc/arm-none-eabi/9.3.1/thumb/v7e-m/nofp/libgcc.a
LOAD /home/khorton/st/stm32cubeide_1.8.0/plugins/com.st.stm32cube.ide.mcu.externaltools.gnu-tools-for-stm32.9-2020-q2-update.linux64_2.0.0.202105311346/tools/bin/../lib/gcc/arm-none-eabi/9.3.1/../../../../arm-none-eabi/lib/thumb/v7e-m/nofp/libc_nano.a
LOAD /home/khorton/st/stm32cubeide_1.8.0/plugins/com.st.stm32cube.ide.mcu.externaltools.gnu-tools-for-stm32.9-2020-q2-update.linux64_2.0.0.202105311346/tools/bin/../lib/gcc/arm-none-eabi/9.3.1/../../../../arm-none-eabi/lib/thumb/v7e-m/nofp/libnosys.a
END GROUP
START GROUP
LOAD /home/khorton/st/stm32cubeide_1.8.0/plugins/com.st.stm32cube.ide.mcu.externaltools.gnu-tools-for-stm32.9-2020-q2-update.linux64_2.0.0.202105311346/tools/bin/../lib/gcc/arm-none-eabi/9.3.1/thumb/v7e-m/nofp/libgcc.a
LOAD /home/khorton/st/stm32cubeide_1.8.0/plugins/com.st.stm32cube.ide.mcu.externaltools.gnu-tools-for-stm32.9-2020-q2-update.linux64_2.0.0.202105311346/tools/bin/../lib/gcc/arm-none-eabi/9.3.1/../../../../arm-none-eabi/lib/thumb/v7e-m/nofp/libc_nano.a
LOAD /home/khorton/st/stm32cubeide_1.8.0/plugins/com.st.stm32cube.ide.mcu.externaltools.gnu-tools-for-stm32.9-2020-q2-update.linux64_2.0.0.202105311346/tools/bin/../lib/gcc/arm-none-eabi/9.3.1/../../../../arm-none-eabi/lib/thumb/v7e-m/nofp/libnosys.a
END GROUP
LOAD /home/khorton/st/stm32cubeide_1.8.0/plugins/com.st.stm32cube.ide.mcu.externaltools.gnu-tools-for-stm32.9-2020-q2-update.linux64_2.0.0.202105311346/tools/bin/../lib/gcc/arm-none-eabi/9.3.1/thumb/v7e-m/nofp/crtend.o
LOAD /home/khorton/st/stm32cubeide_1.8.0/plugins/com.st.stm32cube.ide.mcu.externaltools.gnu-tools-for-stm32.9-2020-q2-update.linux64_2.0.0.202105311346/tools/bin/../lib/gcc/arm-none-eabi/9.3.1/thumb/v7e-m/nofp/crtn.o
                0x0000000020020000                _estack = (ORIGIN (RAM) + LENGTH (RAM))
                0x0000000000000200                _Min_Heap_Size = 0x200
                0x0000000000000400                _Min_Stack_Size = 0x400

.isr_vector     0x0000000008000000      0x1a8
                0x0000000008000000                . = ALIGN (0x4)
 *(.isr_vector)
 .isr_vector    0x0000000008000000      0x1a8 ./Startup/startup_stm32f407vgtx.o
                0x0000000008000000                g_pfnVectors
                0x00000000080001a8                . = ALIGN (0x4)

.text           0x00000000080001b0     0x1bbc
                0x00000000080001b0                . = ALIGN (0x4)
 *(.text)
 .text          0x00000000080001b0       0x40 /home/khorton/st/stm32cubeide_1.8.0/plugins/com.st.stm32cube.ide.mcu.externaltools.gnu-tools-for-stm32.9-2020-q2-update.linux64_2.0.0.202105311346/tools/bin/../lib/gcc/arm-none-eabi/9.3.1/thumb/v7e-m/nofp/crtbegin.o
 .text          0x00000000080001f0       0xa0 /home/khorton/st/stm32cubeide_1.8.0/plugins/com.st.stm32cube.ide.mcu.externaltools.gnu-tools-for-stm32.9-2020-q2-update.linux64_2.0.0.202105311346/tools/bin/../lib/gcc/arm-none-eabi/9.3.1/../../../../arm-none-eabi/lib/thumb/v7e-m/nofp/libc_nano.a(lib_a-memchr.o)
                0x00000000080001f0                memchr
 *(.text*)
 .text._Z8ADC_Initv
                0x0000000008000290       0xb8 ./Drivers/Src/stm32f407xx_adc_driver.o
                0x0000000008000290                ADC_Init()
 .text._ZN4Gpio9PinConfigC2Ehh
                0x0000000008000348       0x28 ./Drivers/Src/stm32f407xx_gpio_driver.o
                0x0000000008000348                Gpio::PinConfig::PinConfig(unsigned char, unsigned char)
                0x0000000008000348                Gpio::PinConfig::PinConfig(unsigned char, unsigned char)
 .text._ZN4Gpio9PinConfigC2Ehhh
                0x0000000008000370       0x38 ./Drivers/Src/stm32f407xx_gpio_driver.o
                0x0000000008000370                Gpio::PinConfig::PinConfig(unsigned char, unsigned char, unsigned char)
                0x0000000008000370                Gpio::PinConfig::PinConfig(unsigned char, unsigned char, unsigned char)
 .text._ZN4Gpio9PinConfigC2Ehhhh
                0x00000000080003a8       0x3e ./Drivers/Src/stm32f407xx_gpio_driver.o
                0x00000000080003a8                Gpio::PinConfig::PinConfig(unsigned char, unsigned char, unsigned char, unsigned char)
                0x00000000080003a8                Gpio::PinConfig::PinConfig(unsigned char, unsigned char, unsigned char, unsigned char)
 .text._ZN4Gpio7HandlerC2EP13GPIO_RegDef_tPNS_9PinConfigE
                0x00000000080003e6       0x24 ./Drivers/Src/stm32f407xx_gpio_driver.o
                0x00000000080003e6                Gpio::Handler::Handler(GPIO_RegDef_t*, Gpio::PinConfig*)
                0x00000000080003e6                Gpio::Handler::Handler(GPIO_RegDef_t*, Gpio::PinConfig*)
 *fill*         0x000000000800040a        0x2 
 .text._ZN4Gpio16PeriClockControlEP13GPIO_RegDef_th
                0x000000000800040c       0xe0 ./Drivers/Src/stm32f407xx_gpio_driver.o
                0x000000000800040c                Gpio::PeriClockControl(GPIO_RegDef_t*, unsigned char)
 .text._ZN4Gpio4InitEPNS_7HandlerE
                0x00000000080004ec      0x2c8 ./Drivers/Src/stm32f407xx_gpio_driver.o
                0x00000000080004ec                Gpio::Init(Gpio::Handler*)
 .text._ZN4Gpio16WriteToOutputPinEP13GPIO_RegDef_thh
                0x00000000080007b4       0x46 ./Drivers/Src/stm32f407xx_gpio_driver.o
                0x00000000080007b4                Gpio::WriteToOutputPin(GPIO_RegDef_t*, unsigned char, unsigned char)
 .text._ZN4Gpio15ToggleOutputPinEP13GPIO_RegDef_th
                0x00000000080007fa       0x28 ./Drivers/Src/stm32f407xx_gpio_driver.o
                0x00000000080007fa                Gpio::ToggleOutputPin(GPIO_RegDef_t*, unsigned char)
 .text._ZN5UsartC2E7USART_t
                0x0000000008000822       0x1e ./Drivers/Src/stm32f407xx_usart_driver.o
                0x0000000008000822                Usart::Usart(USART_t)
                0x0000000008000822                Usart::Usart(USART_t)
 .text._ZN5Usart10usart_initEv
                0x0000000008000840       0xd4 ./Drivers/Src/stm32f407xx_usart_driver.o
                0x0000000008000840                Usart::usart_init()
 .text._ZN5Usart4putcEc
                0x0000000008000914       0x6c ./Drivers/Src/stm32f407xx_usart_driver.o
                0x0000000008000914                Usart::putc(char)
 .text._ZN5Usart4putsEPKc
                0x0000000008000980       0xa0 ./Drivers/Src/stm32f407xx_usart_driver.o
                0x0000000008000980                Usart::puts(char const*)
 .text.usart3_putc
                0x0000000008000a20       0x38 ./Drivers/Src/stm32f407xx_usart_driver.o
                0x0000000008000a20                usart3_putc
 .text.usart3_puts
                0x0000000008000a58       0x4c ./Drivers/Src/stm32f407xx_usart_driver.o
                0x0000000008000a58                usart3_puts
 .text._Z5delaym
                0x0000000008000aa4       0x2e ./Src/main.o
                0x0000000008000aa4                delay(unsigned long)
 *fill*         0x0000000008000ad2        0x2 
 .text.main     0x0000000008000ad4      0x108 ./Src/main.o
                0x0000000008000ad4                main
 .text.EXTI0_IRQHandler
                0x0000000008000bdc       0x44 ./Src/main.o
                0x0000000008000bdc                EXTI0_IRQHandler
 .text.ADC_IRQHandler
                0x0000000008000c20       0x4c ./Src/main.o
                0x0000000008000c20                ADC_IRQHandler
 .text.ITM_SendChar
                0x0000000008000c6c       0x4c ./Src/syscalls.o
                0x0000000008000c6c                ITM_SendChar
 .text._read    0x0000000008000cb8       0x3a ./Src/syscalls.o
                0x0000000008000cb8                _read
 .text._write   0x0000000008000cf2       0x38 ./Src/syscalls.o
                0x0000000008000cf2                _write
 .text._close   0x0000000008000d2a       0x16 ./Src/syscalls.o
                0x0000000008000d2a                _close
 .text._fstat   0x0000000008000d40       0x1e ./Src/syscalls.o
                0x0000000008000d40                _fstat
 .text._isatty  0x0000000008000d5e       0x14 ./Src/syscalls.o
                0x0000000008000d5e                _isatty
 .text._lseek   0x0000000008000d72       0x18 ./Src/syscalls.o
                0x0000000008000d72                _lseek
 *fill*         0x0000000008000d8a        0x2 
 .text._sbrk    0x0000000008000d8c       0x6c ./Src/sysmem.o
                0x0000000008000d8c                _sbrk
 .text.Reset_Handler
                0x0000000008000df8       0x50 ./Startup/startup_stm32f407vgtx.o
                0x0000000008000df8                Reset_Handler
 .text.Default_Handler
                0x0000000008000e48        0x2 ./Startup/startup_stm32f407vgtx.o
                0x0000000008000e48                RTC_Alarm_IRQHandler
                0x0000000008000e48                HASH_RNG_IRQHandler
                0x0000000008000e48                EXTI2_IRQHandler
                0x0000000008000e48                TIM8_CC_IRQHandler
                0x0000000008000e48                DebugMon_Handler
                0x0000000008000e48                TIM1_CC_IRQHandler
                0x0000000008000e48                DMA2_Stream5_IRQHandler
                0x0000000008000e48                HardFault_Handler
                0x0000000008000e48                DMA1_Stream5_IRQHandler
                0x0000000008000e48                SysTick_Handler
                0x0000000008000e48                PVD_IRQHandler
                0x0000000008000e48                SDIO_IRQHandler
                0x0000000008000e48                TAMP_STAMP_IRQHandler
                0x0000000008000e48                PendSV_Handler
                0x0000000008000e48                NMI_Handler
                0x0000000008000e48                CAN2_RX1_IRQHandler
                0x0000000008000e48                EXTI3_IRQHandler
                0x0000000008000e48                TIM8_TRG_COM_TIM14_IRQHandler
                0x0000000008000e48                TIM1_UP_TIM10_IRQHandler
                0x0000000008000e48                TIM8_UP_TIM13_IRQHandler
                0x0000000008000e48                I2C3_ER_IRQHandler
                0x0000000008000e48                LCD_TFT_IRQHandler
                0x0000000008000e48                I2C2_EV_IRQHandler
                0x0000000008000e48                DMA1_Stream2_IRQHandler
                0x0000000008000e48                CAN1_RX0_IRQHandler
                0x0000000008000e48                FPU_IRQHandler
                0x0000000008000e48                OTG_HS_WKUP_IRQHandler
                0x0000000008000e48                UsageFault_Handler
                0x0000000008000e48                CAN2_SCE_IRQHandler
                0x0000000008000e48                DMA2_Stream2_IRQHandler
                0x0000000008000e48                SPI1_IRQHandler
                0x0000000008000e48                TIM6_DAC_IRQHandler
                0x0000000008000e48                TIM1_BRK_TIM9_IRQHandler
                0x0000000008000e48                DCMI_IRQHandler
                0x0000000008000e48                CAN2_RX0_IRQHandler
                0x0000000008000e48                DMA2_Stream3_IRQHandler
                0x0000000008000e48                USART6_IRQHandler
                0x0000000008000e48                USART3_IRQHandler
                0x0000000008000e48                CRYP_IRQHandler
                0x0000000008000e48                CAN1_RX1_IRQHandler
                0x0000000008000e48                UART5_IRQHandler
                0x0000000008000e48                DMA2_Stream0_IRQHandler
                0x0000000008000e48                TIM4_IRQHandler
                0x0000000008000e48                I2C1_EV_IRQHandler
                0x0000000008000e48                DMA1_Stream6_IRQHandler
                0x0000000008000e48                DMA1_Stream1_IRQHandler
                0x0000000008000e48                UART4_IRQHandler
                0x0000000008000e48                LCD_TFT_1_IRQHandler
                0x0000000008000e48                TIM3_IRQHandler
                0x0000000008000e48                RCC_IRQHandler
                0x0000000008000e48                TIM8_BRK_TIM12_IRQHandler
                0x0000000008000e48                Default_Handler
                0x0000000008000e48                EXTI15_10_IRQHandler
                0x0000000008000e48                DMA1_Stream7_IRQHandler
                0x0000000008000e48                TIM7_IRQHandler
                0x0000000008000e48                CAN2_TX_IRQHandler
                0x0000000008000e48                TIM5_IRQHandler
                0x0000000008000e48                DMA2_Stream7_IRQHandler
                0x0000000008000e48                I2C3_EV_IRQHandler
                0x0000000008000e48                EXTI9_5_IRQHandler
                0x0000000008000e48                RTC_WKUP_IRQHandler
                0x0000000008000e48                ETH_WKUP_IRQHandler
                0x0000000008000e48                SPI2_IRQHandler
                0x0000000008000e48                OTG_HS_EP1_IN_IRQHandler
                0x0000000008000e48                MemManage_Handler
                0x0000000008000e48                DMA1_Stream0_IRQHandler
                0x0000000008000e48                CAN1_TX_IRQHandler
                0x0000000008000e48                SVC_Handler
                0x0000000008000e48                EXTI4_IRQHandler
                0x0000000008000e48                FSMC_IRQHandler
                0x0000000008000e48                ETH_IRQHandler
                0x0000000008000e48                OTG_HS_EP1_OUT_IRQHandler
                0x0000000008000e48                WWDG_IRQHandler
                0x0000000008000e48                TIM2_IRQHandler
                0x0000000008000e48                OTG_FS_WKUP_IRQHandler
                0x0000000008000e48                TIM1_TRG_COM_TIM11_IRQHandler
                0x0000000008000e48                OTG_HS_IRQHandler
                0x0000000008000e48                EXTI1_IRQHandler
                0x0000000008000e48                USART2_IRQHandler
                0x0000000008000e48                I2C2_ER_IRQHandler
                0x0000000008000e48                DMA2_Stream1_IRQHandler
                0x0000000008000e48                CAN1_SCE_IRQHandler
                0x0000000008000e48                DMA2_Stream4_IRQHandler
                0x0000000008000e48                BusFault_Handler
                0x0000000008000e48                USART1_IRQHandler
                0x0000000008000e48                OTG_FS_IRQHandler
                0x0000000008000e48                SPI3_IRQHandler
                0x0000000008000e48                DMA1_Stream4_IRQHandler
                0x0000000008000e48                I2C1_ER_IRQHandler
                0x0000000008000e48                DMA2_Stream6_IRQHandler
                0x0000000008000e48                DMA1_Stream3_IRQHandler
 *fill*         0x0000000008000e4a        0x2 
 .text.__errno  0x0000000008000e4c        0xc /home/khorton/st/stm32cubeide_1.8.0/plugins/com.st.stm32cube.ide.mcu.externaltools.gnu-tools-for-stm32.9-2020-q2-update.linux64_2.0.0.202105311346/tools/bin/../lib/gcc/arm-none-eabi/9.3.1/../../../../arm-none-eabi/lib/thumb/v7e-m/nofp/libc_nano.a(lib_a-errno.o)
                0x0000000008000e4c                __errno
 .text.__libc_init_array
                0x0000000008000e58       0x48 /home/khorton/st/stm32cubeide_1.8.0/plugins/com.st.stm32cube.ide.mcu.externaltools.gnu-tools-for-stm32.9-2020-q2-update.linux64_2.0.0.202105311346/tools/bin/../lib/gcc/arm-none-eabi/9.3.1/../../../../arm-none-eabi/lib/thumb/v7e-m/nofp/libc_nano.a(lib_a-init.o)
                0x0000000008000e58                __libc_init_array
 .text.memset   0x0000000008000ea0       0x10 /home/khorton/st/stm32cubeide_1.8.0/plugins/com.st.stm32cube.ide.mcu.externaltools.gnu-tools-for-stm32.9-2020-q2-update.linux64_2.0.0.202105311346/tools/bin/../lib/gcc/arm-none-eabi/9.3.1/../../../../arm-none-eabi/lib/thumb/v7e-m/nofp/libc_nano.a(lib_a-memset.o)
                0x0000000008000ea0                memset
 .text.printf   0x0000000008000eb0       0x30 /home/khorton/st/stm32cubeide_1.8.0/plugins/com.st.stm32cube.ide.mcu.externaltools.gnu-tools-for-stm32.9-2020-q2-update.linux64_2.0.0.202105311346/tools/bin/../lib/gcc/arm-none-eabi/9.3.1/../../../../arm-none-eabi/lib/thumb/v7e-m/nofp/libc_nano.a(lib_a-printf.o)
                0x0000000008000eb0                printf
                0x0000000008000eb0                iprintf
 .text.std      0x0000000008000ee0       0x48 /home/khorton/st/stm32cubeide_1.8.0/plugins/com.st.stm32cube.ide.mcu.externaltools.gnu-tools-for-stm32.9-2020-q2-update.linux64_2.0.0.202105311346/tools/bin/../lib/gcc/arm-none-eabi/9.3.1/../../../../arm-none-eabi/lib/thumb/v7e-m/nofp/libc_nano.a(lib_a-findfp.o)
 .text._cleanup_r
                0x0000000008000f28        0xc /home/khorton/st/stm32cubeide_1.8.0/plugins/com.st.stm32cube.ide.mcu.externaltools.gnu-tools-for-stm32.9-2020-q2-update.linux64_2.0.0.202105311346/tools/bin/../lib/gcc/arm-none-eabi/9.3.1/../../../../arm-none-eabi/lib/thumb/v7e-m/nofp/libc_nano.a(lib_a-findfp.o)
                0x0000000008000f28                _cleanup_r
 .text.__sfmoreglue
                0x0000000008000f34       0x2c /home/khorton/st/stm32cubeide_1.8.0/plugins/com.st.stm32cube.ide.mcu.externaltools.gnu-tools-for-stm32.9-2020-q2-update.linux64_2.0.0.202105311346/tools/bin/../lib/gcc/arm-none-eabi/9.3.1/../../../../arm-none-eabi/lib/thumb/v7e-m/nofp/libc_nano.a(lib_a-findfp.o)
                0x0000000008000f34                __sfmoreglue
 .text.__sfp_lock_acquire
                0x0000000008000f60        0xc /home/khorton/st/stm32cubeide_1.8.0/plugins/com.st.stm32cube.ide.mcu.externaltools.gnu-tools-for-stm32.9-2020-q2-update.linux64_2.0.0.202105311346/tools/bin/../lib/gcc/arm-none-eabi/9.3.1/../../../../arm-none-eabi/lib/thumb/v7e-m/nofp/libc_nano.a(lib_a-findfp.o)
                0x0000000008000f60                __sfp_lock_acquire
 .text.__sfp_lock_release
                0x0000000008000f6c        0xc /home/khorton/st/stm32cubeide_1.8.0/plugins/com.st.stm32cube.ide.mcu.externaltools.gnu-tools-for-stm32.9-2020-q2-update.linux64_2.0.0.202105311346/tools/bin/../lib/gcc/arm-none-eabi/9.3.1/../../../../arm-none-eabi/lib/thumb/v7e-m/nofp/libc_nano.a(lib_a-findfp.o)
                0x0000000008000f6c                __sfp_lock_release
 .text.__sinit_lock_acquire
                0x0000000008000f78        0xc /home/khorton/st/stm32cubeide_1.8.0/plugins/com.st.stm32cube.ide.mcu.externaltools.gnu-tools-for-stm32.9-2020-q2-update.linux64_2.0.0.202105311346/tools/bin/../lib/gcc/arm-none-eabi/9.3.1/../../../../arm-none-eabi/lib/thumb/v7e-m/nofp/libc_nano.a(lib_a-findfp.o)
                0x0000000008000f78                __sinit_lock_acquire
 .text.__sinit_lock_release
                0x0000000008000f84        0xc /home/khorton/st/stm32cubeide_1.8.0/plugins/com.st.stm32cube.ide.mcu.externaltools.gnu-tools-for-stm32.9-2020-q2-update.linux64_2.0.0.202105311346/tools/bin/../lib/gcc/arm-none-eabi/9.3.1/../../../../arm-none-eabi/lib/thumb/v7e-m/nofp/libc_nano.a(lib_a-findfp.o)
                0x0000000008000f84                __sinit_lock_release
 .text.__sinit  0x0000000008000f90       0x70 /home/khorton/st/stm32cubeide_1.8.0/plugins/com.st.stm32cube.ide.mcu.externaltools.gnu-tools-for-stm32.9-2020-q2-update.linux64_2.0.0.202105311346/tools/bin/../lib/gcc/arm-none-eabi/9.3.1/../../../../arm-none-eabi/lib/thumb/v7e-m/nofp/libc_nano.a(lib_a-findfp.o)
                0x0000000008000f90                __sinit
 .text.__sfp    0x0000000008001000       0x8c /home/khorton/st/stm32cubeide_1.8.0/plugins/com.st.stm32cube.ide.mcu.externaltools.gnu-tools-for-stm32.9-2020-q2-update.linux64_2.0.0.202105311346/tools/bin/../lib/gcc/arm-none-eabi/9.3.1/../../../../arm-none-eabi/lib/thumb/v7e-m/nofp/libc_nano.a(lib_a-findfp.o)
                0x0000000008001000                __sfp
 .text._fwalk_reent
                0x000000000800108c       0x3e /home/khorton/st/stm32cubeide_1.8.0/plugins/com.st.stm32cube.ide.mcu.externaltools.gnu-tools-for-stm32.9-2020-q2-update.linux64_2.0.0.202105311346/tools/bin/../lib/gcc/arm-none-eabi/9.3.1/../../../../arm-none-eabi/lib/thumb/v7e-m/nofp/libc_nano.a(lib_a-fwalk.o)
                0x000000000800108c                _fwalk_reent
 .text.__retarget_lock_init_recursive
                0x00000000080010ca        0x2 /home/khorton/st/stm32cubeide_1.8.0/plugins/com.st.stm32cube.ide.mcu.externaltools.gnu-tools-for-stm32.9-2020-q2-update.linux64_2.0.0.202105311346/tools/bin/../lib/gcc/arm-none-eabi/9.3.1/../../../../arm-none-eabi/lib/thumb/v7e-m/nofp/libc_nano.a(lib_a-lock.o)
                0x00000000080010ca                __retarget_lock_init_recursive
 .text.__retarget_lock_acquire_recursive
                0x00000000080010cc        0x2 /home/khorton/st/stm32cubeide_1.8.0/plugins/com.st.stm32cube.ide.mcu.externaltools.gnu-tools-for-stm32.9-2020-q2-update.linux64_2.0.0.202105311346/tools/bin/../lib/gcc/arm-none-eabi/9.3.1/../../../../arm-none-eabi/lib/thumb/v7e-m/nofp/libc_nano.a(lib_a-lock.o)
                0x00000000080010cc                __retarget_lock_acquire_recursive
 .text.__retarget_lock_release_recursive
                0x00000000080010ce        0x2 /home/khorton/st/stm32cubeide_1.8.0/plugins/com.st.stm32cube.ide.mcu.externaltools.gnu-tools-for-stm32.9-2020-q2-update.linux64_2.0.0.202105311346/tools/bin/../lib/gcc/arm-none-eabi/9.3.1/../../../../arm-none-eabi/lib/thumb/v7e-m/nofp/libc_nano.a(lib_a-lock.o)
                0x00000000080010ce                __retarget_lock_release_recursive
 .text._malloc_r
                0x00000000080010d0       0xb4 /home/khorton/st/stm32cubeide_1.8.0/plugins/com.st.stm32cube.ide.mcu.externaltools.gnu-tools-for-stm32.9-2020-q2-update.linux64_2.0.0.202105311346/tools/bin/../lib/gcc/arm-none-eabi/9.3.1/../../../../arm-none-eabi/lib/thumb/v7e-m/nofp/libc_nano.a(lib_a-nano-mallocr.o)
                0x00000000080010d0                _malloc_r
 .text.__sfputc_r
                0x0000000008001184       0x2a /home/khorton/st/stm32cubeide_1.8.0/plugins/com.st.stm32cube.ide.mcu.externaltools.gnu-tools-for-stm32.9-2020-q2-update.linux64_2.0.0.202105311346/tools/bin/../lib/gcc/arm-none-eabi/9.3.1/../../../../arm-none-eabi/lib/thumb/v7e-m/nofp/libc_nano.a(lib_a-nano-vfprintf.o)
 .text.__sfputs_r
                0x00000000080011ae       0x24 /home/khorton/st/stm32cubeide_1.8.0/plugins/com.st.stm32cube.ide.mcu.externaltools.gnu-tools-for-stm32.9-2020-q2-update.linux64_2.0.0.202105311346/tools/bin/../lib/gcc/arm-none-eabi/9.3.1/../../../../arm-none-eabi/lib/thumb/v7e-m/nofp/libc_nano.a(lib_a-nano-vfprintf.o)
                0x00000000080011ae                __sfputs_r
 *fill*         0x00000000080011d2        0x2 
 .text._vfprintf_r
                0x00000000080011d4      0x260 /home/khorton/st/stm32cubeide_1.8.0/plugins/com.st.stm32cube.ide.mcu.externaltools.gnu-tools-for-stm32.9-2020-q2-update.linux64_2.0.0.202105311346/tools/bin/../lib/gcc/arm-none-eabi/9.3.1/../../../../arm-none-eabi/lib/thumb/v7e-m/nofp/libc_nano.a(lib_a-nano-vfprintf.o)
                0x00000000080011d4                _vfiprintf_r
                0x00000000080011d4                _vfprintf_r
 .text._printf_common
                0x0000000008001434       0xda /home/khorton/st/stm32cubeide_1.8.0/plugins/com.st.stm32cube.ide.mcu.externaltools.gnu-tools-for-stm32.9-2020-q2-update.linux64_2.0.0.202105311346/tools/bin/../lib/gcc/arm-none-eabi/9.3.1/../../../../arm-none-eabi/lib/thumb/v7e-m/nofp/libc_nano.a(lib_a-nano-vfprintf_i.o)
                0x0000000008001434                _printf_common
 *fill*         0x000000000800150e        0x2 
 .text._printf_i
                0x0000000008001510      0x24c /home/khorton/st/stm32cubeide_1.8.0/plugins/com.st.stm32cube.ide.mcu.externaltools.gnu-tools-for-stm32.9-2020-q2-update.linux64_2.0.0.202105311346/tools/bin/../lib/gcc/arm-none-eabi/9.3.1/../../../../arm-none-eabi/lib/thumb/v7e-m/nofp/libc_nano.a(lib_a-nano-vfprintf_i.o)
                0x0000000008001510                _printf_i
 .text._sbrk_r  0x000000000800175c       0x20 /home/khorton/st/stm32cubeide_1.8.0/plugins/com.st.stm32cube.ide.mcu.externaltools.gnu-tools-for-stm32.9-2020-q2-update.linux64_2.0.0.202105311346/tools/bin/../lib/gcc/arm-none-eabi/9.3.1/../../../../arm-none-eabi/lib/thumb/v7e-m/nofp/libc_nano.a(lib_a-sbrkr.o)
                0x000000000800175c                _sbrk_r
 .text.__sread  0x000000000800177c       0x22 /home/khorton/st/stm32cubeide_1.8.0/plugins/com.st.stm32cube.ide.mcu.externaltools.gnu-tools-for-stm32.9-2020-q2-update.linux64_2.0.0.202105311346/tools/bin/../lib/gcc/arm-none-eabi/9.3.1/../../../../arm-none-eabi/lib/thumb/v7e-m/nofp/libc_nano.a(lib_a-stdio.o)
                0x000000000800177c                __sread
 .text.__swrite
                0x000000000800179e       0x38 /home/khorton/st/stm32cubeide_1.8.0/plugins/com.st.stm32cube.ide.mcu.externaltools.gnu-tools-for-stm32.9-2020-q2-update.linux64_2.0.0.202105311346/tools/bin/../lib/gcc/arm-none-eabi/9.3.1/../../../../arm-none-eabi/lib/thumb/v7e-m/nofp/libc_nano.a(lib_a-stdio.o)
                0x000000000800179e                __swrite
 .text.__sseek  0x00000000080017d6       0x24 /home/khorton/st/stm32cubeide_1.8.0/plugins/com.st.stm32cube.ide.mcu.externaltools.gnu-tools-for-stm32.9-2020-q2-update.linux64_2.0.0.202105311346/tools/bin/../lib/gcc/arm-none-eabi/9.3.1/../../../../arm-none-eabi/lib/thumb/v7e-m/nofp/libc_nano.a(lib_a-stdio.o)
                0x00000000080017d6                __sseek
 .text.__sclose
                0x00000000080017fa        0x8 /home/khorton/st/stm32cubeide_1.8.0/plugins/com.st.stm32cube.ide.mcu.externaltools.gnu-tools-for-stm32.9-2020-q2-update.linux64_2.0.0.202105311346/tools/bin/../lib/gcc/arm-none-eabi/9.3.1/../../../../arm-none-eabi/lib/thumb/v7e-m/nofp/libc_nano.a(lib_a-stdio.o)
                0x00000000080017fa                __sclose
 *fill*         0x0000000008001802        0x2 
 .text.__swbuf_r
                0x0000000008001804       0xa4 /home/khorton/st/stm32cubeide_1.8.0/plugins/com.st.stm32cube.ide.mcu.externaltools.gnu-tools-for-stm32.9-2020-q2-update.linux64_2.0.0.202105311346/tools/bin/../lib/gcc/arm-none-eabi/9.3.1/../../../../arm-none-eabi/lib/thumb/v7e-m/nofp/libc_nano.a(lib_a-wbuf.o)
                0x0000000008001804                __swbuf_r
 .text._write_r
                0x00000000080018a8       0x24 /home/khorton/st/stm32cubeide_1.8.0/plugins/com.st.stm32cube.ide.mcu.externaltools.gnu-tools-for-stm32.9-2020-q2-update.linux64_2.0.0.202105311346/tools/bin/../lib/gcc/arm-none-eabi/9.3.1/../../../../arm-none-eabi/lib/thumb/v7e-m/nofp/libc_nano.a(lib_a-writer.o)
                0x00000000080018a8                _write_r
 .text.__swsetup_r
                0x00000000080018cc       0xdc /home/khorton/st/stm32cubeide_1.8.0/plugins/com.st.stm32cube.ide.mcu.externaltools.gnu-tools-for-stm32.9-2020-q2-update.linux64_2.0.0.202105311346/tools/bin/../lib/gcc/arm-none-eabi/9.3.1/../../../../arm-none-eabi/lib/thumb/v7e-m/nofp/libc_nano.a(lib_a-wsetup.o)
                0x00000000080018cc                __swsetup_r
 .text._close_r
                0x00000000080019a8       0x20 /home/khorton/st/stm32cubeide_1.8.0/plugins/com.st.stm32cube.ide.mcu.externaltools.gnu-tools-for-stm32.9-2020-q2-update.linux64_2.0.0.202105311346/tools/bin/../lib/gcc/arm-none-eabi/9.3.1/../../../../arm-none-eabi/lib/thumb/v7e-m/nofp/libc_nano.a(lib_a-closer.o)
                0x00000000080019a8                _close_r
 .text.__sflush_r
                0x00000000080019c8      0x10c /home/khorton/st/stm32cubeide_1.8.0/plugins/com.st.stm32cube.ide.mcu.externaltools.gnu-tools-for-stm32.9-2020-q2-update.linux64_2.0.0.202105311346/tools/bin/../lib/gcc/arm-none-eabi/9.3.1/../../../../arm-none-eabi/lib/thumb/v7e-m/nofp/libc_nano.a(lib_a-fflush.o)
                0x00000000080019c8                __sflush_r
 .text._fflush_r
                0x0000000008001ad4       0x78 /home/khorton/st/stm32cubeide_1.8.0/plugins/com.st.stm32cube.ide.mcu.externaltools.gnu-tools-for-stm32.9-2020-q2-update.linux64_2.0.0.202105311346/tools/bin/../lib/gcc/arm-none-eabi/9.3.1/../../../../arm-none-eabi/lib/thumb/v7e-m/nofp/libc_nano.a(lib_a-fflush.o)
                0x0000000008001ad4                _fflush_r
 .text._lseek_r
                0x0000000008001b4c       0x24 /home/khorton/st/stm32cubeide_1.8.0/plugins/com.st.stm32cube.ide.mcu.externaltools.gnu-tools-for-stm32.9-2020-q2-update.linux64_2.0.0.202105311346/tools/bin/../lib/gcc/arm-none-eabi/9.3.1/../../../../arm-none-eabi/lib/thumb/v7e-m/nofp/libc_nano.a(lib_a-lseekr.o)
                0x0000000008001b4c                _lseek_r
 .text.__swhatbuf_r
                0x0000000008001b70       0x48 /home/khorton/st/stm32cubeide_1.8.0/plugins/com.st.stm32cube.ide.mcu.externaltools.gnu-tools-for-stm32.9-2020-q2-update.linux64_2.0.0.202105311346/tools/bin/../lib/gcc/arm-none-eabi/9.3.1/../../../../arm-none-eabi/lib/thumb/v7e-m/nofp/libc_nano.a(lib_a-makebuf.o)
                0x0000000008001b70                __swhatbuf_r
 .text.__smakebuf_r
                0x0000000008001bb8       0x80 /home/khorton/st/stm32cubeide_1.8.0/plugins/com.st.stm32cube.ide.mcu.externaltools.gnu-tools-for-stm32.9-2020-q2-update.linux64_2.0.0.202105311346/tools/bin/../lib/gcc/arm-none-eabi/9.3.1/../../../../arm-none-eabi/lib/thumb/v7e-m/nofp/libc_nano.a(lib_a-makebuf.o)
                0x0000000008001bb8                __smakebuf_r
 .text.__malloc_lock
                0x0000000008001c38        0xc /home/khorton/st/stm32cubeide_1.8.0/plugins/com.st.stm32cube.ide.mcu.externaltools.gnu-tools-for-stm32.9-2020-q2-update.linux64_2.0.0.202105311346/tools/bin/../lib/gcc/arm-none-eabi/9.3.1/../../../../arm-none-eabi/lib/thumb/v7e-m/nofp/libc_nano.a(lib_a-mlock.o)
                0x0000000008001c38                __malloc_lock
 .text.__malloc_unlock
                0x0000000008001c44        0xc /home/khorton/st/stm32cubeide_1.8.0/plugins/com.st.stm32cube.ide.mcu.externaltools.gnu-tools-for-stm32.9-2020-q2-update.linux64_2.0.0.202105311346/tools/bin/../lib/gcc/arm-none-eabi/9.3.1/../../../../arm-none-eabi/lib/thumb/v7e-m/nofp/libc_nano.a(lib_a-mlock.o)
                0x0000000008001c44                __malloc_unlock
 .text._free_r  0x0000000008001c50       0x9c /home/khorton/st/stm32cubeide_1.8.0/plugins/com.st.stm32cube.ide.mcu.externaltools.gnu-tools-for-stm32.9-2020-q2-update.linux64_2.0.0.202105311346/tools/bin/../lib/gcc/arm-none-eabi/9.3.1/../../../../arm-none-eabi/lib/thumb/v7e-m/nofp/libc_nano.a(lib_a-nano-freer.o)
                0x0000000008001c50                _free_r
 .text._read_r  0x0000000008001cec       0x24 /home/khorton/st/stm32cubeide_1.8.0/plugins/com.st.stm32cube.ide.mcu.externaltools.gnu-tools-for-stm32.9-2020-q2-update.linux64_2.0.0.202105311346/tools/bin/../lib/gcc/arm-none-eabi/9.3.1/../../../../arm-none-eabi/lib/thumb/v7e-m/nofp/libc_nano.a(lib_a-readr.o)
                0x0000000008001cec                _read_r
 .text._fstat_r
                0x0000000008001d10       0x24 /home/khorton/st/stm32cubeide_1.8.0/plugins/com.st.stm32cube.ide.mcu.externaltools.gnu-tools-for-stm32.9-2020-q2-update.linux64_2.0.0.202105311346/tools/bin/../lib/gcc/arm-none-eabi/9.3.1/../../../../arm-none-eabi/lib/thumb/v7e-m/nofp/libc_nano.a(lib_a-fstatr.o)
                0x0000000008001d10                _fstat_r
 .text._isatty_r
                0x0000000008001d34       0x20 /home/khorton/st/stm32cubeide_1.8.0/plugins/com.st.stm32cube.ide.mcu.externaltools.gnu-tools-for-stm32.9-2020-q2-update.linux64_2.0.0.202105311346/tools/bin/../lib/gcc/arm-none-eabi/9.3.1/../../../../arm-none-eabi/lib/thumb/v7e-m/nofp/libc_nano.a(lib_a-isattyr.o)
                0x0000000008001d34                _isatty_r
 *(.glue_7)
 .glue_7        0x0000000008001d54        0x0 linker stubs
 *(.glue_7t)
 .glue_7t       0x0000000008001d54        0x0 linker stubs
 *(.eh_frame)
 .eh_frame      0x0000000008001d54        0x0 /home/khorton/st/stm32cubeide_1.8.0/plugins/com.st.stm32cube.ide.mcu.externaltools.gnu-tools-for-stm32.9-2020-q2-update.linux64_2.0.0.202105311346/tools/bin/../lib/gcc/arm-none-eabi/9.3.1/thumb/v7e-m/nofp/crtbegin.o
 *(.init)
 .init          0x0000000008001d54        0x4 /home/khorton/st/stm32cubeide_1.8.0/plugins/com.st.stm32cube.ide.mcu.externaltools.gnu-tools-for-stm32.9-2020-q2-update.linux64_2.0.0.202105311346/tools/bin/../lib/gcc/arm-none-eabi/9.3.1/thumb/v7e-m/nofp/crti.o
                0x0000000008001d54                _init
 .init          0x0000000008001d58        0x8 /home/khorton/st/stm32cubeide_1.8.0/plugins/com.st.stm32cube.ide.mcu.externaltools.gnu-tools-for-stm32.9-2020-q2-update.linux64_2.0.0.202105311346/tools/bin/../lib/gcc/arm-none-eabi/9.3.1/thumb/v7e-m/nofp/crtn.o
 *(.fini)
 .fini          0x0000000008001d60        0x4 /home/khorton/st/stm32cubeide_1.8.0/plugins/com.st.stm32cube.ide.mcu.externaltools.gnu-tools-for-stm32.9-2020-q2-update.linux64_2.0.0.202105311346/tools/bin/../lib/gcc/arm-none-eabi/9.3.1/thumb/v7e-m/nofp/crti.o
                0x0000000008001d60                _fini
 .fini          0x0000000008001d64        0x8 /home/khorton/st/stm32cubeide_1.8.0/plugins/com.st.stm32cube.ide.mcu.externaltools.gnu-tools-for-stm32.9-2020-q2-update.linux64_2.0.0.202105311346/tools/bin/../lib/gcc/arm-none-eabi/9.3.1/thumb/v7e-m/nofp/crtn.o
                0x0000000008001d6c                . = ALIGN (0x4)
                0x0000000008001d6c                _etext = .

.vfp11_veneer   0x0000000008001d6c        0x0
 .vfp11_veneer  0x0000000008001d6c        0x0 linker stubs

.v4_bx          0x0000000008001d6c        0x0
 .v4_bx         0x0000000008001d6c        0x0 linker stubs

.iplt           0x0000000008001d6c        0x0
 .iplt          0x0000000008001d6c        0x0 /home/khorton/st/stm32cubeide_1.8.0/plugins/com.st.stm32cube.ide.mcu.externaltools.gnu-tools-for-stm32.9-2020-q2-update.linux64_2.0.0.202105311346/tools/bin/../lib/gcc/arm-none-eabi/9.3.1/thumb/v7e-m/nofp/crtbegin.o

.rodata         0x0000000008001d6c       0xc4
                0x0000000008001d6c                . = ALIGN (0x4)
 *(.rodata)
 .rodata        0x0000000008001d6c       0x29 ./Src/main.o
 *(.rodata*)
 *fill*         0x0000000008001d95        0x3 
 .rodata._global_impure_ptr
                0x0000000008001d98        0x4 /home/khorton/st/stm32cubeide_1.8.0/plugins/com.st.stm32cube.ide.mcu.externaltools.gnu-tools-for-stm32.9-2020-q2-update.linux64_2.0.0.202105311346/tools/bin/../lib/gcc/arm-none-eabi/9.3.1/../../../../arm-none-eabi/lib/thumb/v7e-m/nofp/libc_nano.a(lib_a-impure.o)
                0x0000000008001d98                _global_impure_ptr
 .rodata.__sf_fake_stderr
                0x0000000008001d9c       0x20 /home/khorton/st/stm32cubeide_1.8.0/plugins/com.st.stm32cube.ide.mcu.externaltools.gnu-tools-for-stm32.9-2020-q2-update.linux64_2.0.0.202105311346/tools/bin/../lib/gcc/arm-none-eabi/9.3.1/../../../../arm-none-eabi/lib/thumb/v7e-m/nofp/libc_nano.a(lib_a-findfp.o)
                0x0000000008001d9c                __sf_fake_stderr
 .rodata.__sf_fake_stdin
                0x0000000008001dbc       0x20 /home/khorton/st/stm32cubeide_1.8.0/plugins/com.st.stm32cube.ide.mcu.externaltools.gnu-tools-for-stm32.9-2020-q2-update.linux64_2.0.0.202105311346/tools/bin/../lib/gcc/arm-none-eabi/9.3.1/../../../../arm-none-eabi/lib/thumb/v7e-m/nofp/libc_nano.a(lib_a-findfp.o)
                0x0000000008001dbc                __sf_fake_stdin
 .rodata.__sf_fake_stdout
                0x0000000008001ddc       0x20 /home/khorton/st/stm32cubeide_1.8.0/plugins/com.st.stm32cube.ide.mcu.externaltools.gnu-tools-for-stm32.9-2020-q2-update.linux64_2.0.0.202105311346/tools/bin/../lib/gcc/arm-none-eabi/9.3.1/../../../../arm-none-eabi/lib/thumb/v7e-m/nofp/libc_nano.a(lib_a-findfp.o)
                0x0000000008001ddc                __sf_fake_stdout
 .rodata._vfprintf_r.str1.1
                0x0000000008001dfc       0x11 /home/khorton/st/stm32cubeide_1.8.0/plugins/com.st.stm32cube.ide.mcu.externaltools.gnu-tools-for-stm32.9-2020-q2-update.linux64_2.0.0.202105311346/tools/bin/../lib/gcc/arm-none-eabi/9.3.1/../../../../arm-none-eabi/lib/thumb/v7e-m/nofp/libc_nano.a(lib_a-nano-vfprintf.o)
 .rodata._printf_i.str1.1
                0x0000000008001e0d       0x22 /home/khorton/st/stm32cubeide_1.8.0/plugins/com.st.stm32cube.ide.mcu.externaltools.gnu-tools-for-stm32.9-2020-q2-update.linux64_2.0.0.202105311346/tools/bin/../lib/gcc/arm-none-eabi/9.3.1/../../../../arm-none-eabi/lib/thumb/v7e-m/nofp/libc_nano.a(lib_a-nano-vfprintf_i.o)
                0x0000000008001e30                . = ALIGN (0x4)
 *fill*         0x0000000008001e2f        0x1 

.rel.dyn        0x0000000008001e30        0x0
 .rel.iplt      0x0000000008001e30        0x0 /home/khorton/st/stm32cubeide_1.8.0/plugins/com.st.stm32cube.ide.mcu.externaltools.gnu-tools-for-stm32.9-2020-q2-update.linux64_2.0.0.202105311346/tools/bin/../lib/gcc/arm-none-eabi/9.3.1/thumb/v7e-m/nofp/crtbegin.o

.ARM.extab      0x0000000008001e30        0x0
                0x0000000008001e30                . = ALIGN (0x4)
 *(.ARM.extab* .gnu.linkonce.armextab.*)
                0x0000000008001e30                . = ALIGN (0x4)

.ARM            0x0000000008001e30        0x0
                0x0000000008001e30                . = ALIGN (0x4)
                0x0000000008001e30                __exidx_start = .
 *(.ARM.exidx*)
                0x0000000008001e30                __exidx_end = .
                0x0000000008001e30                . = ALIGN (0x4)

.preinit_array  0x0000000008001e30        0x0
                0x0000000008001e30                . = ALIGN (0x4)
                0x0000000008001e30                PROVIDE (__preinit_array_start = .)
 *(.preinit_array*)
                0x0000000008001e30                PROVIDE (__preinit_array_end = .)
                0x0000000008001e30                . = ALIGN (0x4)

.init_array     0x0000000008001e30        0x4
                0x0000000008001e30                . = ALIGN (0x4)
                0x0000000008001e30                PROVIDE (__init_array_start = .)
 *(SORT_BY_NAME(.init_array.*))
 *(.init_array*)
 .init_array    0x0000000008001e30        0x4 /home/khorton/st/stm32cubeide_1.8.0/plugins/com.st.stm32cube.ide.mcu.externaltools.gnu-tools-for-stm32.9-2020-q2-update.linux64_2.0.0.202105311346/tools/bin/../lib/gcc/arm-none-eabi/9.3.1/thumb/v7e-m/nofp/crtbegin.o
                0x0000000008001e34                PROVIDE (__init_array_end = .)
                0x0000000008001e34                . = ALIGN (0x4)

.fini_array     0x0000000008001e34        0x4
                0x0000000008001e34                . = ALIGN (0x4)
                [!provide]                        PROVIDE (__fini_array_start = .)
 *(SORT_BY_NAME(.fini_array.*))
 *(.fini_array*)
 .fini_array    0x0000000008001e34        0x4 /home/khorton/st/stm32cubeide_1.8.0/plugins/com.st.stm32cube.ide.mcu.externaltools.gnu-tools-for-stm32.9-2020-q2-update.linux64_2.0.0.202105311346/tools/bin/../lib/gcc/arm-none-eabi/9.3.1/thumb/v7e-m/nofp/crtbegin.o
                [!provide]                        PROVIDE (__fini_array_end = .)
                0x0000000008001e38                . = ALIGN (0x4)
                0x0000000008001e38                _sidata = LOADADDR (.data)

.data           0x0000000020000000       0x64 load address 0x0000000008001e38
                0x0000000020000000                . = ALIGN (0x4)
                0x0000000020000000                _sdata = .
 *(.data)
 *(.data*)
 .data._impure_ptr
                0x0000000020000000        0x4 /home/khorton/st/stm32cubeide_1.8.0/plugins/com.st.stm32cube.ide.mcu.externaltools.gnu-tools-for-stm32.9-2020-q2-update.linux64_2.0.0.202105311346/tools/bin/../lib/gcc/arm-none-eabi/9.3.1/../../../../arm-none-eabi/lib/thumb/v7e-m/nofp/libc_nano.a(lib_a-impure.o)
                0x0000000020000000                _impure_ptr
 .data.impure_data
                0x0000000020000004       0x60 /home/khorton/st/stm32cubeide_1.8.0/plugins/com.st.stm32cube.ide.mcu.externaltools.gnu-tools-for-stm32.9-2020-q2-update.linux64_2.0.0.202105311346/tools/bin/../lib/gcc/arm-none-eabi/9.3.1/../../../../arm-none-eabi/lib/thumb/v7e-m/nofp/libc_nano.a(lib_a-impure.o)
 *(.RamFunc)
 *(.RamFunc*)
                0x0000000020000064                . = ALIGN (0x4)
                0x0000000020000064                _edata = .
                0x0000000008001e9c                _siccmram = LOADADDR (.ccmram)

.igot.plt       0x0000000020000064        0x0 load address 0x0000000008001e9c
 .igot.plt      0x0000000020000064        0x0 /home/khorton/st/stm32cubeide_1.8.0/plugins/com.st.stm32cube.ide.mcu.externaltools.gnu-tools-for-stm32.9-2020-q2-update.linux64_2.0.0.202105311346/tools/bin/../lib/gcc/arm-none-eabi/9.3.1/thumb/v7e-m/nofp/crtbegin.o

.ccmram         0x0000000010000000        0x0 load address 0x0000000008001e9c
                0x0000000010000000                . = ALIGN (0x4)
                0x0000000010000000                _sccmram = .
 *(.ccmram)
 *(.ccmram*)
                0x0000000010000000                . = ALIGN (0x4)
                0x0000000010000000                _eccmram = .
                0x0000000010000000                . = ALIGN (0x4)

.bss            0x0000000020000064       0x38
                0x0000000020000064                _sbss = .
                0x0000000020000064                __bss_start__ = _sbss
 *(.bss)
 .bss           0x0000000020000064       0x1c /home/khorton/st/stm32cubeide_1.8.0/plugins/com.st.stm32cube.ide.mcu.externaltools.gnu-tools-for-stm32.9-2020-q2-update.linux64_2.0.0.202105311346/tools/bin/../lib/gcc/arm-none-eabi/9.3.1/thumb/v7e-m/nofp/crtbegin.o
 *(.bss*)
 .bss.__sbrk_heap_end
                0x0000000020000080        0x4 ./Src/sysmem.o
 .bss.__malloc_free_list
                0x0000000020000084        0x4 /home/khorton/st/stm32cubeide_1.8.0/plugins/com.st.stm32cube.ide.mcu.externaltools.gnu-tools-for-stm32.9-2020-q2-update.linux64_2.0.0.202105311346/tools/bin/../lib/gcc/arm-none-eabi/9.3.1/../../../../arm-none-eabi/lib/thumb/v7e-m/nofp/libc_nano.a(lib_a-nano-mallocr.o)
                0x0000000020000084                __malloc_free_list
 .bss.__malloc_sbrk_start
                0x0000000020000088        0x4 /home/khorton/st/stm32cubeide_1.8.0/plugins/com.st.stm32cube.ide.mcu.externaltools.gnu-tools-for-stm32.9-2020-q2-update.linux64_2.0.0.202105311346/tools/bin/../lib/gcc/arm-none-eabi/9.3.1/../../../../arm-none-eabi/lib/thumb/v7e-m/nofp/libc_nano.a(lib_a-nano-mallocr.o)
                0x0000000020000088                __malloc_sbrk_start
 *(COMMON)
 COMMON         0x000000002000008c        0x9 /home/khorton/st/stm32cubeide_1.8.0/plugins/com.st.stm32cube.ide.mcu.externaltools.gnu-tools-for-stm32.9-2020-q2-update.linux64_2.0.0.202105311346/tools/bin/../lib/gcc/arm-none-eabi/9.3.1/../../../../arm-none-eabi/lib/thumb/v7e-m/nofp/libc_nano.a(lib_a-lock.o)
                0x000000002000008c                __lock___atexit_recursive_mutex
                0x000000002000008d                __lock___arc4random_mutex
                0x000000002000008e                __lock___env_recursive_mutex
                0x000000002000008f                __lock___sinit_recursive_mutex
                0x0000000020000090                __lock___malloc_recursive_mutex
                0x0000000020000091                __lock___at_quick_exit_mutex
                0x0000000020000092                __lock___dd_hash_mutex
                0x0000000020000093                __lock___tz_mutex
                0x0000000020000094                __lock___sfp_recursive_mutex
 *fill*         0x0000000020000095        0x3 
 COMMON         0x0000000020000098        0x4 /home/khorton/st/stm32cubeide_1.8.0/plugins/com.st.stm32cube.ide.mcu.externaltools.gnu-tools-for-stm32.9-2020-q2-update.linux64_2.0.0.202105311346/tools/bin/../lib/gcc/arm-none-eabi/9.3.1/../../../../arm-none-eabi/lib/thumb/v7e-m/nofp/libc_nano.a(lib_a-reent.o)
                0x0000000020000098                errno
                0x000000002000009c                . = ALIGN (0x4)
                0x000000002000009c                _ebss = .
                0x000000002000009c                __bss_end__ = _ebss

._user_heap_stack
                0x000000002000009c      0x604
                0x00000000200000a0                . = ALIGN (0x8)
 *fill*         0x000000002000009c        0x4 
                [!provide]                        PROVIDE (end = .)
                0x00000000200000a0                PROVIDE (_end = .)
                0x00000000200002a0                . = (. + _Min_Heap_Size)
 *fill*         0x00000000200000a0      0x200 
                0x00000000200006a0                . = (. + _Min_Stack_Size)
 *fill*         0x00000000200002a0      0x400 
                0x00000000200006a0                . = ALIGN (0x8)

/DISCARD/
 libc.a(*)
 libm.a(*)
 libgcc.a(*)

.ARM.attributes
                0x0000000000000000       0x2a
 *(.ARM.attributes)
 .ARM.attributes
                0x0000000000000000       0x1e /home/khorton/st/stm32cubeide_1.8.0/plugins/com.st.stm32cube.ide.mcu.externaltools.gnu-tools-for-stm32.9-2020-q2-update.linux64_2.0.0.202105311346/tools/bin/../lib/gcc/arm-none-eabi/9.3.1/thumb/v7e-m/nofp/crti.o
 .ARM.attributes
                0x000000000000001e       0x2e /home/khorton/st/stm32cubeide_1.8.0/plugins/com.st.stm32cube.ide.mcu.externaltools.gnu-tools-for-stm32.9-2020-q2-update.linux64_2.0.0.202105311346/tools/bin/../lib/gcc/arm-none-eabi/9.3.1/thumb/v7e-m/nofp/crtbegin.o
 .ARM.attributes
                0x000000000000004c       0x2e ./Drivers/Src/stm32f407xx_adc_driver.o
 .ARM.attributes
                0x000000000000007a       0x2e ./Drivers/Src/stm32f407xx_gpio_driver.o
 .ARM.attributes
                0x00000000000000a8       0x2e ./Drivers/Src/stm32f407xx_usart_driver.o
 .ARM.attributes
                0x00000000000000d6       0x2e ./Src/main.o
 .ARM.attributes
                0x0000000000000104       0x2e ./Src/syscalls.o
 .ARM.attributes
                0x0000000000000132       0x2e ./Src/sysmem.o
 .ARM.attributes
                0x0000000000000160       0x21 ./Startup/startup_stm32f407vgtx.o
 .ARM.attributes
                0x0000000000000181       0x2e /home/khorton/st/stm32cubeide_1.8.0/plugins/com.st.stm32cube.ide.mcu.externaltools.gnu-tools-for-stm32.9-2020-q2-update.linux64_2.0.0.202105311346/tools/bin/../lib/gcc/arm-none-eabi/9.3.1/../../../../arm-none-eabi/lib/thumb/v7e-m/nofp/libc_nano.a(lib_a-errno.o)
 .ARM.attributes
                0x00000000000001af       0x2e /home/khorton/st/stm32cubeide_1.8.0/plugins/com.st.stm32cube.ide.mcu.externaltools.gnu-tools-for-stm32.9-2020-q2-update.linux64_2.0.0.202105311346/tools/bin/../lib/gcc/arm-none-eabi/9.3.1/../../../../arm-none-eabi/lib/thumb/v7e-m/nofp/libc_nano.a(lib_a-impure.o)
 .ARM.attributes
                0x00000000000001dd       0x2e /home/khorton/st/stm32cubeide_1.8.0/plugins/com.st.stm32cube.ide.mcu.externaltools.gnu-tools-for-stm32.9-2020-q2-update.linux64_2.0.0.202105311346/tools/bin/../lib/gcc/arm-none-eabi/9.3.1/../../../../arm-none-eabi/lib/thumb/v7e-m/nofp/libc_nano.a(lib_a-init.o)
 .ARM.attributes
                0x000000000000020b       0x2e /home/khorton/st/stm32cubeide_1.8.0/plugins/com.st.stm32cube.ide.mcu.externaltools.gnu-tools-for-stm32.9-2020-q2-update.linux64_2.0.0.202105311346/tools/bin/../lib/gcc/arm-none-eabi/9.3.1/../../../../arm-none-eabi/lib/thumb/v7e-m/nofp/libc_nano.a(lib_a-memset.o)
 .ARM.attributes
                0x0000000000000239       0x2e /home/khorton/st/stm32cubeide_1.8.0/plugins/com.st.stm32cube.ide.mcu.externaltools.gnu-tools-for-stm32.9-2020-q2-update.linux64_2.0.0.202105311346/tools/bin/../lib/gcc/arm-none-eabi/9.3.1/../../../../arm-none-eabi/lib/thumb/v7e-m/nofp/libc_nano.a(lib_a-printf.o)
 .ARM.attributes
                0x0000000000000267       0x2e /home/khorton/st/stm32cubeide_1.8.0/plugins/com.st.stm32cube.ide.mcu.externaltools.gnu-tools-for-stm32.9-2020-q2-update.linux64_2.0.0.202105311346/tools/bin/../lib/gcc/arm-none-eabi/9.3.1/../../../../arm-none-eabi/lib/thumb/v7e-m/nofp/libc_nano.a(lib_a-findfp.o)
 .ARM.attributes
                0x0000000000000295       0x2e /home/khorton/st/stm32cubeide_1.8.0/plugins/com.st.stm32cube.ide.mcu.externaltools.gnu-tools-for-stm32.9-2020-q2-update.linux64_2.0.0.202105311346/tools/bin/../lib/gcc/arm-none-eabi/9.3.1/../../../../arm-none-eabi/lib/thumb/v7e-m/nofp/libc_nano.a(lib_a-fwalk.o)
 .ARM.attributes
                0x00000000000002c3       0x2e /home/khorton/st/stm32cubeide_1.8.0/plugins/com.st.stm32cube.ide.mcu.externaltools.gnu-tools-for-stm32.9-2020-q2-update.linux64_2.0.0.202105311346/tools/bin/../lib/gcc/arm-none-eabi/9.3.1/../../../../arm-none-eabi/lib/thumb/v7e-m/nofp/libc_nano.a(lib_a-lock.o)
 .ARM.attributes
                0x00000000000002f1       0x2e /home/khorton/st/stm32cubeide_1.8.0/plugins/com.st.stm32cube.ide.mcu.externaltools.gnu-tools-for-stm32.9-2020-q2-update.linux64_2.0.0.202105311346/tools/bin/../lib/gcc/arm-none-eabi/9.3.1/../../../../arm-none-eabi/lib/thumb/v7e-m/nofp/libc_nano.a(lib_a-nano-mallocr.o)
 .ARM.attributes
                0x000000000000031f       0x2e /home/khorton/st/stm32cubeide_1.8.0/plugins/com.st.stm32cube.ide.mcu.externaltools.gnu-tools-for-stm32.9-2020-q2-update.linux64_2.0.0.202105311346/tools/bin/../lib/gcc/arm-none-eabi/9.3.1/../../../../arm-none-eabi/lib/thumb/v7e-m/nofp/libc_nano.a(lib_a-nano-vfprintf.o)
 .ARM.attributes
                0x000000000000034d       0x2e /home/khorton/st/stm32cubeide_1.8.0/plugins/com.st.stm32cube.ide.mcu.externaltools.gnu-tools-for-stm32.9-2020-q2-update.linux64_2.0.0.202105311346/tools/bin/../lib/gcc/arm-none-eabi/9.3.1/../../../../arm-none-eabi/lib/thumb/v7e-m/nofp/libc_nano.a(lib_a-nano-vfprintf_i.o)
 .ARM.attributes
                0x000000000000037b       0x2e /home/khorton/st/stm32cubeide_1.8.0/plugins/com.st.stm32cube.ide.mcu.externaltools.gnu-tools-for-stm32.9-2020-q2-update.linux64_2.0.0.202105311346/tools/bin/../lib/gcc/arm-none-eabi/9.3.1/../../../../arm-none-eabi/lib/thumb/v7e-m/nofp/libc_nano.a(lib_a-sbrkr.o)
 .ARM.attributes
                0x00000000000003a9       0x2e /home/khorton/st/stm32cubeide_1.8.0/plugins/com.st.stm32cube.ide.mcu.externaltools.gnu-tools-for-stm32.9-2020-q2-update.linux64_2.0.0.202105311346/tools/bin/../lib/gcc/arm-none-eabi/9.3.1/../../../../arm-none-eabi/lib/thumb/v7e-m/nofp/libc_nano.a(lib_a-stdio.o)
 .ARM.attributes
                0x00000000000003d7       0x2e /home/khorton/st/stm32cubeide_1.8.0/plugins/com.st.stm32cube.ide.mcu.externaltools.gnu-tools-for-stm32.9-2020-q2-update.linux64_2.0.0.202105311346/tools/bin/../lib/gcc/arm-none-eabi/9.3.1/../../../../arm-none-eabi/lib/thumb/v7e-m/nofp/libc_nano.a(lib_a-wbuf.o)
 .ARM.attributes
                0x0000000000000405       0x2e /home/khorton/st/stm32cubeide_1.8.0/plugins/com.st.stm32cube.ide.mcu.externaltools.gnu-tools-for-stm32.9-2020-q2-update.linux64_2.0.0.202105311346/tools/bin/../lib/gcc/arm-none-eabi/9.3.1/../../../../arm-none-eabi/lib/thumb/v7e-m/nofp/libc_nano.a(lib_a-writer.o)
 .ARM.attributes
                0x0000000000000433       0x2e /home/khorton/st/stm32cubeide_1.8.0/plugins/com.st.stm32cube.ide.mcu.externaltools.gnu-tools-for-stm32.9-2020-q2-update.linux64_2.0.0.202105311346/tools/bin/../lib/gcc/arm-none-eabi/9.3.1/../../../../arm-none-eabi/lib/thumb/v7e-m/nofp/libc_nano.a(lib_a-wsetup.o)
 .ARM.attributes
                0x0000000000000461       0x2e /home/khorton/st/stm32cubeide_1.8.0/plugins/com.st.stm32cube.ide.mcu.externaltools.gnu-tools-for-stm32.9-2020-q2-update.linux64_2.0.0.202105311346/tools/bin/../lib/gcc/arm-none-eabi/9.3.1/../../../../arm-none-eabi/lib/thumb/v7e-m/nofp/libc_nano.a(lib_a-closer.o)
 .ARM.attributes
                0x000000000000048f       0x2e /home/khorton/st/stm32cubeide_1.8.0/plugins/com.st.stm32cube.ide.mcu.externaltools.gnu-tools-for-stm32.9-2020-q2-update.linux64_2.0.0.202105311346/tools/bin/../lib/gcc/arm-none-eabi/9.3.1/../../../../arm-none-eabi/lib/thumb/v7e-m/nofp/libc_nano.a(lib_a-fflush.o)
 .ARM.attributes
                0x00000000000004bd       0x2e /home/khorton/st/stm32cubeide_1.8.0/plugins/com.st.stm32cube.ide.mcu.externaltools.gnu-tools-for-stm32.9-2020-q2-update.linux64_2.0.0.202105311346/tools/bin/../lib/gcc/arm-none-eabi/9.3.1/../../../../arm-none-eabi/lib/thumb/v7e-m/nofp/libc_nano.a(lib_a-lseekr.o)
 .ARM.attributes
                0x00000000000004eb       0x2e /home/khorton/st/stm32cubeide_1.8.0/plugins/com.st.stm32cube.ide.mcu.externaltools.gnu-tools-for-stm32.9-2020-q2-update.linux64_2.0.0.202105311346/tools/bin/../lib/gcc/arm-none-eabi/9.3.1/../../../../arm-none-eabi/lib/thumb/v7e-m/nofp/libc_nano.a(lib_a-makebuf.o)
 .ARM.attributes
                0x0000000000000519       0x1c /home/khorton/st/stm32cubeide_1.8.0/plugins/com.st.stm32cube.ide.mcu.externaltools.gnu-tools-for-stm32.9-2020-q2-update.linux64_2.0.0.202105311346/tools/bin/../lib/gcc/arm-none-eabi/9.3.1/../../../../arm-none-eabi/lib/thumb/v7e-m/nofp/libc_nano.a(lib_a-memchr.o)
 .ARM.attributes
                0x0000000000000535       0x2e /home/khorton/st/stm32cubeide_1.8.0/plugins/com.st.stm32cube.ide.mcu.externaltools.gnu-tools-for-stm32.9-2020-q2-update.linux64_2.0.0.202105311346/tools/bin/../lib/gcc/arm-none-eabi/9.3.1/../../../../arm-none-eabi/lib/thumb/v7e-m/nofp/libc_nano.a(lib_a-mlock.o)
 .ARM.attributes
                0x0000000000000563       0x2e /home/khorton/st/stm32cubeide_1.8.0/plugins/com.st.stm32cube.ide.mcu.externaltools.gnu-tools-for-stm32.9-2020-q2-update.linux64_2.0.0.202105311346/tools/bin/../lib/gcc/arm-none-eabi/9.3.1/../../../../arm-none-eabi/lib/thumb/v7e-m/nofp/libc_nano.a(lib_a-nano-freer.o)
 .ARM.attributes
                0x0000000000000591       0x2e /home/khorton/st/stm32cubeide_1.8.0/plugins/com.st.stm32cube.ide.mcu.externaltools.gnu-tools-for-stm32.9-2020-q2-update.linux64_2.0.0.202105311346/tools/bin/../lib/gcc/arm-none-eabi/9.3.1/../../../../arm-none-eabi/lib/thumb/v7e-m/nofp/libc_nano.a(lib_a-readr.o)
 .ARM.attributes
                0x00000000000005bf       0x2e /home/khorton/st/stm32cubeide_1.8.0/plugins/com.st.stm32cube.ide.mcu.externaltools.gnu-tools-for-stm32.9-2020-q2-update.linux64_2.0.0.202105311346/tools/bin/../lib/gcc/arm-none-eabi/9.3.1/../../../../arm-none-eabi/lib/thumb/v7e-m/nofp/libc_nano.a(lib_a-reent.o)
 .ARM.attributes
                0x00000000000005ed       0x2e /home/khorton/st/stm32cubeide_1.8.0/plugins/com.st.stm32cube.ide.mcu.externaltools.gnu-tools-for-stm32.9-2020-q2-update.linux64_2.0.0.202105311346/tools/bin/../lib/gcc/arm-none-eabi/9.3.1/../../../../arm-none-eabi/lib/thumb/v7e-m/nofp/libc_nano.a(lib_a-fstatr.o)
 .ARM.attributes
                0x000000000000061b       0x2e /home/khorton/st/stm32cubeide_1.8.0/plugins/com.st.stm32cube.ide.mcu.externaltools.gnu-tools-for-stm32.9-2020-q2-update.linux64_2.0.0.202105311346/tools/bin/../lib/gcc/arm-none-eabi/9.3.1/../../../../arm-none-eabi/lib/thumb/v7e-m/nofp/libc_nano.a(lib_a-isattyr.o)
 .ARM.attributes
                0x0000000000000649       0x1e /home/khorton/st/stm32cubeide_1.8.0/plugins/com.st.stm32cube.ide.mcu.externaltools.gnu-tools-for-stm32.9-2020-q2-update.linux64_2.0.0.202105311346/tools/bin/../lib/gcc/arm-none-eabi/9.3.1/thumb/v7e-m/nofp/crtn.o
OUTPUT(stm32f407xxDrivers.elf elf32-littlearm)
LOAD linker stubs
LOAD /home/khorton/st/stm32cubeide_1.8.0/plugins/com.st.stm32cube.ide.mcu.externaltools.gnu-tools-for-stm32.9-2020-q2-update.linux64_2.0.0.202105311346/tools/bin/../lib/gcc/arm-none-eabi/9.3.1/../../../../arm-none-eabi/lib/thumb/v7e-m/nofp/libc.a
LOAD /home/khorton/st/stm32cubeide_1.8.0/plugins/com.st.stm32cube.ide.mcu.externaltools.gnu-tools-for-stm32.9-2020-q2-update.linux64_2.0.0.202105311346/tools/bin/../lib/gcc/arm-none-eabi/9.3.1/../../../../arm-none-eabi/lib/thumb/v7e-m/nofp/libm.a
LOAD /home/khorton/st/stm32cubeide_1.8.0/plugins/com.st.stm32cube.ide.mcu.externaltools.gnu-tools-for-stm32.9-2020-q2-update.linux64_2.0.0.202105311346/tools/bin/../lib/gcc/arm-none-eabi/9.3.1/thumb/v7e-m/nofp/libgcc.a

.debug_info     0x0000000000000000     0x4fb3
 .debug_info    0x0000000000000000      0x467 ./Drivers/Src/stm32f407xx_adc_driver.o
 .debug_info    0x0000000000000467     0x13e8 ./Drivers/Src/stm32f407xx_gpio_driver.o
 .debug_info    0x000000000000184f      0x766 ./Drivers/Src/stm32f407xx_usart_driver.o
 .debug_info    0x0000000000001fb5     0x15be ./Src/main.o
 .debug_info    0x0000000000003573      0xff9 ./Src/syscalls.o
 .debug_info    0x000000000000456c      0xa25 ./Src/sysmem.o
 .debug_info    0x0000000000004f91       0x22 ./Startup/startup_stm32f407vgtx.o

.debug_abbrev   0x0000000000000000      0xef8
 .debug_abbrev  0x0000000000000000       0xd0 ./Drivers/Src/stm32f407xx_adc_driver.o
 .debug_abbrev  0x00000000000000d0      0x33b ./Drivers/Src/stm32f407xx_gpio_driver.o
 .debug_abbrev  0x000000000000040b      0x2a5 ./Drivers/Src/stm32f407xx_usart_driver.o
 .debug_abbrev  0x00000000000006b0      0x3c6 ./Src/main.o
 .debug_abbrev  0x0000000000000a76      0x2b1 ./Src/syscalls.o
 .debug_abbrev  0x0000000000000d27      0x1bf ./Src/sysmem.o
 .debug_abbrev  0x0000000000000ee6       0x12 ./Startup/startup_stm32f407vgtx.o

.debug_aranges  0x0000000000000000      0x228
 .debug_aranges
                0x0000000000000000       0x20 ./Drivers/Src/stm32f407xx_adc_driver.o
 .debug_aranges
                0x0000000000000020       0x90 ./Drivers/Src/stm32f407xx_gpio_driver.o
 .debug_aranges
                0x00000000000000b0       0x48 ./Drivers/Src/stm32f407xx_usart_driver.o
 .debug_aranges
                0x00000000000000f8       0x38 ./Src/main.o
 .debug_aranges
                0x0000000000000130       0xb0 ./Src/syscalls.o
 .debug_aranges
                0x00000000000001e0       0x20 ./Src/sysmem.o
 .debug_aranges
                0x0000000000000200       0x28 ./Startup/startup_stm32f407vgtx.o

.debug_ranges   0x0000000000000000      0x1d8
 .debug_ranges  0x0000000000000000       0x10 ./Drivers/Src/stm32f407xx_adc_driver.o
 .debug_ranges  0x0000000000000010       0x98 ./Drivers/Src/stm32f407xx_gpio_driver.o
 .debug_ranges  0x00000000000000a8       0x38 ./Drivers/Src/stm32f407xx_usart_driver.o
 .debug_ranges  0x00000000000000e0       0x28 ./Src/main.o
 .debug_ranges  0x0000000000000108       0xa0 ./Src/syscalls.o
 .debug_ranges  0x00000000000001a8       0x10 ./Src/sysmem.o
 .debug_ranges  0x00000000000001b8       0x20 ./Startup/startup_stm32f407vgtx.o

.debug_macro    0x0000000000000000     0x5182
 .debug_macro   0x0000000000000000       0xad ./Drivers/Src/stm32f407xx_adc_driver.o
 .debug_macro   0x00000000000000ad      0xb7a ./Drivers/Src/stm32f407xx_adc_driver.o
 .debug_macro   0x0000000000000c27      0x17b ./Drivers/Src/stm32f407xx_adc_driver.o
 .debug_macro   0x0000000000000da2       0x1c ./Drivers/Src/stm32f407xx_adc_driver.o
 .debug_macro   0x0000000000000dbe       0x22 ./Drivers/Src/stm32f407xx_adc_driver.o
 .debug_macro   0x0000000000000de0       0x8e ./Drivers/Src/stm32f407xx_adc_driver.o
 .debug_macro   0x0000000000000e6e       0x51 ./Drivers/Src/stm32f407xx_adc_driver.o
 .debug_macro   0x0000000000000ebf      0x103 ./Drivers/Src/stm32f407xx_adc_driver.o
 .debug_macro   0x0000000000000fc2       0x6a ./Drivers/Src/stm32f407xx_adc_driver.o
 .debug_macro   0x000000000000102c      0x1df ./Drivers/Src/stm32f407xx_adc_driver.o
 .debug_macro   0x000000000000120b      0x6ea ./Drivers/Src/stm32f407xx_adc_driver.o
 .debug_macro   0x00000000000018f5      0x12a ./Drivers/Src/stm32f407xx_adc_driver.o
 .debug_macro   0x0000000000001a1f       0x1c ./Drivers/Src/stm32f407xx_adc_driver.o
 .debug_macro   0x0000000000001a3b      0x212 ./Drivers/Src/stm32f407xx_gpio_driver.o
 .debug_macro   0x0000000000001c4d       0x16 ./Drivers/Src/stm32f407xx_gpio_driver.o
 .debug_macro   0x0000000000001c63       0x52 ./Drivers/Src/stm32f407xx_gpio_driver.o
 .debug_macro   0x0000000000001cb5       0x18 ./Drivers/Src/stm32f407xx_gpio_driver.o
 .debug_macro   0x0000000000001ccd       0x3c ./Drivers/Src/stm32f407xx_gpio_driver.o
 .debug_macro   0x0000000000001d09       0x34 ./Drivers/Src/stm32f407xx_gpio_driver.o
 .debug_macro   0x0000000000001d3d       0x16 ./Drivers/Src/stm32f407xx_gpio_driver.o
 .debug_macro   0x0000000000001d53       0x35 ./Drivers/Src/stm32f407xx_gpio_driver.o
 .debug_macro   0x0000000000001d88      0x35c ./Drivers/Src/stm32f407xx_gpio_driver.o
 .debug_macro   0x00000000000020e4       0x10 ./Drivers/Src/stm32f407xx_gpio_driver.o
 .debug_macro   0x00000000000020f4       0x16 ./Drivers/Src/stm32f407xx_gpio_driver.o
 .debug_macro   0x000000000000210a       0x43 ./Drivers/Src/stm32f407xx_gpio_driver.o
 .debug_macro   0x000000000000214d       0x34 ./Drivers/Src/stm32f407xx_gpio_driver.o
 .debug_macro   0x0000000000002181       0x10 ./Drivers/Src/stm32f407xx_gpio_driver.o
 .debug_macro   0x0000000000002191       0x58 ./Drivers/Src/stm32f407xx_gpio_driver.o
 .debug_macro   0x00000000000021e9       0x71 ./Drivers/Src/stm32f407xx_gpio_driver.o
 .debug_macro   0x000000000000225a       0x16 ./Drivers/Src/stm32f407xx_gpio_driver.o
 .debug_macro   0x0000000000002270      0x12a ./Drivers/Src/stm32f407xx_gpio_driver.o
 .debug_macro   0x000000000000239a       0x10 ./Drivers/Src/stm32f407xx_gpio_driver.o
 .debug_macro   0x00000000000023aa       0x1c ./Drivers/Src/stm32f407xx_gpio_driver.o
 .debug_macro   0x00000000000023c6       0x52 ./Drivers/Src/stm32f407xx_gpio_driver.o
 .debug_macro   0x0000000000002418       0x22 ./Drivers/Src/stm32f407xx_gpio_driver.o
 .debug_macro   0x000000000000243a       0x10 ./Drivers/Src/stm32f407xx_gpio_driver.o
 .debug_macro   0x000000000000244a       0x40 ./Drivers/Src/stm32f407xx_gpio_driver.o
 .debug_macro   0x000000000000248a       0xd5 ./Drivers/Src/stm32f407xx_gpio_driver.o
 .debug_macro   0x000000000000255f       0x1c ./Drivers/Src/stm32f407xx_gpio_driver.o
 .debug_macro   0x000000000000257b       0x3d ./Drivers/Src/stm32f407xx_gpio_driver.o
 .debug_macro   0x00000000000025b8       0x16 ./Drivers/Src/stm32f407xx_gpio_driver.o
 .debug_macro   0x00000000000025ce      0x137 ./Drivers/Src/stm32f407xx_gpio_driver.o
 .debug_macro   0x0000000000002705       0xb3 ./Drivers/Src/stm32f407xx_usart_driver.o
 .debug_macro   0x00000000000027b8      0x280 ./Src/main.o
 .debug_macro   0x0000000000002a38       0x4c ./Src/main.o
 .debug_macro   0x0000000000002a84       0x94 ./Src/main.o
 .debug_macro   0x0000000000002b18       0x57 ./Src/main.o
 .debug_macro   0x0000000000002b6f       0x97 ./Src/main.o
 .debug_macro   0x0000000000002c06      0x104 ./Src/main.o
 .debug_macro   0x0000000000002d0a      0x17c ./Src/main.o
 .debug_macro   0x0000000000002e86       0x10 ./Src/main.o
 .debug_macro   0x0000000000002e96      0x41e ./Src/main.o
 .debug_macro   0x00000000000032b4       0x10 ./Src/main.o
 .debug_macro   0x00000000000032c4       0x16 ./Src/main.o
 .debug_macro   0x00000000000032da       0x16 ./Src/main.o
 .debug_macro   0x00000000000032f0       0x29 ./Src/main.o
 .debug_macro   0x0000000000003319       0x1c ./Src/main.o
 .debug_macro   0x0000000000003335       0xde ./Src/main.o
 .debug_macro   0x0000000000003413      0x25e ./Src/syscalls.o
 .debug_macro   0x0000000000003671      0xaa2 ./Src/syscalls.o
 .debug_macro   0x0000000000004113       0x34 ./Src/syscalls.o
 .debug_macro   0x0000000000004147      0x174 ./Src/syscalls.o
 .debug_macro   0x00000000000042bb      0x339 ./Src/syscalls.o
 .debug_macro   0x00000000000045f4       0x43 ./Src/syscalls.o
 .debug_macro   0x0000000000004637       0x1c ./Src/syscalls.o
 .debug_macro   0x0000000000004653       0x10 ./Src/syscalls.o
 .debug_macro   0x0000000000004663       0x35 ./Src/syscalls.o
 .debug_macro   0x0000000000004698       0x10 ./Src/syscalls.o
 .debug_macro   0x00000000000046a8       0x10 ./Src/syscalls.o
 .debug_macro   0x00000000000046b8       0x35 ./Src/syscalls.o
 .debug_macro   0x00000000000046ed      0x12c ./Src/syscalls.o
 .debug_macro   0x0000000000004819       0x10 ./Src/syscalls.o
 .debug_macro   0x0000000000004829      0x241 ./Src/syscalls.o
 .debug_macro   0x0000000000004a6a       0x1c ./Src/syscalls.o
 .debug_macro   0x0000000000004a86       0x10 ./Src/syscalls.o
 .debug_macro   0x0000000000004a96      0x145 ./Src/syscalls.o
 .debug_macro   0x0000000000004bdb      0x189 ./Src/syscalls.o
 .debug_macro   0x0000000000004d64       0x16 ./Src/syscalls.o
 .debug_macro   0x0000000000004d7a       0xce ./Src/syscalls.o
 .debug_macro   0x0000000000004e48       0xff ./Src/sysmem.o
 .debug_macro   0x0000000000004f47      0x23b ./Src/sysmem.o

.debug_line     0x0000000000000000     0x2b62
 .debug_line    0x0000000000000000      0x47f ./Drivers/Src/stm32f407xx_adc_driver.o
 .debug_line    0x000000000000047f      0x9e1 ./Drivers/Src/stm32f407xx_gpio_driver.o
 .debug_line    0x0000000000000e60      0x58e ./Drivers/Src/stm32f407xx_usart_driver.o
 .debug_line    0x00000000000013ee      0x9cb ./Src/main.o
 .debug_line    0x0000000000001db9      0x832 ./Src/syscalls.o
 .debug_line    0x00000000000025eb      0x4f3 ./Src/sysmem.o
 .debug_line    0x0000000000002ade       0x84 ./Startup/startup_stm32f407vgtx.o

.debug_str      0x0000000000000000     0xe045
 .debug_str     0x0000000000000000     0x64fa ./Drivers/Src/stm32f407xx_adc_driver.o
                                       0x6722 (size before relaxing)
 .debug_str     0x00000000000064fa     0x44f9 ./Drivers/Src/stm32f407xx_gpio_driver.o
                                       0xaca4 (size before relaxing)
 .debug_str     0x000000000000a9f3      0x123 ./Drivers/Src/stm32f407xx_usart_driver.o
                                       0x6928 (size before relaxing)
 .debug_str     0x000000000000ab16     0x1aca ./Src/main.o
                                       0xc3dc (size before relaxing)
 .debug_str     0x000000000000c5e0     0x19ce ./Src/syscalls.o
                                       0x8f56 (size before relaxing)
 .debug_str     0x000000000000dfae       0x66 ./Src/sysmem.o
                                       0x6264 (size before relaxing)
 .debug_str     0x000000000000e014       0x31 ./Startup/startup_stm32f407vgtx.o
                                         0x6d (size before relaxing)

.comment        0x0000000000000000       0x53
 .comment       0x0000000000000000       0x53 ./Drivers/Src/stm32f407xx_adc_driver.o
                                         0x54 (size before relaxing)
 .comment       0x0000000000000053       0x54 ./Drivers/Src/stm32f407xx_gpio_driver.o
 .comment       0x0000000000000053       0x54 ./Drivers/Src/stm32f407xx_usart_driver.o
 .comment       0x0000000000000053       0x54 ./Src/main.o
 .comment       0x0000000000000053       0x54 ./Src/syscalls.o
 .comment       0x0000000000000053       0x54 ./Src/sysmem.o

.debug_frame    0x0000000000000000      0xf3c
 .debug_frame   0x0000000000000000       0x38 ./Drivers/Src/stm32f407xx_adc_driver.o
 .debug_frame   0x0000000000000038      0x260 ./Drivers/Src/stm32f407xx_gpio_driver.o
 .debug_frame   0x0000000000000298       0xf8 ./Drivers/Src/stm32f407xx_usart_driver.o
 .debug_frame   0x0000000000000390       0x98 ./Src/main.o
 .debug_frame   0x0000000000000428      0x2d4 ./Src/syscalls.o
 .debug_frame   0x00000000000006fc       0x34 ./Src/sysmem.o
 .debug_frame   0x0000000000000730       0x20 /home/khorton/st/stm32cubeide_1.8.0/plugins/com.st.stm32cube.ide.mcu.externaltools.gnu-tools-for-stm32.9-2020-q2-update.linux64_2.0.0.202105311346/tools/bin/../lib/gcc/arm-none-eabi/9.3.1/../../../../arm-none-eabi/lib/thumb/v7e-m/nofp/libc_nano.a(lib_a-errno.o)
 .debug_frame   0x0000000000000750       0x2c /home/khorton/st/stm32cubeide_1.8.0/plugins/com.st.stm32cube.ide.mcu.externaltools.gnu-tools-for-stm32.9-2020-q2-update.linux64_2.0.0.202105311346/tools/bin/../lib/gcc/arm-none-eabi/9.3.1/../../../../arm-none-eabi/lib/thumb/v7e-m/nofp/libc_nano.a(lib_a-init.o)
 .debug_frame   0x000000000000077c       0x20 /home/khorton/st/stm32cubeide_1.8.0/plugins/com.st.stm32cube.ide.mcu.externaltools.gnu-tools-for-stm32.9-2020-q2-update.linux64_2.0.0.202105311346/tools/bin/../lib/gcc/arm-none-eabi/9.3.1/../../../../arm-none-eabi/lib/thumb/v7e-m/nofp/libc_nano.a(lib_a-memset.o)
 .debug_frame   0x000000000000079c       0x74 /home/khorton/st/stm32cubeide_1.8.0/plugins/com.st.stm32cube.ide.mcu.externaltools.gnu-tools-for-stm32.9-2020-q2-update.linux64_2.0.0.202105311346/tools/bin/../lib/gcc/arm-none-eabi/9.3.1/../../../../arm-none-eabi/lib/thumb/v7e-m/nofp/libc_nano.a(lib_a-printf.o)
 .debug_frame   0x0000000000000810      0x14c /home/khorton/st/stm32cubeide_1.8.0/plugins/com.st.stm32cube.ide.mcu.externaltools.gnu-tools-for-stm32.9-2020-q2-update.linux64_2.0.0.202105311346/tools/bin/../lib/gcc/arm-none-eabi/9.3.1/../../../../arm-none-eabi/lib/thumb/v7e-m/nofp/libc_nano.a(lib_a-findfp.o)
 .debug_frame   0x000000000000095c       0x54 /home/khorton/st/stm32cubeide_1.8.0/plugins/com.st.stm32cube.ide.mcu.externaltools.gnu-tools-for-stm32.9-2020-q2-update.linux64_2.0.0.202105311346/tools/bin/../lib/gcc/arm-none-eabi/9.3.1/../../../../arm-none-eabi/lib/thumb/v7e-m/nofp/libc_nano.a(lib_a-fwalk.o)
 .debug_frame   0x00000000000009b0       0xb0 /home/khorton/st/stm32cubeide_1.8.0/plugins/com.st.stm32cube.ide.mcu.externaltools.gnu-tools-for-stm32.9-2020-q2-update.linux64_2.0.0.202105311346/tools/bin/../lib/gcc/arm-none-eabi/9.3.1/../../../../arm-none-eabi/lib/thumb/v7e-m/nofp/libc_nano.a(lib_a-lock.o)
 .debug_frame   0x0000000000000a60       0x30 /home/khorton/st/stm32cubeide_1.8.0/plugins/com.st.stm32cube.ide.mcu.externaltools.gnu-tools-for-stm32.9-2020-q2-update.linux64_2.0.0.202105311346/tools/bin/../lib/gcc/arm-none-eabi/9.3.1/../../../../arm-none-eabi/lib/thumb/v7e-m/nofp/libc_nano.a(lib_a-nano-mallocr.o)
 .debug_frame   0x0000000000000a90       0xac /home/khorton/st/stm32cubeide_1.8.0/plugins/com.st.stm32cube.ide.mcu.externaltools.gnu-tools-for-stm32.9-2020-q2-update.linux64_2.0.0.202105311346/tools/bin/../lib/gcc/arm-none-eabi/9.3.1/../../../../arm-none-eabi/lib/thumb/v7e-m/nofp/libc_nano.a(lib_a-nano-vfprintf.o)
 .debug_frame   0x0000000000000b3c       0x60 /home/khorton/st/stm32cubeide_1.8.0/plugins/com.st.stm32cube.ide.mcu.externaltools.gnu-tools-for-stm32.9-2020-q2-update.linux64_2.0.0.202105311346/tools/bin/../lib/gcc/arm-none-eabi/9.3.1/../../../../arm-none-eabi/lib/thumb/v7e-m/nofp/libc_nano.a(lib_a-nano-vfprintf_i.o)
 .debug_frame   0x0000000000000b9c       0x2c /home/khorton/st/stm32cubeide_1.8.0/plugins/com.st.stm32cube.ide.mcu.externaltools.gnu-tools-for-stm32.9-2020-q2-update.linux64_2.0.0.202105311346/tools/bin/../lib/gcc/arm-none-eabi/9.3.1/../../../../arm-none-eabi/lib/thumb/v7e-m/nofp/libc_nano.a(lib_a-sbrkr.o)
 .debug_frame   0x0000000000000bc8       0x88 /home/khorton/st/stm32cubeide_1.8.0/plugins/com.st.stm32cube.ide.mcu.externaltools.gnu-tools-for-stm32.9-2020-q2-update.linux64_2.0.0.202105311346/tools/bin/../lib/gcc/arm-none-eabi/9.3.1/../../../../arm-none-eabi/lib/thumb/v7e-m/nofp/libc_nano.a(lib_a-stdio.o)
 .debug_frame   0x0000000000000c50       0x40 /home/khorton/st/stm32cubeide_1.8.0/plugins/com.st.stm32cube.ide.mcu.externaltools.gnu-tools-for-stm32.9-2020-q2-update.linux64_2.0.0.202105311346/tools/bin/../lib/gcc/arm-none-eabi/9.3.1/../../../../arm-none-eabi/lib/thumb/v7e-m/nofp/libc_nano.a(lib_a-wbuf.o)
 .debug_frame   0x0000000000000c90       0x2c /home/khorton/st/stm32cubeide_1.8.0/plugins/com.st.stm32cube.ide.mcu.externaltools.gnu-tools-for-stm32.9-2020-q2-update.linux64_2.0.0.202105311346/tools/bin/../lib/gcc/arm-none-eabi/9.3.1/../../../../arm-none-eabi/lib/thumb/v7e-m/nofp/libc_nano.a(lib_a-writer.o)
 .debug_frame   0x0000000000000cbc       0x2c /home/khorton/st/stm32cubeide_1.8.0/plugins/com.st.stm32cube.ide.mcu.externaltools.gnu-tools-for-stm32.9-2020-q2-update.linux64_2.0.0.202105311346/tools/bin/../lib/gcc/arm-none-eabi/9.3.1/../../../../arm-none-eabi/lib/thumb/v7e-m/nofp/libc_nano.a(lib_a-wsetup.o)
 .debug_frame   0x0000000000000ce8       0x2c /home/khorton/st/stm32cubeide_1.8.0/plugins/com.st.stm32cube.ide.mcu.externaltools.gnu-tools-for-stm32.9-2020-q2-update.linux64_2.0.0.202105311346/tools/bin/../lib/gcc/arm-none-eabi/9.3.1/../../../../arm-none-eabi/lib/thumb/v7e-m/nofp/libc_nano.a(lib_a-closer.o)
 .debug_frame   0x0000000000000d14       0x5c /home/khorton/st/stm32cubeide_1.8.0/plugins/com.st.stm32cube.ide.mcu.externaltools.gnu-tools-for-stm32.9-2020-q2-update.linux64_2.0.0.202105311346/tools/bin/../lib/gcc/arm-none-eabi/9.3.1/../../../../arm-none-eabi/lib/thumb/v7e-m/nofp/libc_nano.a(lib_a-fflush.o)
 .debug_frame   0x0000000000000d70       0x2c /home/khorton/st/stm32cubeide_1.8.0/plugins/com.st.stm32cube.ide.mcu.externaltools.gnu-tools-for-stm32.9-2020-q2-update.linux64_2.0.0.202105311346/tools/bin/../lib/gcc/arm-none-eabi/9.3.1/../../../../arm-none-eabi/lib/thumb/v7e-m/nofp/libc_nano.a(lib_a-lseekr.o)
 .debug_frame   0x0000000000000d9c       0x58 /home/khorton/st/stm32cubeide_1.8.0/plugins/com.st.stm32cube.ide.mcu.externaltools.gnu-tools-for-stm32.9-2020-q2-update.linux64_2.0.0.202105311346/tools/bin/../lib/gcc/arm-none-eabi/9.3.1/../../../../arm-none-eabi/lib/thumb/v7e-m/nofp/libc_nano.a(lib_a-makebuf.o)
 .debug_frame   0x0000000000000df4       0x30 /home/khorton/st/stm32cubeide_1.8.0/plugins/com.st.stm32cube.ide.mcu.externaltools.gnu-tools-for-stm32.9-2020-q2-update.linux64_2.0.0.202105311346/tools/bin/../lib/gcc/arm-none-eabi/9.3.1/../../../../arm-none-eabi/lib/thumb/v7e-m/nofp/libc_nano.a(lib_a-mlock.o)
 .debug_frame   0x0000000000000e24       0x38 /home/khorton/st/stm32cubeide_1.8.0/plugins/com.st.stm32cube.ide.mcu.externaltools.gnu-tools-for-stm32.9-2020-q2-update.linux64_2.0.0.202105311346/tools/bin/../lib/gcc/arm-none-eabi/9.3.1/../../../../arm-none-eabi/lib/thumb/v7e-m/nofp/libc_nano.a(lib_a-nano-freer.o)
 .debug_frame   0x0000000000000e5c       0x2c /home/khorton/st/stm32cubeide_1.8.0/plugins/com.st.stm32cube.ide.mcu.externaltools.gnu-tools-for-stm32.9-2020-q2-update.linux64_2.0.0.202105311346/tools/bin/../lib/gcc/arm-none-eabi/9.3.1/../../../../arm-none-eabi/lib/thumb/v7e-m/nofp/libc_nano.a(lib_a-readr.o)
 .debug_frame   0x0000000000000e88       0x5c /home/khorton/st/stm32cubeide_1.8.0/plugins/com.st.stm32cube.ide.mcu.externaltools.gnu-tools-for-stm32.9-2020-q2-update.linux64_2.0.0.202105311346/tools/bin/../lib/gcc/arm-none-eabi/9.3.1/../../../../arm-none-eabi/lib/thumb/v7e-m/nofp/libc_nano.a(lib_a-reent.o)
 .debug_frame   0x0000000000000ee4       0x2c /home/khorton/st/stm32cubeide_1.8.0/plugins/com.st.stm32cube.ide.mcu.externaltools.gnu-tools-for-stm32.9-2020-q2-update.linux64_2.0.0.202105311346/tools/bin/../lib/gcc/arm-none-eabi/9.3.1/../../../../arm-none-eabi/lib/thumb/v7e-m/nofp/libc_nano.a(lib_a-fstatr.o)
 .debug_frame   0x0000000000000f10       0x2c /home/khorton/st/stm32cubeide_1.8.0/plugins/com.st.stm32cube.ide.mcu.externaltools.gnu-tools-for-stm32.9-2020-q2-update.linux64_2.0.0.202105311346/tools/bin/../lib/gcc/arm-none-eabi/9.3.1/../../../../arm-none-eabi/lib/thumb/v7e-m/nofp/libc_nano.a(lib_a-isattyr.o)
