stm32f407xx_gpio_driver.cpp:27:2:Gpio::PinConfig::PinConfig(uint8_t, uint8_t)	16	static
stm32f407xx_gpio_driver.cpp:29:2:Gpio::PinConfig::PinConfig(uint8_t, uint8_t, uint8_t)	16	static
stm32f407xx_gpio_driver.cpp:31:2:Gpio::PinConfig::PinConfig(uint8_t, uint8_t, uint8_t, uint8_t)	16	static
stm32f407xx_gpio_driver.cpp:34:2:Gpio::Handler::Handler(GPIO_RegDef_t*, Gpio::PinConfig_t*)	24	static
stm32f407xx_gpio_driver.cpp:60:7:void Gpio::PeriClockControl(GPIO_RegDef_t*, uint8_t)	16	static
stm32f407xx_gpio_driver.cpp:103:7:void Gpio::Init(Gpio::Handler_t*)	32	static
stm32f407xx_gpio_driver.cpp:208:7:void Gpio::DeInit(GPIO_RegDef_t*)	16	static
stm32f407xx_gpio_driver.cpp:242:10:uint8_t Gpio::ReadFromInputPin(GPIO_RegDef_t*, uint8_t)	16	static
stm32f407xx_gpio_driver.cpp:259:11:uint16_t Gpio::ReadFromInputPort(GPIO_RegDef_t*)	16	static
stm32f407xx_gpio_driver.cpp:277:7:void Gpio::WriteToOutputPin(GPIO_RegDef_t*, uint8_t, uint8_t)	24	static
stm32f407xx_gpio_driver.cpp:300:7:void Gpio::WriteToOutputPort(GPIO_RegDef_t*, uint16_t)	16	static
stm32f407xx_gpio_driver.cpp:318:7:void Gpio::ToggleOutputPin(GPIO_RegDef_t*, uint8_t)	16	static
stm32f407xx_gpio_driver.cpp:337:7:void Gpio::IRQConfig(uint8_t, uint8_t, uint8_t)	16	static
stm32f407xx_gpio_driver.cpp:353:7:void Gpio::IRQHandling()	4	static
stm32f407xx_gpio_driver.cpp:358:7:void Gpio::resetEXTI(uint8_t)	16	static
