stm32f407xx_gpio_driver.cpp:27:2:Gpio::PinConfig::PinConfig(uint8_t, uint8_t)	16	static
stm32f407xx_gpio_driver.cpp:33:2:Gpio::PinConfig::PinConfig(uint8_t, uint8_t, uint8_t)	16	static
stm32f407xx_gpio_driver.cpp:40:2:Gpio::PinConfig::PinConfig(uint8_t, uint8_t, uint8_t, uint8_t)	16	static
stm32f407xx_gpio_driver.cpp:48:2:Gpio::Handler::Handler(GPIO_RegDef_t*, Gpio::PinConfig_t*)	24	static
stm32f407xx_gpio_driver.cpp:78:7:void Gpio::PeriClockControl(GPIO_RegDef_t*, uint8_t)	16	static
stm32f407xx_gpio_driver.cpp:121:7:void Gpio::Init(Gpio::Handler_t*)	32	static
stm32f407xx_gpio_driver.cpp:226:7:void Gpio::DeInit(GPIO_RegDef_t*)	16	static
stm32f407xx_gpio_driver.cpp:260:10:uint8_t Gpio::ReadFromInputPin(GPIO_RegDef_t*, uint8_t)	16	static
stm32f407xx_gpio_driver.cpp:277:11:uint16_t Gpio::ReadFromInputPort(GPIO_RegDef_t*)	16	static
stm32f407xx_gpio_driver.cpp:295:7:void Gpio::WriteToOutputPin(GPIO_RegDef_t*, uint8_t, uint8_t)	24	static
stm32f407xx_gpio_driver.cpp:318:7:void Gpio::WriteToOutputPort(GPIO_RegDef_t*, uint16_t)	16	static
stm32f407xx_gpio_driver.cpp:336:7:void Gpio::ToggleOutputPin(GPIO_RegDef_t*, uint8_t)	16	static
stm32f407xx_gpio_driver.cpp:355:7:void Gpio::IRQConfig(uint8_t, uint8_t, uint8_t)	16	static
stm32f407xx_gpio_driver.cpp:371:7:void Gpio::IRQHandling()	4	static
stm32f407xx_gpio_driver.cpp:376:7:void Gpio::resetEXTI(uint8_t)	16	static
